go : 2026/03/14 
02:40:19 Connecting to 
database 
keuangan_keluarga on 
127.0.0.1:5432...
At line:1 char:1
+ go run 
test_balance_logic.go 
> test_output.txt 2>&1
+ ~~~~~~~~~~~~~~~~~~~~~
~~~~~~~~~~~~~~~~~~~~~~~
~~~~~~~
    + CategoryInfo     
         : NotSpecifi  
  ed: (2026/03/14 02   
 :4...7.0.0.1:5432.    
..:String) [], Rem    
oteException
    + FullyQualifiedEr 
   rorId : NativeComm  
  andError
 
2026/03/14 02:40:19 
Database connection 
established
2026/03/14 02:40:19 
Running AutoMigrate 
for core models...

2026/03/14 02:40:19 [32mC:/laragon/www/keuanganKeluarga/backend/internal/config/database.go:36
[0m[33m[0.507ms] [34;1m[rows:0][0m CREATE EXTENSION IF NOT EXISTS "uuid-ossp"

2026/03/14 02:40:19 [32mC:/laragon/www/keuanganKeluarga/backend/internal/config/database.go:39
[0m[33m[0.000ms] [34;1m[rows:0][0m CREATE EXTENSION IF NOT EXISTS "pgcrypto"

2026/03/14 02:40:19 [32mC:/laragon/www/keuanganKeluarga/backend/internal/config/database.go:43
[0m[33m[11.843ms] [34;1m[rows:1][0m SELECT count(*) FROM information_schema.tables WHERE table_schema = CURRENT_SCHEMA() AND table_name = 'budget_categories' AND table_type = 'BASE TABLE'

2026/03/14 02:40:19 [32mC:/laragon/www/keuanganKeluarga/backend/internal/config/database.go:43
[0m[33m[2.007ms] [34;1m[rows:1][0m SELECT CURRENT_DATABASE()

2026/03/14 02:40:19 [32mC:/laragon/www/keuanganKeluarga/backend/internal/config/database.go:43
[0m[33m[22.132ms] [34;1m[rows:-][0m SELECT c.column_name, c.is_nullable = 'YES', c.udt_name, c.character_maximum_length, c.numeric_precision, c.numeric_precision_radix, c.numeric_scale, c.datetime_precision, 8 * typlen, c.column_default, pd.description, c.identity_increment FROM information_schema.columns AS c JOIN pg_type AS pgt ON c.udt_name = pgt.typname LEFT JOIN pg_catalog.pg_description as pd ON pd.objsubid = c.ordinal_position AND pd.objoid = (SELECT oid FROM pg_catalog.pg_class WHERE relname = c.table_name AND relnamespace = (SELECT oid FROM pg_catalog.pg_namespace WHERE nspname = c.table_schema)) where table_catalog = 'keuangan_keluarga' AND table_schema = CURRENT_SCHEMA() AND table_name = 'budget_categories'

2026/03/14 02:40:19 [32mC:/laragon/www/keuanganKeluarga/backend/internal/config/database.go:43
[0m[33m[2.403ms] [34;1m[rows:-][0m SELECT * FROM "budget_categories" LIMIT 5

2026/03/14 02:40:19 [32mC:/laragon/www/keuanganKeluarga/backend/internal/config/database.go:43
[0m[33m[16.707ms] [34;1m[rows:-][0m SELECT constraint_name FROM information_schema.table_constraints tc JOIN information_schema.constraint_column_usage AS ccu USING (constraint_schema, constraint_catalog, table_name, constraint_name) JOIN information_schema.columns AS c ON c.table_schema = tc.constraint_schema AND tc.table_name = c.table_name AND ccu.column_name = c.column_name WHERE constraint_type IN ('PRIMARY KEY', 'UNIQUE') AND c.table_catalog = 'keuangan_keluarga' AND c.table_schema = CURRENT_SCHEMA() AND c.table_name = 'budget_categories' AND constraint_type = 'UNIQUE'

2026/03/14 02:40:19 [32mC:/laragon/www/keuanganKeluarga/backend/internal/config/database.go:43
[0m[33m[12.870ms] [34;1m[rows:-][0m SELECT c.column_name, constraint_name, constraint_type FROM information_schema.table_constraints tc JOIN information_schema.constraint_column_usage AS ccu USING (constraint_schema, constraint_catalog, table_name, constraint_name) JOIN information_schema.columns AS c ON c.table_schema = tc.constraint_schema AND tc.table_name = c.table_name AND ccu.column_name = c.column_name WHERE constraint_type IN ('PRIMARY KEY', 'UNIQUE') AND c.table_catalog = 'keuangan_keluarga' AND c.table_schema = CURRENT_SCHEMA() AND c.table_name = 'budget_categories'

2026/03/14 02:40:19 [32mC:/laragon/www/keuanganKeluarga/backend/internal/config/database.go:43
[0m[33m[0.000ms] [34;1m[rows:-][0m SELECT a.attname as column_name, format_type(a.atttypid, a.atttypmod) AS data_type
		FROM pg_attribute a JOIN pg_class b ON a.attrelid = b.oid AND relnamespace = (SELECT oid FROM pg_catalog.pg_namespace WHERE nspname = CURRENT_SCHEMA())
		WHERE a.attnum > 0 -- hide internal columns
		AND NOT a.attisdropped -- hide deleted columns
		AND b.relname = 'budget_categories'

2026/03/14 02:40:19 [32mC:/laragon/www/keuanganKeluarga/backend/internal/config/database.go:43
[0m[33m[3.662ms] [34;1m[rows:0][0m SELECT description FROM pg_catalog.pg_description WHERE objsubid = (SELECT ordinal_position FROM information_schema.columns WHERE table_schema = CURRENT_SCHEMA() AND table_name = 'budget_categories' AND column_name = 'id') AND objoid = (SELECT oid FROM pg_catalog.pg_class WHERE relname = 'budget_categories' AND relnamespace = (SELECT oid FROM pg_catalog.pg_namespace WHERE nspname = CURRENT_SCHEMA()))

2026/03/14 02:40:19 [32mC:/laragon/www/keuanganKeluarga/backend/internal/config/database.go:43
[0m[33m[3.069ms] [34;1m[rows:0][0m SELECT description FROM pg_catalog.pg_description WHERE objsubid = (SELECT ordinal_position FROM information_schema.columns WHERE table_schema = CURRENT_SCHEMA() AND table_name = 'budget_categories' AND column_name = 'family_id') AND objoid = (SELECT oid FROM pg_catalog.pg_class WHERE relname = 'budget_categories' AND relnamespace = (SELECT oid FROM pg_catalog.pg_namespace WHERE nspname = CURRENT_SCHEMA()))

2026/03/14 02:40:19 [32mC:/laragon/www/keuanganKeluarga/backend/internal/config/database.go:43
[0m[33m[3.527ms] [34;1m[rows:0][0m SELECT description FROM pg_catalog.pg_description WHERE objsubid = (SELECT ordinal_position FROM information_schema.columns WHERE table_schema = CURRENT_SCHEMA() AND table_name = 'budget_categories' AND column_name = 'name') AND objoid = (SELECT oid FROM pg_catalog.pg_class WHERE relname = 'budget_categories' AND relnamespace = (SELECT oid FROM pg_catalog.pg_namespace WHERE nspname = CURRENT_SCHEMA()))

2026/03/14 02:40:19 [32mC:/laragon/www/keuanganKeluarga/backend/internal/config/database.go:43
[0m[33m[3.983ms] [34;1m[rows:0][0m SELECT description FROM pg_catalog.pg_description WHERE objsubid = (SELECT ordinal_position FROM information_schema.columns WHERE table_schema = CURRENT_SCHEMA() AND table_name = 'budget_categories' AND column_name = 'percentage') AND objoid = (SELECT oid FROM pg_catalog.pg_class WHERE relname = 'budget_categories' AND relnamespace = (SELECT oid FROM pg_catalog.pg_namespace WHERE nspname = CURRENT_SCHEMA()))

2026/03/14 02:40:19 [32mC:/laragon/www/keuanganKeluarga/backend/internal/config/database.go:43
[0m[33m[3.492ms] [34;1m[rows:0][0m SELECT description FROM pg_catalog.pg_description WHERE objsubid = (SELECT ordinal_position FROM information_schema.columns WHERE table_schema = CURRENT_SCHEMA() AND table_name = 'budget_categories' AND column_name = 'description') AND objoid = (SELECT oid FROM pg_catalog.pg_class WHERE relname = 'budget_categories' AND relnamespace = (SELECT oid FROM pg_catalog.pg_namespace WHERE nspname = CURRENT_SCHEMA()))

2026/03/14 02:40:19 [32mC:/laragon/www/keuanganKeluarga/backend/internal/config/database.go:43
[0m[33m[4.682ms] [34;1m[rows:0][0m SELECT description FROM pg_catalog.pg_description WHERE objsubid = (SELECT ordinal_position FROM information_schema.columns WHERE table_schema = CURRENT_SCHEMA() AND table_name = 'budget_categories' AND column_name = 'icon') AND objoid = (SELECT oid FROM pg_catalog.pg_class WHERE relname = 'budget_categories' AND relnamespace = (SELECT oid FROM pg_catalog.pg_namespace WHERE nspname = CURRENT_SCHEMA()))

2026/03/14 02:40:19 [32mC:/laragon/www/keuanganKeluarga/backend/internal/config/database.go:43
[0m[33m[0.000ms] [34;1m[rows:0][0m SELECT description FROM pg_catalog.pg_description WHERE objsubid = (SELECT ordinal_position FROM information_schema.columns WHERE table_schema = CURRENT_SCHEMA() AND table_name = 'budget_categories' AND column_name = 'color') AND objoid = (SELECT oid FROM pg_catalog.pg_class WHERE relname = 'budget_categories' AND relnamespace = (SELECT oid FROM pg_catalog.pg_namespace WHERE nspname = CURRENT_SCHEMA()))

2026/03/14 02:40:19 [32mC:/laragon/www/keuanganKeluarga/backend/internal/config/database.go:43
[0m[33m[0.000ms] [34;1m[rows:0][0m SELECT description FROM pg_catalog.pg_description WHERE objsubid = (SELECT ordinal_position FROM information_schema.columns WHERE table_schema = CURRENT_SCHEMA() AND table_name = 'budget_categories' AND column_name = 'bg_color') AND objoid = (SELECT oid FROM pg_catalog.pg_class WHERE relname = 'budget_categories' AND relnamespace = (SELECT oid FROM pg_catalog.pg_namespace WHERE nspname = CURRENT_SCHEMA()))

2026/03/14 02:40:19 [32mC:/laragon/www/keuanganKeluarga/backend/internal/config/database.go:43
[0m[33m[1.508ms] [34;1m[rows:0][0m SELECT description FROM pg_catalog.pg_description WHERE objsubid = (SELECT ordinal_position FROM information_schema.columns WHERE table_schema = CURRENT_SCHEMA() AND table_name = 'budget_categories' AND column_name = 'order') AND objoid = (SELECT oid FROM pg_catalog.pg_class WHERE relname = 'budget_categories' AND relnamespace = (SELECT oid FROM pg_catalog.pg_namespace WHERE nspname = CURRENT_SCHEMA()))

2026/03/14 02:40:19 [32mC:/laragon/www/keuanganKeluarga/backend/internal/config/database.go:43
[0m[33m[1.030ms] [34;1m[rows:0][0m SELECT description FROM pg_catalog.pg_description WHERE objsubid = (SELECT ordinal_position FROM information_schema.columns WHERE table_schema = CURRENT_SCHEMA() AND table_name = 'budget_categories' AND column_name = 'created_at') AND objoid = (SELECT oid FROM pg_catalog.pg_class WHERE relname = 'budget_categories' AND relnamespace = (SELECT oid FROM pg_catalog.pg_namespace WHERE nspname = CURRENT_SCHEMA()))

2026/03/14 02:40:19 [32mC:/laragon/www/keuanganKeluarga/backend/internal/config/database.go:43
[0m[33m[0.000ms] [34;1m[rows:0][0m SELECT description FROM pg_catalog.pg_description WHERE objsubid = (SELECT ordinal_position FROM information_schema.columns WHERE table_schema = CURRENT_SCHEMA() AND table_name = 'budget_categories' AND column_name = 'updated_at') AND objoid = (SELECT oid FROM pg_catalog.pg_class WHERE relname = 'budget_categories' AND relnamespace = (SELECT oid FROM pg_catalog.pg_namespace WHERE nspname = CURRENT_SCHEMA()))

2026/03/14 02:40:19 [32mC:/laragon/www/keuanganKeluarga/backend/internal/config/database.go:43
[0m[33m[5.591ms] [34;1m[rows:1][0m SELECT count(*) FROM pg_indexes WHERE tablename = 'budget_categories' AND indexname = 'idx_budget_categories_family_id' AND schemaname = CURRENT_SCHEMA()

2026/03/14 02:40:19 [32mC:/laragon/www/keuanganKeluarga/backend/internal/config/database.go:43
[0m[33m[1.408ms] [34;1m[rows:1][0m SELECT count(*) FROM information_schema.tables WHERE table_schema = CURRENT_SCHEMA() AND table_name = 'users' AND table_type = 'BASE TABLE'

2026/03/14 02:40:19 [32mC:/laragon/www/keuanganKeluarga/backend/internal/config/database.go:43
[0m[33m[0.000ms] [34;1m[rows:1][0m SELECT CURRENT_DATABASE()

2026/03/14 02:40:19 [32mC:/laragon/www/keuanganKeluarga/backend/internal/config/database.go:43
[0m[33m[8.688ms] [34;1m[rows:-][0m SELECT c.column_name, c.is_nullable = 'YES', c.udt_name, c.character_maximum_length, c.numeric_precision, c.numeric_precision_radix, c.numeric_scale, c.datetime_precision, 8 * typlen, c.column_default, pd.description, c.identity_increment FROM information_schema.columns AS c JOIN pg_type AS pgt ON c.udt_name = pgt.typname LEFT JOIN pg_catalog.pg_description as pd ON pd.objsubid = c.ordinal_position AND pd.objoid = (SELECT oid FROM pg_catalog.pg_class WHERE relname = c.table_name AND relnamespace = (SELECT oid FROM pg_catalog.pg_namespace WHERE nspname = c.table_schema)) where table_catalog = 'keuangan_keluarga' AND table_schema = CURRENT_SCHEMA() AND table_name = 'users'

2026/03/14 02:40:19 [32mC:/laragon/www/keuanganKeluarga/backend/internal/config/database.go:43
[0m[33m[4.031ms] [34;1m[rows:-][0m SELECT * FROM "users" LIMIT 5

2026/03/14 02:40:19 [32mC:/laragon/www/keuanganKeluarga/backend/internal/config/database.go:43
[0m[33m[10.250ms] [34;1m[rows:-][0m SELECT constraint_name FROM information_schema.table_constraints tc JOIN information_schema.constraint_column_usage AS ccu USING (constraint_schema, constraint_catalog, table_name, constraint_name) JOIN information_schema.columns AS c ON c.table_schema = tc.constraint_schema AND tc.table_name = c.table_name AND ccu.column_name = c.column_name WHERE constraint_type IN ('PRIMARY KEY', 'UNIQUE') AND c.table_catalog = 'keuangan_keluarga' AND c.table_schema = CURRENT_SCHEMA() AND c.table_name = 'users' AND constraint_type = 'UNIQUE'

2026/03/14 02:40:19 [32mC:/laragon/www/keuanganKeluarga/backend/internal/config/database.go:43
[0m[33m[12.837ms] [34;1m[rows:-][0m SELECT c.column_name, constraint_name, constraint_type FROM information_schema.table_constraints tc JOIN information_schema.constraint_column_usage AS ccu USING (constraint_schema, constraint_catalog, table_name, constraint_name) JOIN information_schema.columns AS c ON c.table_schema = tc.constraint_schema AND tc.table_name = c.table_name AND ccu.column_name = c.column_name WHERE constraint_type IN ('PRIMARY KEY', 'UNIQUE') AND c.table_catalog = 'keuangan_keluarga' AND c.table_schema = CURRENT_SCHEMA() AND c.table_name = 'users'

2026/03/14 02:40:19 [32mC:/laragon/www/keuanganKeluarga/backend/internal/config/database.go:43
[0m[33m[0.000ms] [34;1m[rows:-][0m SELECT a.attname as column_name, format_type(a.atttypid, a.atttypmod) AS data_type
		FROM pg_attribute a JOIN pg_class b ON a.attrelid = b.oid AND relnamespace = (SELECT oid FROM pg_catalog.pg_namespace WHERE nspname = CURRENT_SCHEMA())
		WHERE a.attnum > 0 -- hide internal columns
		AND NOT a.attisdropped -- hide deleted columns
		AND b.relname = 'users'

2026/03/14 02:40:19 [32mC:/laragon/www/keuanganKeluarga/backend/internal/config/database.go:43
[0m[33m[0.000ms] [34;1m[rows:0][0m SELECT description FROM pg_catalog.pg_description WHERE objsubid = (SELECT ordinal_position FROM information_schema.columns WHERE table_schema = CURRENT_SCHEMA() AND table_name = 'users' AND column_name = 'id') AND objoid = (SELECT oid FROM pg_catalog.pg_class WHERE relname = 'users' AND relnamespace = (SELECT oid FROM pg_catalog.pg_namespace WHERE nspname = CURRENT_SCHEMA()))

2026/03/14 02:40:19 [32mC:/laragon/www/keuanganKeluarga/backend/internal/config/database.go:43
[0m[33m[2.013ms] [34;1m[rows:0][0m SELECT description FROM pg_catalog.pg_description WHERE objsubid = (SELECT ordinal_position FROM information_schema.columns WHERE table_schema = CURRENT_SCHEMA() AND table_name = 'users' AND column_name = 'email') AND objoid = (SELECT oid FROM pg_catalog.pg_class WHERE relname = 'users' AND relnamespace = (SELECT oid FROM pg_catalog.pg_namespace WHERE nspname = CURRENT_SCHEMA()))

2026/03/14 02:40:19 [32mC:/laragon/www/keuanganKeluarga/backend/internal/config/database.go:43
[0m[33m[0.000ms] [34;1m[rows:0][0m SELECT description FROM pg_catalog.pg_description WHERE objsubid = (SELECT ordinal_position FROM information_schema.columns WHERE table_schema = CURRENT_SCHEMA() AND table_name = 'users' AND column_name = 'phone_number') AND objoid = (SELECT oid FROM pg_catalog.pg_class WHERE relname = 'users' AND relnamespace = (SELECT oid FROM pg_catalog.pg_namespace WHERE nspname = CURRENT_SCHEMA()))

2026/03/14 02:40:19 [32mC:/laragon/www/keuanganKeluarga/backend/internal/config/database.go:43
[0m[33m[0.000ms] [34;1m[rows:0][0m SELECT description FROM pg_catalog.pg_description WHERE objsubid = (SELECT ordinal_position FROM information_schema.columns WHERE table_schema = CURRENT_SCHEMA() AND table_name = 'users' AND column_name = 'password_hash') AND objoid = (SELECT oid FROM pg_catalog.pg_class WHERE relname = 'users' AND relnamespace = (SELECT oid FROM pg_catalog.pg_namespace WHERE nspname = CURRENT_SCHEMA()))

2026/03/14 02:40:19 [32mC:/laragon/www/keuanganKeluarga/backend/internal/config/database.go:43
[0m[33m[2.007ms] [34;1m[rows:0][0m SELECT description FROM pg_catalog.pg_description WHERE objsubid = (SELECT ordinal_position FROM information_schema.columns WHERE table_schema = CURRENT_SCHEMA() AND table_name = 'users' AND column_name = 'full_name') AND objoid = (SELECT oid FROM pg_catalog.pg_class WHERE relname = 'users' AND relnamespace = (SELECT oid FROM pg_catalog.pg_namespace WHERE nspname = CURRENT_SCHEMA()))

2026/03/14 02:40:19 [32mC:/laragon/www/keuanganKeluarga/backend/internal/config/database.go:43
[0m[33m[0.000ms] [34;1m[rows:0][0m SELECT description FROM pg_catalog.pg_description WHERE objsubid = (SELECT ordinal_position FROM information_schema.columns WHERE table_schema = CURRENT_SCHEMA() AND table_name = 'users' AND column_name = 'role') AND objoid = (SELECT oid FROM pg_catalog.pg_class WHERE relname = 'users' AND relnamespace = (SELECT oid FROM pg_catalog.pg_namespace WHERE nspname = CURRENT_SCHEMA()))

2026/03/14 02:40:19 [32mC:/laragon/www/keuanganKeluarga/backend/internal/config/database.go:43
[0m[33m[0.863ms] [34;1m[rows:0][0m SELECT description FROM pg_catalog.pg_description WHERE objsubid = (SELECT ordinal_position FROM information_schema.columns WHERE table_schema = CURRENT_SCHEMA() AND table_name = 'users' AND column_name = 'is_verified') AND objoid = (SELECT oid FROM pg_catalog.pg_class WHERE relname = 'users' AND relnamespace = (SELECT oid FROM pg_catalog.pg_namespace WHERE nspname = CURRENT_SCHEMA()))

2026/03/14 02:40:19 [32mC:/laragon/www/keuanganKeluarga/backend/internal/config/database.go:43
[0m[33m[0.000ms] [34;1m[rows:0][0m SELECT description FROM pg_catalog.pg_description WHERE objsubid = (SELECT ordinal_position FROM information_schema.columns WHERE table_schema = CURRENT_SCHEMA() AND table_name = 'users' AND column_name = 'verify_otp') AND objoid = (SELECT oid FROM pg_catalog.pg_class WHERE relname = 'users' AND relnamespace = (SELECT oid FROM pg_catalog.pg_namespace WHERE nspname = CURRENT_SCHEMA()))

2026/03/14 02:40:19 [32mC:/laragon/www/keuanganKeluarga/backend/internal/config/database.go:43
[0m[33m[1.006ms] [34;1m[rows:0][0m SELECT description FROM pg_catalog.pg_description WHERE objsubid = (SELECT ordinal_position FROM information_schema.columns WHERE table_schema = CURRENT_SCHEMA() AND table_name = 'users' AND column_name = 'otp_expires_at') AND objoid = (SELECT oid FROM pg_catalog.pg_class WHERE relname = 'users' AND relnamespace = (SELECT oid FROM pg_catalog.pg_namespace WHERE nspname = CURRENT_SCHEMA()))

2026/03/14 02:40:19 [32mC:/laragon/www/keuanganKeluarga/backend/internal/config/database.go:43
[0m[33m[1.017ms] [34;1m[rows:0][0m SELECT description FROM pg_catalog.pg_description WHERE objsubid = (SELECT ordinal_position FROM information_schema.columns WHERE table_schema = CURRENT_SCHEMA() AND table_name = 'users' AND column_name = 'reset_token') AND objoid = (SELECT oid FROM pg_catalog.pg_class WHERE relname = 'users' AND relnamespace = (SELECT oid FROM pg_catalog.pg_namespace WHERE nspname = CURRENT_SCHEMA()))

2026/03/14 02:40:19 [32mC:/laragon/www/keuanganKeluarga/backend/internal/config/database.go:43
[0m[33m[3.963ms] [34;1m[rows:0][0m SELECT description FROM pg_catalog.pg_description WHERE objsubid = (SELECT ordinal_position FROM information_schema.columns WHERE table_schema = CURRENT_SCHEMA() AND table_name = 'users' AND column_name = 'reset_expires') AND objoid = (SELECT oid FROM pg_catalog.pg_class WHERE relname = 'users' AND relnamespace = (SELECT oid FROM pg_catalog.pg_namespace WHERE nspname = CURRENT_SCHEMA()))

2026/03/14 02:40:19 [32mC:/laragon/www/keuanganKeluarga/backend/internal/config/database.go:43
[0m[33m[5.011ms] [34;1m[rows:0][0m SELECT description FROM pg_catalog.pg_description WHERE objsubid = (SELECT ordinal_position FROM information_schema.columns WHERE table_schema = CURRENT_SCHEMA() AND table_name = 'users' AND column_name = 'is_blocked') AND objoid = (SELECT oid FROM pg_catalog.pg_class WHERE relname = 'users' AND relnamespace = (SELECT oid FROM pg_catalog.pg_namespace WHERE nspname = CURRENT_SCHEMA()))

2026/03/14 02:40:19 [32mC:/laragon/www/keuanganKeluarga/backend/internal/config/database.go:43
[0m[33m[5.260ms] [34;1m[rows:0][0m SELECT description FROM pg_catalog.pg_description WHERE objsubid = (SELECT ordinal_position FROM information_schema.columns WHERE table_schema = CURRENT_SCHEMA() AND table_name = 'users' AND column_name = 'created_at') AND objoid = (SELECT oid FROM pg_catalog.pg_class WHERE relname = 'users' AND relnamespace = (SELECT oid FROM pg_catalog.pg_namespace WHERE nspname = CURRENT_SCHEMA()))

2026/03/14 02:40:19 [32mC:/laragon/www/keuanganKeluarga/backend/internal/config/database.go:43
[0m[33m[6.267ms] [34;1m[rows:1][0m SELECT count(*) FROM pg_indexes WHERE tablename = 'users' AND indexname = 'idx_users_email' AND schemaname = CURRENT_SCHEMA()

2026/03/14 02:40:19 [32mC:/laragon/www/keuanganKeluarga/backend/internal/config/database.go:43
[0m[33m[5.201ms] [34;1m[rows:1][0m SELECT count(*) FROM pg_indexes WHERE tablename = 'users' AND indexname = 'idx_users_phone' AND schemaname = CURRENT_SCHEMA()

2026/03/14 02:40:19 [32mC:/laragon/www/keuanganKeluarga/backend/internal/config/database.go:43
[0m[33m[2.125ms] [34;1m[rows:1][0m SELECT count(*) FROM pg_indexes WHERE tablename = 'users' AND indexname = 'idx_users_reset_token' AND schemaname = CURRENT_SCHEMA()

2026/03/14 02:40:19 [32mC:/laragon/www/keuanganKeluarga/backend/internal/config/database.go:43
[0m[33m[4.079ms] [34;1m[rows:1][0m SELECT count(*) FROM information_schema.tables WHERE table_schema = CURRENT_SCHEMA() AND table_name = 'families' AND table_type = 'BASE TABLE'

2026/03/14 02:40:19 [32mC:/laragon/www/keuanganKeluarga/backend/internal/config/database.go:43
[0m[33m[0.000ms] [34;1m[rows:1][0m SELECT CURRENT_DATABASE()

2026/03/14 02:40:19 [32mC:/laragon/www/keuanganKeluarga/backend/internal/config/database.go:43
[0m[33m[10.771ms] [34;1m[rows:-][0m SELECT c.column_name, c.is_nullable = 'YES', c.udt_name, c.character_maximum_length, c.numeric_precision, c.numeric_precision_radix, c.numeric_scale, c.datetime_precision, 8 * typlen, c.column_default, pd.description, c.identity_increment FROM information_schema.columns AS c JOIN pg_type AS pgt ON c.udt_name = pgt.typname LEFT JOIN pg_catalog.pg_description as pd ON pd.objsubid = c.ordinal_position AND pd.objoid = (SELECT oid FROM pg_catalog.pg_class WHERE relname = c.table_name AND relnamespace = (SELECT oid FROM pg_catalog.pg_namespace WHERE nspname = c.table_schema)) where table_catalog = 'keuangan_keluarga' AND table_schema = CURRENT_SCHEMA() AND table_name = 'families'

2026/03/14 02:40:19 [32mC:/laragon/www/keuanganKeluarga/backend/internal/config/database.go:43
[0m[33m[1.805ms] [34;1m[rows:-][0m SELECT * FROM "families" LIMIT 5

2026/03/14 02:40:19 [32mC:/laragon/www/keuanganKeluarga/backend/internal/config/database.go:43
[0m[33m[17.417ms] [34;1m[rows:-][0m SELECT constraint_name FROM information_schema.table_constraints tc JOIN information_schema.constraint_column_usage AS ccu USING (constraint_schema, constraint_catalog, table_name, constraint_name) JOIN information_schema.columns AS c ON c.table_schema = tc.constraint_schema AND tc.table_name = c.table_name AND ccu.column_name = c.column_name WHERE constraint_type IN ('PRIMARY KEY', 'UNIQUE') AND c.table_catalog = 'keuangan_keluarga' AND c.table_schema = CURRENT_SCHEMA() AND c.table_name = 'families' AND constraint_type = 'UNIQUE'

2026/03/14 02:40:19 [32mC:/laragon/www/keuanganKeluarga/backend/internal/config/database.go:43
[0m[33m[17.401ms] [34;1m[rows:-][0m SELECT c.column_name, constraint_name, constraint_type FROM information_schema.table_constraints tc JOIN information_schema.constraint_column_usage AS ccu USING (constraint_schema, constraint_catalog, table_name, constraint_name) JOIN information_schema.columns AS c ON c.table_schema = tc.constraint_schema AND tc.table_name = c.table_name AND ccu.column_name = c.column_name WHERE constraint_type IN ('PRIMARY KEY', 'UNIQUE') AND c.table_catalog = 'keuangan_keluarga' AND c.table_schema = CURRENT_SCHEMA() AND c.table_name = 'families'

2026/03/14 02:40:19 [32mC:/laragon/www/keuanganKeluarga/backend/internal/config/database.go:43
[0m[33m[5.960ms] [34;1m[rows:-][0m SELECT a.attname as column_name, format_type(a.atttypid, a.atttypmod) AS data_type
		FROM pg_attribute a JOIN pg_class b ON a.attrelid = b.oid AND relnamespace = (SELECT oid FROM pg_catalog.pg_namespace WHERE nspname = CURRENT_SCHEMA())
		WHERE a.attnum > 0 -- hide internal columns
		AND NOT a.attisdropped -- hide deleted columns
		AND b.relname = 'families'

2026/03/14 02:40:19 [32mC:/laragon/www/keuanganKeluarga/backend/internal/config/database.go:43
[0m[33m[5.822ms] [34;1m[rows:0][0m SELECT description FROM pg_catalog.pg_description WHERE objsubid = (SELECT ordinal_position FROM information_schema.columns WHERE table_schema = CURRENT_SCHEMA() AND table_name = 'families' AND column_name = 'id') AND objoid = (SELECT oid FROM pg_catalog.pg_class WHERE relname = 'families' AND relnamespace = (SELECT oid FROM pg_catalog.pg_namespace WHERE nspname = CURRENT_SCHEMA()))

2026/03/14 02:40:19 [32mC:/laragon/www/keuanganKeluarga/backend/internal/config/database.go:43
[0m[33m[1.475ms] [34;1m[rows:0][0m SELECT description FROM pg_catalog.pg_description WHERE objsubid = (SELECT ordinal_position FROM information_schema.columns WHERE table_schema = CURRENT_SCHEMA() AND table_name = 'families' AND column_name = 'name') AND objoid = (SELECT oid FROM pg_catalog.pg_class WHERE relname = 'families' AND relnamespace = (SELECT oid FROM pg_catalog.pg_namespace WHERE nspname = CURRENT_SCHEMA()))

2026/03/14 02:40:19 [32mC:/laragon/www/keuanganKeluarga/backend/internal/config/database.go:43
[0m[33m[0.000ms] [34;1m[rows:0][0m SELECT description FROM pg_catalog.pg_description WHERE objsubid = (SELECT ordinal_position FROM information_schema.columns WHERE table_schema = CURRENT_SCHEMA() AND table_name = 'families' AND column_name = 'photo_url') AND objoid = (SELECT oid FROM pg_catalog.pg_class WHERE relname = 'families' AND relnamespace = (SELECT oid FROM pg_catalog.pg_namespace WHERE nspname = CURRENT_SCHEMA()))

2026/03/14 02:40:19 [32mC:/laragon/www/keuanganKeluarga/backend/internal/config/database.go:43
[0m[33m[1.018ms] [34;1m[rows:0][0m SELECT description FROM pg_catalog.pg_description WHERE objsubid = (SELECT ordinal_position FROM information_schema.columns WHERE table_schema = CURRENT_SCHEMA() AND table_name = 'families' AND column_name = 'application_id') AND objoid = (SELECT oid FROM pg_catalog.pg_class WHERE relname = 'families' AND relnamespace = (SELECT oid FROM pg_catalog.pg_namespace WHERE nspname = CURRENT_SCHEMA()))

2026/03/14 02:40:19 [32mC:/laragon/www/keuanganKeluarga/backend/internal/config/database.go:43
[0m[33m[3.845ms] [34;1m[rows:0][0m SELECT description FROM pg_catalog.pg_description WHERE objsubid = (SELECT ordinal_position FROM information_schema.columns WHERE table_schema = CURRENT_SCHEMA() AND table_name = 'families' AND column_name = 'subscription_plan') AND objoid = (SELECT oid FROM pg_catalog.pg_class WHERE relname = 'families' AND relnamespace = (SELECT oid FROM pg_catalog.pg_namespace WHERE nspname = CURRENT_SCHEMA()))

2026/03/14 02:40:19 [32mC:/laragon/www/keuanganKeluarga/backend/internal/config/database.go:43
[0m[33m[0.992ms] [34;1m[rows:0][0m SELECT description FROM pg_catalog.pg_description WHERE objsubid = (SELECT ordinal_position FROM information_schema.columns WHERE table_schema = CURRENT_SCHEMA() AND table_name = 'families' AND column_name = 'status') AND objoid = (SELECT oid FROM pg_catalog.pg_class WHERE relname = 'families' AND relnamespace = (SELECT oid FROM pg_catalog.pg_namespace WHERE nspname = CURRENT_SCHEMA()))

2026/03/14 02:40:19 [32mC:/laragon/www/keuanganKeluarga/backend/internal/config/database.go:43
[0m[33m[1.131ms] [34;1m[rows:0][0m SELECT description FROM pg_catalog.pg_description WHERE objsubid = (SELECT ordinal_position FROM information_schema.columns WHERE table_schema = CURRENT_SCHEMA() AND table_name = 'families' AND column_name = 'trial_ends_at') AND objoid = (SELECT oid FROM pg_catalog.pg_class WHERE relname = 'families' AND relnamespace = (SELECT oid FROM pg_catalog.pg_namespace WHERE nspname = CURRENT_SCHEMA()))

2026/03/14 02:40:19 [32mC:/laragon/www/keuanganKeluarga/backend/internal/config/database.go:43
[0m[33m[10.014ms] [34;1m[rows:0][0m SELECT description FROM pg_catalog.pg_description WHERE objsubid = (SELECT ordinal_position FROM information_schema.columns WHERE table_schema = CURRENT_SCHEMA() AND table_name = 'families' AND column_name = 'subscription_ends_at') AND objoid = (SELECT oid FROM pg_catalog.pg_class WHERE relname = 'families' AND relnamespace = (SELECT oid FROM pg_catalog.pg_namespace WHERE nspname = CURRENT_SCHEMA()))

2026/03/14 02:40:19 [32mC:/laragon/www/keuanganKeluarga/backend/internal/config/database.go:43
[0m[33m[2.273ms] [34;1m[rows:0][0m SELECT description FROM pg_catalog.pg_description WHERE objsubid = (SELECT ordinal_position FROM information_schema.columns WHERE table_schema = CURRENT_SCHEMA() AND table_name = 'families' AND column_name = 'monthly_budget') AND objoid = (SELECT oid FROM pg_catalog.pg_class WHERE relname = 'families' AND relnamespace = (SELECT oid FROM pg_catalog.pg_namespace WHERE nspname = CURRENT_SCHEMA()))

2026/03/14 02:40:19 [32mC:/laragon/www/keuanganKeluarga/backend/internal/config/database.go:43
[0m[33m[2.782ms] [34;1m[rows:0][0m SELECT description FROM pg_catalog.pg_description WHERE objsubid = (SELECT ordinal_position FROM information_schema.columns WHERE table_schema = CURRENT_SCHEMA() AND table_name = 'families' AND column_name = 'created_at') AND objoid = (SELECT oid FROM pg_catalog.pg_class WHERE relname = 'families' AND relnamespace = (SELECT oid FROM pg_catalog.pg_namespace WHERE nspname = CURRENT_SCHEMA()))

2026/03/14 02:40:19 [32mC:/laragon/www/keuanganKeluarga/backend/internal/config/database.go:43
[0m[33m[1.518ms] [34;1m[rows:1][0m SELECT count(*) FROM information_schema.tables WHERE table_schema = CURRENT_SCHEMA() AND table_name = 'family_members' AND table_type = 'BASE TABLE'

2026/03/14 02:40:19 [32mC:/laragon/www/keuanganKeluarga/backend/internal/config/database.go:43
[0m[33m[0.922ms] [34;1m[rows:1][0m SELECT CURRENT_DATABASE()

2026/03/14 02:40:19 [32mC:/laragon/www/keuanganKeluarga/backend/internal/config/database.go:43
[0m[33m[9.948ms] [34;1m[rows:-][0m SELECT c.column_name, c.is_nullable = 'YES', c.udt_name, c.character_maximum_length, c.numeric_precision, c.numeric_precision_radix, c.numeric_scale, c.datetime_precision, 8 * typlen, c.column_default, pd.description, c.identity_increment FROM information_schema.columns AS c JOIN pg_type AS pgt ON c.udt_name = pgt.typname LEFT JOIN pg_catalog.pg_description as pd ON pd.objsubid = c.ordinal_position AND pd.objoid = (SELECT oid FROM pg_catalog.pg_class WHERE relname = c.table_name AND relnamespace = (SELECT oid FROM pg_catalog.pg_namespace WHERE nspname = c.table_schema)) where table_catalog = 'keuangan_keluarga' AND table_schema = CURRENT_SCHEMA() AND table_name = 'family_members'

2026/03/14 02:40:19 [32mC:/laragon/www/keuanganKeluarga/backend/internal/config/database.go:43
[0m[33m[1.876ms] [34;1m[rows:-][0m SELECT * FROM "family_members" LIMIT 5

2026/03/14 02:40:19 [32mC:/laragon/www/keuanganKeluarga/backend/internal/config/database.go:43
[0m[33m[8.794ms] [34;1m[rows:-][0m SELECT constraint_name FROM information_schema.table_constraints tc JOIN information_schema.constraint_column_usage AS ccu USING (constraint_schema, constraint_catalog, table_name, constraint_name) JOIN information_schema.columns AS c ON c.table_schema = tc.constraint_schema AND tc.table_name = c.table_name AND ccu.column_name = c.column_name WHERE constraint_type IN ('PRIMARY KEY', 'UNIQUE') AND c.table_catalog = 'keuangan_keluarga' AND c.table_schema = CURRENT_SCHEMA() AND c.table_name = 'family_members' AND constraint_type = 'UNIQUE'

2026/03/14 02:40:19 [32mC:/laragon/www/keuanganKeluarga/backend/internal/config/database.go:43
[0m[33m[21.229ms] [34;1m[rows:-][0m SELECT c.column_name, constraint_name, constraint_type FROM information_schema.table_constraints tc JOIN information_schema.constraint_column_usage AS ccu USING (constraint_schema, constraint_catalog, table_name, constraint_name) JOIN information_schema.columns AS c ON c.table_schema = tc.constraint_schema AND tc.table_name = c.table_name AND ccu.column_name = c.column_name WHERE constraint_type IN ('PRIMARY KEY', 'UNIQUE') AND c.table_catalog = 'keuangan_keluarga' AND c.table_schema = CURRENT_SCHEMA() AND c.table_name = 'family_members'

2026/03/14 02:40:19 [32mC:/laragon/www/keuanganKeluarga/backend/internal/config/database.go:43
[0m[33m[1.478ms] [34;1m[rows:-][0m SELECT a.attname as column_name, format_type(a.atttypid, a.atttypmod) AS data_type
		FROM pg_attribute a JOIN pg_class b ON a.attrelid = b.oid AND relnamespace = (SELECT oid FROM pg_catalog.pg_namespace WHERE nspname = CURRENT_SCHEMA())
		WHERE a.attnum > 0 -- hide internal columns
		AND NOT a.attisdropped -- hide deleted columns
		AND b.relname = 'family_members'

2026/03/14 02:40:19 [32mC:/laragon/www/keuanganKeluarga/backend/internal/config/database.go:43
[0m[33m[0.622ms] [34;1m[rows:0][0m SELECT description FROM pg_catalog.pg_description WHERE objsubid = (SELECT ordinal_position FROM information_schema.columns WHERE table_schema = CURRENT_SCHEMA() AND table_name = 'family_members' AND column_name = 'id') AND objoid = (SELECT oid FROM pg_catalog.pg_class WHERE relname = 'family_members' AND relnamespace = (SELECT oid FROM pg_catalog.pg_namespace WHERE nspname = CURRENT_SCHEMA()))

2026/03/14 02:40:19 [32mC:/laragon/www/keuanganKeluarga/backend/internal/config/database.go:43
[0m[33m[0.746ms] [34;1m[rows:0][0m SELECT description FROM pg_catalog.pg_description WHERE objsubid = (SELECT ordinal_position FROM information_schema.columns WHERE table_schema = CURRENT_SCHEMA() AND table_name = 'family_members' AND column_name = 'family_id') AND objoid = (SELECT oid FROM pg_catalog.pg_class WHERE relname = 'family_members' AND relnamespace = (SELECT oid FROM pg_catalog.pg_namespace WHERE nspname = CURRENT_SCHEMA()))

2026/03/14 02:40:19 [32mC:/laragon/www/keuanganKeluarga/backend/internal/config/database.go:43
[0m[33m[0.509ms] [34;1m[rows:0][0m SELECT description FROM pg_catalog.pg_description WHERE objsubid = (SELECT ordinal_position FROM information_schema.columns WHERE table_schema = CURRENT_SCHEMA() AND table_name = 'family_members' AND column_name = 'user_id') AND objoid = (SELECT oid FROM pg_catalog.pg_class WHERE relname = 'family_members' AND relnamespace = (SELECT oid FROM pg_catalog.pg_namespace WHERE nspname = CURRENT_SCHEMA()))

2026/03/14 02:40:19 [32mC:/laragon/www/keuanganKeluarga/backend/internal/config/database.go:43
[0m[33m[0.561ms] [34;1m[rows:0][0m SELECT description FROM pg_catalog.pg_description WHERE objsubid = (SELECT ordinal_position FROM information_schema.columns WHERE table_schema = CURRENT_SCHEMA() AND table_name = 'family_members' AND column_name = 'role') AND objoid = (SELECT oid FROM pg_catalog.pg_class WHERE relname = 'family_members' AND relnamespace = (SELECT oid FROM pg_catalog.pg_namespace WHERE nspname = CURRENT_SCHEMA()))

2026/03/14 02:40:19 [32mC:/laragon/www/keuanganKeluarga/backend/internal/config/database.go:43
[0m[33m[0.511ms] [34;1m[rows:0][0m SELECT description FROM pg_catalog.pg_description WHERE objsubid = (SELECT ordinal_position FROM information_schema.columns WHERE table_schema = CURRENT_SCHEMA() AND table_name = 'family_members' AND column_name = 'joined_at') AND objoid = (SELECT oid FROM pg_catalog.pg_class WHERE relname = 'family_members' AND relnamespace = (SELECT oid FROM pg_catalog.pg_namespace WHERE nspname = CURRENT_SCHEMA()))

2026/03/14 02:40:19 [32mC:/laragon/www/keuanganKeluarga/backend/internal/config/database.go:43
[0m[33m[1.190ms] [34;1m[rows:1][0m SELECT count(*) FROM INFORMATION_SCHEMA.table_constraints WHERE table_schema = CURRENT_SCHEMA() AND table_name = 'family_members' AND constraint_name = 'fk_families_members'

2026/03/14 02:40:19 [32mC:/laragon/www/keuanganKeluarga/backend/internal/config/database.go:43
[0m[33m[0.685ms] [34;1m[rows:1][0m SELECT count(*) FROM INFORMATION_SCHEMA.table_constraints WHERE table_schema = CURRENT_SCHEMA() AND table_name = 'family_members' AND constraint_name = 'fk_users_family_member'

2026/03/14 02:40:19 [32mC:/laragon/www/keuanganKeluarga/backend/internal/config/database.go:43
[0m[33m[1.514ms] [34;1m[rows:1][0m SELECT count(*) FROM pg_indexes WHERE tablename = 'family_members' AND indexname = 'idx_family_user' AND schemaname = CURRENT_SCHEMA()

2026/03/14 02:40:19 [32mC:/laragon/www/keuanganKeluarga/backend/internal/config/database.go:43
[0m[33m[1.042ms] [34;1m[rows:1][0m SELECT count(*) FROM information_schema.tables WHERE table_schema = CURRENT_SCHEMA() AND table_name = 'family_applications' AND table_type = 'BASE TABLE'

2026/03/14 02:40:19 [32mC:/laragon/www/keuanganKeluarga/backend/internal/config/database.go:43
[0m[33m[0.000ms] [34;1m[rows:1][0m SELECT CURRENT_DATABASE()

2026/03/14 02:40:19 [32mC:/laragon/www/keuanganKeluarga/backend/internal/config/database.go:43
[0m[33m[4.849ms] [34;1m[rows:-][0m SELECT c.column_name, c.is_nullable = 'YES', c.udt_name, c.character_maximum_length, c.numeric_precision, c.numeric_precision_radix, c.numeric_scale, c.datetime_precision, 8 * typlen, c.column_default, pd.description, c.identity_increment FROM information_schema.columns AS c JOIN pg_type AS pgt ON c.udt_name = pgt.typname LEFT JOIN pg_catalog.pg_description as pd ON pd.objsubid = c.ordinal_position AND pd.objoid = (SELECT oid FROM pg_catalog.pg_class WHERE relname = c.table_name AND relnamespace = (SELECT oid FROM pg_catalog.pg_namespace WHERE nspname = c.table_schema)) where table_catalog = 'keuangan_keluarga' AND table_schema = CURRENT_SCHEMA() AND table_name = 'family_applications'

2026/03/14 02:40:19 [32mC:/laragon/www/keuanganKeluarga/backend/internal/config/database.go:43
[0m[33m[1.016ms] [34;1m[rows:-][0m SELECT * FROM "family_applications" LIMIT 5

2026/03/14 02:40:19 [32mC:/laragon/www/keuanganKeluarga/backend/internal/config/database.go:43
[0m[33m[5.580ms] [34;1m[rows:-][0m SELECT constraint_name FROM information_schema.table_constraints tc JOIN information_schema.constraint_column_usage AS ccu USING (constraint_schema, constraint_catalog, table_name, constraint_name) JOIN information_schema.columns AS c ON c.table_schema = tc.constraint_schema AND tc.table_name = c.table_name AND ccu.column_name = c.column_name WHERE constraint_type IN ('PRIMARY KEY', 'UNIQUE') AND c.table_catalog = 'keuangan_keluarga' AND c.table_schema = CURRENT_SCHEMA() AND c.table_name = 'family_applications' AND constraint_type = 'UNIQUE'

2026/03/14 02:40:19 [32mC:/laragon/www/keuanganKeluarga/backend/internal/config/database.go:43
[0m[33m[9.908ms] [34;1m[rows:-][0m SELECT c.column_name, constraint_name, constraint_type FROM information_schema.table_constraints tc JOIN information_schema.constraint_column_usage AS ccu USING (constraint_schema, constraint_catalog, table_name, constraint_name) JOIN information_schema.columns AS c ON c.table_schema = tc.constraint_schema AND tc.table_name = c.table_name AND ccu.column_name = c.column_name WHERE constraint_type IN ('PRIMARY KEY', 'UNIQUE') AND c.table_catalog = 'keuangan_keluarga' AND c.table_schema = CURRENT_SCHEMA() AND c.table_name = 'family_applications'

2026/03/14 02:40:19 [32mC:/laragon/www/keuanganKeluarga/backend/internal/config/database.go:43
[0m[33m[0.505ms] [34;1m[rows:-][0m SELECT a.attname as column_name, format_type(a.atttypid, a.atttypmod) AS data_type
		FROM pg_attribute a JOIN pg_class b ON a.attrelid = b.oid AND relnamespace = (SELECT oid FROM pg_catalog.pg_namespace WHERE nspname = CURRENT_SCHEMA())
		WHERE a.attnum > 0 -- hide internal columns
		AND NOT a.attisdropped -- hide deleted columns
		AND b.relname = 'family_applications'

2026/03/14 02:40:19 [32mC:/laragon/www/keuanganKeluarga/backend/internal/config/database.go:43
[0m[33m[0.000ms] [34;1m[rows:0][0m SELECT description FROM pg_catalog.pg_description WHERE objsubid = (SELECT ordinal_position FROM information_schema.columns WHERE table_schema = CURRENT_SCHEMA() AND table_name = 'family_applications' AND column_name = 'id') AND objoid = (SELECT oid FROM pg_catalog.pg_class WHERE relname = 'family_applications' AND relnamespace = (SELECT oid FROM pg_catalog.pg_namespace WHERE nspname = CURRENT_SCHEMA()))

2026/03/14 02:40:19 [32mC:/laragon/www/keuanganKeluarga/backend/internal/config/database.go:43
[0m[33m[1.087ms] [34;1m[rows:0][0m SELECT description FROM pg_catalog.pg_description WHERE objsubid = (SELECT ordinal_position FROM information_schema.columns WHERE table_schema = CURRENT_SCHEMA() AND table_name = 'family_applications' AND column_name = 'family_name') AND objoid = (SELECT oid FROM pg_catalog.pg_class WHERE relname = 'family_applications' AND relnamespace = (SELECT oid FROM pg_catalog.pg_namespace WHERE nspname = CURRENT_SCHEMA()))

2026/03/14 02:40:19 [32mC:/laragon/www/keuanganKeluarga/backend/internal/config/database.go:43
[0m[33m[0.000ms] [34;1m[rows:0][0m SELECT description FROM pg_catalog.pg_description WHERE objsubid = (SELECT ordinal_position FROM information_schema.columns WHERE table_schema = CURRENT_SCHEMA() AND table_name = 'family_applications' AND column_name = 'head_of_family') AND objoid = (SELECT oid FROM pg_catalog.pg_class WHERE relname = 'family_applications' AND relnamespace = (SELECT oid FROM pg_catalog.pg_namespace WHERE nspname = CURRENT_SCHEMA()))

2026/03/14 02:40:19 [32mC:/laragon/www/keuanganKeluarga/backend/internal/config/database.go:43
[0m[33m[0.521ms] [34;1m[rows:0][0m SELECT description FROM pg_catalog.pg_description WHERE objsubid = (SELECT ordinal_position FROM information_schema.columns WHERE table_schema = CURRENT_SCHEMA() AND table_name = 'family_applications' AND column_name = 'email') AND objoid = (SELECT oid FROM pg_catalog.pg_class WHERE relname = 'family_applications' AND relnamespace = (SELECT oid FROM pg_catalog.pg_namespace WHERE nspname = CURRENT_SCHEMA()))

2026/03/14 02:40:19 [32mC:/laragon/www/keuanganKeluarga/backend/internal/config/database.go:43
[0m[33m[0.511ms] [34;1m[rows:0][0m SELECT description FROM pg_catalog.pg_description WHERE objsubid = (SELECT ordinal_position FROM information_schema.columns WHERE table_schema = CURRENT_SCHEMA() AND table_name = 'family_applications' AND column_name = 'number_of_members') AND objoid = (SELECT oid FROM pg_catalog.pg_class WHERE relname = 'family_applications' AND relnamespace = (SELECT oid FROM pg_catalog.pg_namespace WHERE nspname = CURRENT_SCHEMA()))

2026/03/14 02:40:19 [32mC:/laragon/www/keuanganKeluarga/backend/internal/config/database.go:43
[0m[33m[0.000ms] [34;1m[rows:0][0m SELECT description FROM pg_catalog.pg_description WHERE objsubid = (SELECT ordinal_position FROM information_schema.columns WHERE table_schema = CURRENT_SCHEMA() AND table_name = 'family_applications' AND column_name = 'selected_plan') AND objoid = (SELECT oid FROM pg_catalog.pg_class WHERE relname = 'family_applications' AND relnamespace = (SELECT oid FROM pg_catalog.pg_namespace WHERE nspname = CURRENT_SCHEMA()))

2026/03/14 02:40:19 [32mC:/laragon/www/keuanganKeluarga/backend/internal/config/database.go:43
[0m[33m[0.903ms] [34;1m[rows:0][0m SELECT description FROM pg_catalog.pg_description WHERE objsubid = (SELECT ordinal_position FROM information_schema.columns WHERE table_schema = CURRENT_SCHEMA() AND table_name = 'family_applications' AND column_name = 'reason_to_join') AND objoid = (SELECT oid FROM pg_catalog.pg_class WHERE relname = 'family_applications' AND relnamespace = (SELECT oid FROM pg_catalog.pg_namespace WHERE nspname = CURRENT_SCHEMA()))

2026/03/14 02:40:19 [32mC:/laragon/www/keuanganKeluarga/backend/internal/config/database.go:43
[0m[33m[0.000ms] [34;1m[rows:0][0m SELECT description FROM pg_catalog.pg_description WHERE objsubid = (SELECT ordinal_position FROM information_schema.columns WHERE table_schema = CURRENT_SCHEMA() AND table_name = 'family_applications' AND column_name = 'status') AND objoid = (SELECT oid FROM pg_catalog.pg_class WHERE relname = 'family_applications' AND relnamespace = (SELECT oid FROM pg_catalog.pg_namespace WHERE nspname = CURRENT_SCHEMA()))

2026/03/14 02:40:19 [32mC:/laragon/www/keuanganKeluarga/backend/internal/config/database.go:43
[0m[33m[0.000ms] [34;1m[rows:0][0m SELECT description FROM pg_catalog.pg_description WHERE objsubid = (SELECT ordinal_position FROM information_schema.columns WHERE table_schema = CURRENT_SCHEMA() AND table_name = 'family_applications' AND column_name = 'applicant_id') AND objoid = (SELECT oid FROM pg_catalog.pg_class WHERE relname = 'family_applications' AND relnamespace = (SELECT oid FROM pg_catalog.pg_namespace WHERE nspname = CURRENT_SCHEMA()))

2026/03/14 02:40:19 [32mC:/laragon/www/keuanganKeluarga/backend/internal/config/database.go:43
[0m[33m[0.521ms] [34;1m[rows:0][0m SELECT description FROM pg_catalog.pg_description WHERE objsubid = (SELECT ordinal_position FROM information_schema.columns WHERE table_schema = CURRENT_SCHEMA() AND table_name = 'family_applications' AND column_name = 'created_at') AND objoid = (SELECT oid FROM pg_catalog.pg_class WHERE relname = 'family_applications' AND relnamespace = (SELECT oid FROM pg_catalog.pg_namespace WHERE nspname = CURRENT_SCHEMA()))

2026/03/14 02:40:19 [32mC:/laragon/www/keuanganKeluarga/backend/internal/config/database.go:43
[0m[33m[1.324ms] [34;1m[rows:1][0m SELECT count(*) FROM pg_indexes WHERE tablename = 'family_applications' AND indexname = 'idx_family_applications_email' AND schemaname = CURRENT_SCHEMA()

2026/03/14 02:40:19 [32mC:/laragon/www/keuanganKeluarga/backend/internal/config/database.go:43
[0m[33m[0.505ms] [34;1m[rows:1][0m SELECT count(*) FROM information_schema.tables WHERE table_schema = CURRENT_SCHEMA() AND table_name = 'family_invitations' AND table_type = 'BASE TABLE'

2026/03/14 02:40:19 [32mC:/laragon/www/keuanganKeluarga/backend/internal/config/database.go:43
[0m[33m[0.000ms] [34;1m[rows:1][0m SELECT CURRENT_DATABASE()

2026/03/14 02:40:19 [32mC:/laragon/www/keuanganKeluarga/backend/internal/config/database.go:43
[0m[33m[7.452ms] [34;1m[rows:-][0m SELECT c.column_name, c.is_nullable = 'YES', c.udt_name, c.character_maximum_length, c.numeric_precision, c.numeric_precision_radix, c.numeric_scale, c.datetime_precision, 8 * typlen, c.column_default, pd.description, c.identity_increment FROM information_schema.columns AS c JOIN pg_type AS pgt ON c.udt_name = pgt.typname LEFT JOIN pg_catalog.pg_description as pd ON pd.objsubid = c.ordinal_position AND pd.objoid = (SELECT oid FROM pg_catalog.pg_class WHERE relname = c.table_name AND relnamespace = (SELECT oid FROM pg_catalog.pg_namespace WHERE nspname = c.table_schema)) where table_catalog = 'keuangan_keluarga' AND table_schema = CURRENT_SCHEMA() AND table_name = 'family_invitations'

2026/03/14 02:40:19 [32mC:/laragon/www/keuanganKeluarga/backend/internal/config/database.go:43
[0m[33m[2.111ms] [34;1m[rows:-][0m SELECT * FROM "family_invitations" LIMIT 5

2026/03/14 02:40:19 [32mC:/laragon/www/keuanganKeluarga/backend/internal/config/database.go:43
[0m[33m[7.831ms] [34;1m[rows:-][0m SELECT constraint_name FROM information_schema.table_constraints tc JOIN information_schema.constraint_column_usage AS ccu USING (constraint_schema, constraint_catalog, table_name, constraint_name) JOIN information_schema.columns AS c ON c.table_schema = tc.constraint_schema AND tc.table_name = c.table_name AND ccu.column_name = c.column_name WHERE constraint_type IN ('PRIMARY KEY', 'UNIQUE') AND c.table_catalog = 'keuangan_keluarga' AND c.table_schema = CURRENT_SCHEMA() AND c.table_name = 'family_invitations' AND constraint_type = 'UNIQUE'

2026/03/14 02:40:19 [32mC:/laragon/www/keuanganKeluarga/backend/internal/config/database.go:43
[0m[33m[7.484ms] [34;1m[rows:-][0m SELECT c.column_name, constraint_name, constraint_type FROM information_schema.table_constraints tc JOIN information_schema.constraint_column_usage AS ccu USING (constraint_schema, constraint_catalog, table_name, constraint_name) JOIN information_schema.columns AS c ON c.table_schema = tc.constraint_schema AND tc.table_name = c.table_name AND ccu.column_name = c.column_name WHERE constraint_type IN ('PRIMARY KEY', 'UNIQUE') AND c.table_catalog = 'keuangan_keluarga' AND c.table_schema = CURRENT_SCHEMA() AND c.table_name = 'family_invitations'

2026/03/14 02:40:19 [32mC:/laragon/www/keuanganKeluarga/backend/internal/config/database.go:43
[0m[33m[0.000ms] [34;1m[rows:-][0m SELECT a.attname as column_name, format_type(a.atttypid, a.atttypmod) AS data_type
		FROM pg_attribute a JOIN pg_class b ON a.attrelid = b.oid AND relnamespace = (SELECT oid FROM pg_catalog.pg_namespace WHERE nspname = CURRENT_SCHEMA())
		WHERE a.attnum > 0 -- hide internal columns
		AND NOT a.attisdropped -- hide deleted columns
		AND b.relname = 'family_invitations'

2026/03/14 02:40:19 [32mC:/laragon/www/keuanganKeluarga/backend/internal/config/database.go:43
[0m[33m[0.513ms] [34;1m[rows:0][0m SELECT description FROM pg_catalog.pg_description WHERE objsubid = (SELECT ordinal_position FROM information_schema.columns WHERE table_schema = CURRENT_SCHEMA() AND table_name = 'family_invitations' AND column_name = 'id') AND objoid = (SELECT oid FROM pg_catalog.pg_class WHERE relname = 'family_invitations' AND relnamespace = (SELECT oid FROM pg_catalog.pg_namespace WHERE nspname = CURRENT_SCHEMA()))

2026/03/14 02:40:19 [32mC:/laragon/www/keuanganKeluarga/backend/internal/config/database.go:43
[0m[33m[0.428ms] [34;1m[rows:0][0m SELECT description FROM pg_catalog.pg_description WHERE objsubid = (SELECT ordinal_position FROM information_schema.columns WHERE table_schema = CURRENT_SCHEMA() AND table_name = 'family_invitations' AND column_name = 'family_id') AND objoid = (SELECT oid FROM pg_catalog.pg_class WHERE relname = 'family_invitations' AND relnamespace = (SELECT oid FROM pg_catalog.pg_namespace WHERE nspname = CURRENT_SCHEMA()))

2026/03/14 02:40:19 [32mC:/laragon/www/keuanganKeluarga/backend/internal/config/database.go:43
[0m[33m[0.507ms] [34;1m[rows:0][0m SELECT description FROM pg_catalog.pg_description WHERE objsubid = (SELECT ordinal_position FROM information_schema.columns WHERE table_schema = CURRENT_SCHEMA() AND table_name = 'family_invitations' AND column_name = 'email') AND objoid = (SELECT oid FROM pg_catalog.pg_class WHERE relname = 'family_invitations' AND relnamespace = (SELECT oid FROM pg_catalog.pg_namespace WHERE nspname = CURRENT_SCHEMA()))

2026/03/14 02:40:19 [32mC:/laragon/www/keuanganKeluarga/backend/internal/config/database.go:43
[0m[33m[0.551ms] [34;1m[rows:0][0m SELECT description FROM pg_catalog.pg_description WHERE objsubid = (SELECT ordinal_position FROM information_schema.columns WHERE table_schema = CURRENT_SCHEMA() AND table_name = 'family_invitations' AND column_name = 'role') AND objoid = (SELECT oid FROM pg_catalog.pg_class WHERE relname = 'family_invitations' AND relnamespace = (SELECT oid FROM pg_catalog.pg_namespace WHERE nspname = CURRENT_SCHEMA()))

2026/03/14 02:40:19 [32mC:/laragon/www/keuanganKeluarga/backend/internal/config/database.go:43
[0m[33m[0.000ms] [34;1m[rows:0][0m SELECT description FROM pg_catalog.pg_description WHERE objsubid = (SELECT ordinal_position FROM information_schema.columns WHERE table_schema = CURRENT_SCHEMA() AND table_name = 'family_invitations' AND column_name = 'invited_by') AND objoid = (SELECT oid FROM pg_catalog.pg_class WHERE relname = 'family_invitations' AND relnamespace = (SELECT oid FROM pg_catalog.pg_namespace WHERE nspname = CURRENT_SCHEMA()))

2026/03/14 02:40:19 [32mC:/laragon/www/keuanganKeluarga/backend/internal/config/database.go:43
[0m[33m[0.525ms] [34;1m[rows:0][0m SELECT description FROM pg_catalog.pg_description WHERE objsubid = (SELECT ordinal_position FROM information_schema.columns WHERE table_schema = CURRENT_SCHEMA() AND table_name = 'family_invitations' AND column_name = 'created_at') AND objoid = (SELECT oid FROM pg_catalog.pg_class WHERE relname = 'family_invitations' AND relnamespace = (SELECT oid FROM pg_catalog.pg_namespace WHERE nspname = CURRENT_SCHEMA()))

2026/03/14 02:40:19 [32mC:/laragon/www/keuanganKeluarga/backend/internal/config/database.go:43
[0m[33m[0.000ms] [34;1m[rows:1][0m SELECT count(*) FROM pg_indexes WHERE tablename = 'family_invitations' AND indexname = 'idx_family_invitations_email' AND schemaname = CURRENT_SCHEMA()

2026/03/14 02:40:19 [32mC:/laragon/www/keuanganKeluarga/backend/internal/config/database.go:43
[0m[33m[0.000ms] [34;1m[rows:1][0m SELECT count(*) FROM information_schema.tables WHERE table_schema = CURRENT_SCHEMA() AND table_name = 'wallets' AND table_type = 'BASE TABLE'

2026/03/14 02:40:19 [32mC:/laragon/www/keuanganKeluarga/backend/internal/config/database.go:43
[0m[33m[0.795ms] [34;1m[rows:1][0m SELECT CURRENT_DATABASE()

2026/03/14 02:40:19 [32mC:/laragon/www/keuanganKeluarga/backend/internal/config/database.go:43
[0m[33m[0.574ms] [34;1m[rows:-][0m SELECT c.column_name, c.is_nullable = 'YES', c.udt_name, c.character_maximum_length, c.numeric_precision, c.numeric_precision_radix, c.numeric_scale, c.datetime_precision, 8 * typlen, c.column_default, pd.description, c.identity_increment FROM information_schema.columns AS c JOIN pg_type AS pgt ON c.udt_name = pgt.typname LEFT JOIN pg_catalog.pg_description as pd ON pd.objsubid = c.ordinal_position AND pd.objoid = (SELECT oid FROM pg_catalog.pg_class WHERE relname = c.table_name AND relnamespace = (SELECT oid FROM pg_catalog.pg_namespace WHERE nspname = c.table_schema)) where table_catalog = 'keuangan_keluarga' AND table_schema = CURRENT_SCHEMA() AND table_name = 'wallets'

2026/03/14 02:40:19 [32mC:/laragon/www/keuanganKeluarga/backend/internal/config/database.go:43
[0m[33m[1.872ms] [34;1m[rows:-][0m SELECT * FROM "wallets" LIMIT 5

2026/03/14 02:40:19 [32mC:/laragon/www/keuanganKeluarga/backend/internal/config/database.go:43
[0m[33m[0.507ms] [34;1m[rows:-][0m SELECT constraint_name FROM information_schema.table_constraints tc JOIN information_schema.constraint_column_usage AS ccu USING (constraint_schema, constraint_catalog, table_name, constraint_name) JOIN information_schema.columns AS c ON c.table_schema = tc.constraint_schema AND tc.table_name = c.table_name AND ccu.column_name = c.column_name WHERE constraint_type IN ('PRIMARY KEY', 'UNIQUE') AND c.table_catalog = 'keuangan_keluarga' AND c.table_schema = CURRENT_SCHEMA() AND c.table_name = 'wallets' AND constraint_type = 'UNIQUE'

2026/03/14 02:40:19 [32mC:/laragon/www/keuanganKeluarga/backend/internal/config/database.go:43
[0m[33m[0.518ms] [34;1m[rows:-][0m SELECT c.column_name, constraint_name, constraint_type FROM information_schema.table_constraints tc JOIN information_schema.constraint_column_usage AS ccu USING (constraint_schema, constraint_catalog, table_name, constraint_name) JOIN information_schema.columns AS c ON c.table_schema = tc.constraint_schema AND tc.table_name = c.table_name AND ccu.column_name = c.column_name WHERE constraint_type IN ('PRIMARY KEY', 'UNIQUE') AND c.table_catalog = 'keuangan_keluarga' AND c.table_schema = CURRENT_SCHEMA() AND c.table_name = 'wallets'

2026/03/14 02:40:19 [32mC:/laragon/www/keuanganKeluarga/backend/internal/config/database.go:43
[0m[33m[1.519ms] [34;1m[rows:-][0m SELECT a.attname as column_name, format_type(a.atttypid, a.atttypmod) AS data_type
		FROM pg_attribute a JOIN pg_class b ON a.attrelid = b.oid AND relnamespace = (SELECT oid FROM pg_catalog.pg_namespace WHERE nspname = CURRENT_SCHEMA())
		WHERE a.attnum > 0 -- hide internal columns
		AND NOT a.attisdropped -- hide deleted columns
		AND b.relname = 'wallets'

2026/03/14 02:40:19 [32mC:/laragon/www/keuanganKeluarga/backend/internal/config/database.go:43
[0m[33m[0.000ms] [34;1m[rows:0][0m SELECT description FROM pg_catalog.pg_description WHERE objsubid = (SELECT ordinal_position FROM information_schema.columns WHERE table_schema = CURRENT_SCHEMA() AND table_name = 'wallets' AND column_name = 'id') AND objoid = (SELECT oid FROM pg_catalog.pg_class WHERE relname = 'wallets' AND relnamespace = (SELECT oid FROM pg_catalog.pg_namespace WHERE nspname = CURRENT_SCHEMA()))

2026/03/14 02:40:19 [32mC:/laragon/www/keuanganKeluarga/backend/internal/config/database.go:43
[0m[33m[0.516ms] [34;1m[rows:0][0m SELECT description FROM pg_catalog.pg_description WHERE objsubid = (SELECT ordinal_position FROM information_schema.columns WHERE table_schema = CURRENT_SCHEMA() AND table_name = 'wallets' AND column_name = 'family_id') AND objoid = (SELECT oid FROM pg_catalog.pg_class WHERE relname = 'wallets' AND relnamespace = (SELECT oid FROM pg_catalog.pg_namespace WHERE nspname = CURRENT_SCHEMA()))

2026/03/14 02:40:19 [32mC:/laragon/www/keuanganKeluarga/backend/internal/config/database.go:43
[0m[33m[0.000ms] [34;1m[rows:0][0m SELECT description FROM pg_catalog.pg_description WHERE objsubid = (SELECT ordinal_position FROM information_schema.columns WHERE table_schema = CURRENT_SCHEMA() AND table_name = 'wallets' AND column_name = 'name') AND objoid = (SELECT oid FROM pg_catalog.pg_class WHERE relname = 'wallets' AND relnamespace = (SELECT oid FROM pg_catalog.pg_namespace WHERE nspname = CURRENT_SCHEMA()))

2026/03/14 02:40:19 [32mC:/laragon/www/keuanganKeluarga/backend/internal/config/database.go:43
[0m[33m[1.460ms] [34;1m[rows:0][0m SELECT description FROM pg_catalog.pg_description WHERE objsubid = (SELECT ordinal_position FROM information_schema.columns WHERE table_schema = CURRENT_SCHEMA() AND table_name = 'wallets' AND column_name = 'wallet_type') AND objoid = (SELECT oid FROM pg_catalog.pg_class WHERE relname = 'wallets' AND relnamespace = (SELECT oid FROM pg_catalog.pg_namespace WHERE nspname = CURRENT_SCHEMA()))

2026/03/14 02:40:19 [32mC:/laragon/www/keuanganKeluarga/backend/internal/config/database.go:43
[0m[33m[0.537ms] [34;1m[rows:0][0m SELECT description FROM pg_catalog.pg_description WHERE objsubid = (SELECT ordinal_position FROM information_schema.columns WHERE table_schema = CURRENT_SCHEMA() AND table_name = 'wallets' AND column_name = 'account_number') AND objoid = (SELECT oid FROM pg_catalog.pg_class WHERE relname = 'wallets' AND relnamespace = (SELECT oid FROM pg_catalog.pg_namespace WHERE nspname = CURRENT_SCHEMA()))

2026/03/14 02:40:19 [32mC:/laragon/www/keuanganKeluarga/backend/internal/config/database.go:43
[0m[33m[0.000ms] [34;1m[rows:0][0m SELECT description FROM pg_catalog.pg_description WHERE objsubid = (SELECT ordinal_position FROM information_schema.columns WHERE table_schema = CURRENT_SCHEMA() AND table_name = 'wallets' AND column_name = 'balance') AND objoid = (SELECT oid FROM pg_catalog.pg_class WHERE relname = 'wallets' AND relnamespace = (SELECT oid FROM pg_catalog.pg_namespace WHERE nspname = CURRENT_SCHEMA()))

2026/03/14 02:40:19 [32mC:/laragon/www/keuanganKeluarga/backend/internal/config/database.go:43
[0m[33m[0.000ms] [34;1m[rows:0][0m SELECT description FROM pg_catalog.pg_description WHERE objsubid = (SELECT ordinal_position FROM information_schema.columns WHERE table_schema = CURRENT_SCHEMA() AND table_name = 'wallets' AND column_name = 'created_at') AND objoid = (SELECT oid FROM pg_catalog.pg_class WHERE relname = 'wallets' AND relnamespace = (SELECT oid FROM pg_catalog.pg_namespace WHERE nspname = CURRENT_SCHEMA()))

2026/03/14 02:40:19 [32mC:/laragon/www/keuanganKeluarga/backend/internal/config/database.go:43
[0m[33m[0.000ms] [34;1m[rows:1][0m SELECT count(*) FROM pg_indexes WHERE tablename = 'wallets' AND indexname = 'idx_wallets_family_id' AND schemaname = CURRENT_SCHEMA()

2026/03/14 02:40:19 [32mC:/laragon/www/keuanganKeluarga/backend/internal/config/database.go:43
[0m[33m[0.000ms] [34;1m[rows:1][0m SELECT count(*) FROM information_schema.tables WHERE table_schema = CURRENT_SCHEMA() AND table_name = 'transactions' AND table_type = 'BASE TABLE'

2026/03/14 02:40:19 [32mC:/laragon/www/keuanganKeluarga/backend/internal/config/database.go:43
[0m[33m[1.010ms] [34;1m[rows:1][0m SELECT CURRENT_DATABASE()

2026/03/14 02:40:19 [32mC:/laragon/www/keuanganKeluarga/backend/internal/config/database.go:43
[0m[33m[1.474ms] [34;1m[rows:-][0m SELECT c.column_name, c.is_nullable = 'YES', c.udt_name, c.character_maximum_length, c.numeric_precision, c.numeric_precision_radix, c.numeric_scale, c.datetime_precision, 8 * typlen, c.column_default, pd.description, c.identity_increment FROM information_schema.columns AS c JOIN pg_type AS pgt ON c.udt_name = pgt.typname LEFT JOIN pg_catalog.pg_description as pd ON pd.objsubid = c.ordinal_position AND pd.objoid = (SELECT oid FROM pg_catalog.pg_class WHERE relname = c.table_name AND relnamespace = (SELECT oid FROM pg_catalog.pg_namespace WHERE nspname = c.table_schema)) where table_catalog = 'keuangan_keluarga' AND table_schema = CURRENT_SCHEMA() AND table_name = 'transactions'

2026/03/14 02:40:19 [32mC:/laragon/www/keuanganKeluarga/backend/internal/config/database.go:43
[0m[33m[15.541ms] [34;1m[rows:-][0m SELECT * FROM "transactions" LIMIT 5

2026/03/14 02:40:19 [32mC:/laragon/www/keuanganKeluarga/backend/internal/config/database.go:43
[0m[33m[2.590ms] [34;1m[rows:-][0m SELECT constraint_name FROM information_schema.table_constraints tc JOIN information_schema.constraint_column_usage AS ccu USING (constraint_schema, constraint_catalog, table_name, constraint_name) JOIN information_schema.columns AS c ON c.table_schema = tc.constraint_schema AND tc.table_name = c.table_name AND ccu.column_name = c.column_name WHERE constraint_type IN ('PRIMARY KEY', 'UNIQUE') AND c.table_catalog = 'keuangan_keluarga' AND c.table_schema = CURRENT_SCHEMA() AND c.table_name = 'transactions' AND constraint_type = 'UNIQUE'

2026/03/14 02:40:19 [32mC:/laragon/www/keuanganKeluarga/backend/internal/config/database.go:43
[0m[33m[0.505ms] [34;1m[rows:-][0m SELECT c.column_name, constraint_name, constraint_type FROM information_schema.table_constraints tc JOIN information_schema.constraint_column_usage AS ccu USING (constraint_schema, constraint_catalog, table_name, constraint_name) JOIN information_schema.columns AS c ON c.table_schema = tc.constraint_schema AND tc.table_name = c.table_name AND ccu.column_name = c.column_name WHERE constraint_type IN ('PRIMARY KEY', 'UNIQUE') AND c.table_catalog = 'keuangan_keluarga' AND c.table_schema = CURRENT_SCHEMA() AND c.table_name = 'transactions'

2026/03/14 02:40:19 [32mC:/laragon/www/keuanganKeluarga/backend/internal/config/database.go:43
[0m[33m[0.000ms] [34;1m[rows:-][0m SELECT a.attname as column_name, format_type(a.atttypid, a.atttypmod) AS data_type
		FROM pg_attribute a JOIN pg_class b ON a.attrelid = b.oid AND relnamespace = (SELECT oid FROM pg_catalog.pg_namespace WHERE nspname = CURRENT_SCHEMA())
		WHERE a.attnum > 0 -- hide internal columns
		AND NOT a.attisdropped -- hide deleted columns
		AND b.relname = 'transactions'

2026/03/14 02:40:19 [32mC:/laragon/www/keuanganKeluarga/backend/internal/config/database.go:43
[0m[33m[0.000ms] [34;1m[rows:0][0m SELECT description FROM pg_catalog.pg_description WHERE objsubid = (SELECT ordinal_position FROM information_schema.columns WHERE table_schema = CURRENT_SCHEMA() AND table_name = 'transactions' AND column_name = 'id') AND objoid = (SELECT oid FROM pg_catalog.pg_class WHERE relname = 'transactions' AND relnamespace = (SELECT oid FROM pg_catalog.pg_namespace WHERE nspname = CURRENT_SCHEMA()))

2026/03/14 02:40:19 [32mC:/laragon/www/keuanganKeluarga/backend/internal/config/database.go:43
[0m[33m[0.000ms] [34;1m[rows:0][0m SELECT description FROM pg_catalog.pg_description WHERE objsubid = (SELECT ordinal_position FROM information_schema.columns WHERE table_schema = CURRENT_SCHEMA() AND table_name = 'transactions' AND column_name = 'family_id') AND objoid = (SELECT oid FROM pg_catalog.pg_class WHERE relname = 'transactions' AND relnamespace = (SELECT oid FROM pg_catalog.pg_namespace WHERE nspname = CURRENT_SCHEMA()))

2026/03/14 02:40:19 [32mC:/laragon/www/keuanganKeluarga/backend/internal/config/database.go:43
[0m[33m[0.000ms] [34;1m[rows:0][0m SELECT description FROM pg_catalog.pg_description WHERE objsubid = (SELECT ordinal_position FROM information_schema.columns WHERE table_schema = CURRENT_SCHEMA() AND table_name = 'transactions' AND column_name = 'user_id') AND objoid = (SELECT oid FROM pg_catalog.pg_class WHERE relname = 'transactions' AND relnamespace = (SELECT oid FROM pg_catalog.pg_namespace WHERE nspname = CURRENT_SCHEMA()))

2026/03/14 02:40:19 [32mC:/laragon/www/keuanganKeluarga/backend/internal/config/database.go:43
[0m[33m[2.889ms] [34;1m[rows:0][0m SELECT description FROM pg_catalog.pg_description WHERE objsubid = (SELECT ordinal_position FROM information_schema.columns WHERE table_schema = CURRENT_SCHEMA() AND table_name = 'transactions' AND column_name = 'wallet_id') AND objoid = (SELECT oid FROM pg_catalog.pg_class WHERE relname = 'transactions' AND relnamespace = (SELECT oid FROM pg_catalog.pg_namespace WHERE nspname = CURRENT_SCHEMA()))

2026/03/14 02:40:19 [32mC:/laragon/www/keuanganKeluarga/backend/internal/config/database.go:43
[0m[33m[0.000ms] [34;1m[rows:0][0m SELECT description FROM pg_catalog.pg_description WHERE objsubid = (SELECT ordinal_position FROM information_schema.columns WHERE table_schema = CURRENT_SCHEMA() AND table_name = 'transactions' AND column_name = 'to_wallet_id') AND objoid = (SELECT oid FROM pg_catalog.pg_class WHERE relname = 'transactions' AND relnamespace = (SELECT oid FROM pg_catalog.pg_namespace WHERE nspname = CURRENT_SCHEMA()))

2026/03/14 02:40:19 [32mC:/laragon/www/keuanganKeluarga/backend/internal/config/database.go:43
[0m[33m[0.565ms] [34;1m[rows:0][0m SELECT description FROM pg_catalog.pg_description WHERE objsubid = (SELECT ordinal_position FROM information_schema.columns WHERE table_schema = CURRENT_SCHEMA() AND table_name = 'transactions' AND column_name = 'saving_id') AND objoid = (SELECT oid FROM pg_catalog.pg_class WHERE relname = 'transactions' AND relnamespace = (SELECT oid FROM pg_catalog.pg_namespace WHERE nspname = CURRENT_SCHEMA()))

2026/03/14 02:40:19 [32mC:/laragon/www/keuanganKeluarga/backend/internal/config/database.go:43
[0m[33m[0.000ms] [34;1m[rows:0][0m SELECT description FROM pg_catalog.pg_description WHERE objsubid = (SELECT ordinal_position FROM information_schema.columns WHERE table_schema = CURRENT_SCHEMA() AND table_name = 'transactions' AND column_name = 'type') AND objoid = (SELECT oid FROM pg_catalog.pg_class WHERE relname = 'transactions' AND relnamespace = (SELECT oid FROM pg_catalog.pg_namespace WHERE nspname = CURRENT_SCHEMA()))

2026/03/14 02:40:19 [32mC:/laragon/www/keuanganKeluarga/backend/internal/config/database.go:43
[0m[33m[0.520ms] [34;1m[rows:0][0m SELECT description FROM pg_catalog.pg_description WHERE objsubid = (SELECT ordinal_position FROM information_schema.columns WHERE table_schema = CURRENT_SCHEMA() AND table_name = 'transactions' AND column_name = 'amount') AND objoid = (SELECT oid FROM pg_catalog.pg_class WHERE relname = 'transactions' AND relnamespace = (SELECT oid FROM pg_catalog.pg_namespace WHERE nspname = CURRENT_SCHEMA()))

2026/03/14 02:40:19 [32mC:/laragon/www/keuanganKeluarga/backend/internal/config/database.go:43
[0m[33m[0.000ms] [34;1m[rows:0][0m SELECT description FROM pg_catalog.pg_description WHERE objsubid = (SELECT ordinal_position FROM information_schema.columns WHERE table_schema = CURRENT_SCHEMA() AND table_name = 'transactions' AND column_name = 'fee') AND objoid = (SELECT oid FROM pg_catalog.pg_class WHERE relname = 'transactions' AND relnamespace = (SELECT oid FROM pg_catalog.pg_namespace WHERE nspname = CURRENT_SCHEMA()))

2026/03/14 02:40:19 [32mC:/laragon/www/keuanganKeluarga/backend/internal/config/database.go:43
[0m[33m[0.510ms] [34;1m[rows:0][0m SELECT description FROM pg_catalog.pg_description WHERE objsubid = (SELECT ordinal_position FROM information_schema.columns WHERE table_schema = CURRENT_SCHEMA() AND table_name = 'transactions' AND column_name = 'category') AND objoid = (SELECT oid FROM pg_catalog.pg_class WHERE relname = 'transactions' AND relnamespace = (SELECT oid FROM pg_catalog.pg_namespace WHERE nspname = CURRENT_SCHEMA()))

2026/03/14 02:40:19 [32mC:/laragon/www/keuanganKeluarga/backend/internal/config/database.go:43
[0m[33m[0.000ms] [34;1m[rows:0][0m SELECT description FROM pg_catalog.pg_description WHERE objsubid = (SELECT ordinal_position FROM information_schema.columns WHERE table_schema = CURRENT_SCHEMA() AND table_name = 'transactions' AND column_name = 'date') AND objoid = (SELECT oid FROM pg_catalog.pg_class WHERE relname = 'transactions' AND relnamespace = (SELECT oid FROM pg_catalog.pg_namespace WHERE nspname = CURRENT_SCHEMA()))

2026/03/14 02:40:19 [32mC:/laragon/www/keuanganKeluarga/backend/internal/config/database.go:43
[0m[33m[0.512ms] [34;1m[rows:0][0m SELECT description FROM pg_catalog.pg_description WHERE objsubid = (SELECT ordinal_position FROM information_schema.columns WHERE table_schema = CURRENT_SCHEMA() AND table_name = 'transactions' AND column_name = 'description') AND objoid = (SELECT oid FROM pg_catalog.pg_class WHERE relname = 'transactions' AND relnamespace = (SELECT oid FROM pg_catalog.pg_namespace WHERE nspname = CURRENT_SCHEMA()))

2026/03/14 02:40:19 [32mC:/laragon/www/keuanganKeluarga/backend/internal/config/database.go:43
[0m[33m[0.516ms] [34;1m[rows:0][0m SELECT description FROM pg_catalog.pg_description WHERE objsubid = (SELECT ordinal_position FROM information_schema.columns WHERE table_schema = CURRENT_SCHEMA() AND table_name = 'transactions' AND column_name = 'created_at') AND objoid = (SELECT oid FROM pg_catalog.pg_class WHERE relname = 'transactions' AND relnamespace = (SELECT oid FROM pg_catalog.pg_namespace WHERE nspname = CURRENT_SCHEMA()))

2026/03/14 02:40:19 [32mC:/laragon/www/keuanganKeluarga/backend/internal/config/database.go:43
[0m[33m[0.000ms] [34;1m[rows:1][0m SELECT count(*) FROM pg_indexes WHERE tablename = 'transactions' AND indexname = 'idx_tx_family_date' AND schemaname = CURRENT_SCHEMA()

2026/03/14 02:40:19 [32mC:/laragon/www/keuanganKeluarga/backend/internal/config/database.go:43
[0m[33m[1.033ms] [34;1m[rows:0][0m CREATE INDEX IF NOT EXISTS "idx_tx_family_date" ON "transactions" ("family_id","date")

2026/03/14 02:40:19 [32mC:/laragon/www/keuanganKeluarga/backend/internal/config/database.go:43
[0m[33m[0.506ms] [34;1m[rows:1][0m SELECT count(*) FROM pg_indexes WHERE tablename = 'transactions' AND indexname = 'idx_tx_family_user' AND schemaname = CURRENT_SCHEMA()

2026/03/14 02:40:19 [32mC:/laragon/www/keuanganKeluarga/backend/internal/config/database.go:43
[0m[33m[0.000ms] [34;1m[rows:0][0m CREATE INDEX IF NOT EXISTS "idx_tx_family_user" ON "transactions" ("user_id")

2026/03/14 02:40:19 [32mC:/laragon/www/keuanganKeluarga/backend/internal/config/database.go:43
[0m[33m[1.762ms] [34;1m[rows:1][0m SELECT count(*) FROM pg_indexes WHERE tablename = 'transactions' AND indexname = 'idx_transactions_wallet_id' AND schemaname = CURRENT_SCHEMA()

2026/03/14 02:40:19 [32mC:/laragon/www/keuanganKeluarga/backend/internal/config/database.go:43
[0m[33m[0.782ms] [34;1m[rows:0][0m CREATE INDEX IF NOT EXISTS "idx_transactions_wallet_id" ON "transactions" ("wallet_id")

2026/03/14 02:40:19 [32mC:/laragon/www/keuanganKeluarga/backend/internal/config/database.go:43
[0m[33m[0.000ms] [34;1m[rows:1][0m SELECT count(*) FROM pg_indexes WHERE tablename = 'transactions' AND indexname = 'idx_transactions_to_wallet_id' AND schemaname = CURRENT_SCHEMA()

2026/03/14 02:40:19 [32mC:/laragon/www/keuanganKeluarga/backend/internal/config/database.go:43
[0m[33m[0.506ms] [34;1m[rows:0][0m CREATE INDEX IF NOT EXISTS "idx_transactions_to_wallet_id" ON "transactions" ("to_wallet_id")

2026/03/14 02:40:19 [32mC:/laragon/www/keuanganKeluarga/backend/internal/config/database.go:43
[0m[33m[0.000ms] [34;1m[rows:1][0m SELECT count(*) FROM pg_indexes WHERE tablename = 'transactions' AND indexname = 'idx_transactions_saving_id' AND schemaname = CURRENT_SCHEMA()

2026/03/14 02:40:19 [32mC:/laragon/www/keuanganKeluarga/backend/internal/config/database.go:43
[0m[33m[0.642ms] [34;1m[rows:0][0m CREATE INDEX IF NOT EXISTS "idx_transactions_saving_id" ON "transactions" ("saving_id")

2026/03/14 02:40:19 [32mC:/laragon/www/keuanganKeluarga/backend/internal/config/database.go:43
[0m[33m[0.000ms] [34;1m[rows:1][0m SELECT count(*) FROM information_schema.tables WHERE table_schema = CURRENT_SCHEMA() AND table_name = 'savings' AND table_type = 'BASE TABLE'

2026/03/14 02:40:19 [32mC:/laragon/www/keuanganKeluarga/backend/internal/config/database.go:43
[0m[33m[0.000ms] [34;1m[rows:1][0m SELECT CURRENT_DATABASE()

2026/03/14 02:40:19 [32mC:/laragon/www/keuanganKeluarga/backend/internal/config/database.go:43
[0m[33m[0.529ms] [34;1m[rows:-][0m SELECT c.column_name, c.is_nullable = 'YES', c.udt_name, c.character_maximum_length, c.numeric_precision, c.numeric_precision_radix, c.numeric_scale, c.datetime_precision, 8 * typlen, c.column_default, pd.description, c.identity_increment FROM information_schema.columns AS c JOIN pg_type AS pgt ON c.udt_name = pgt.typname LEFT JOIN pg_catalog.pg_description as pd ON pd.objsubid = c.ordinal_position AND pd.objoid = (SELECT oid FROM pg_catalog.pg_class WHERE relname = c.table_name AND relnamespace = (SELECT oid FROM pg_catalog.pg_namespace WHERE nspname = c.table_schema)) where table_catalog = 'keuangan_keluarga' AND table_schema = CURRENT_SCHEMA() AND table_name = 'savings'

2026/03/14 02:40:19 [32mC:/laragon/www/keuanganKeluarga/backend/internal/config/database.go:43
[0m[33m[2.525ms] [34;1m[rows:-][0m SELECT * FROM "savings" LIMIT 5

2026/03/14 02:40:19 [32mC:/laragon/www/keuanganKeluarga/backend/internal/config/database.go:43
[0m[33m[1.189ms] [34;1m[rows:-][0m SELECT constraint_name FROM information_schema.table_constraints tc JOIN information_schema.constraint_column_usage AS ccu USING (constraint_schema, constraint_catalog, table_name, constraint_name) JOIN information_schema.columns AS c ON c.table_schema = tc.constraint_schema AND tc.table_name = c.table_name AND ccu.column_name = c.column_name WHERE constraint_type IN ('PRIMARY KEY', 'UNIQUE') AND c.table_catalog = 'keuangan_keluarga' AND c.table_schema = CURRENT_SCHEMA() AND c.table_name = 'savings' AND constraint_type = 'UNIQUE'

2026/03/14 02:40:19 [32mC:/laragon/www/keuanganKeluarga/backend/internal/config/database.go:43
[0m[33m[0.520ms] [34;1m[rows:-][0m SELECT c.column_name, constraint_name, constraint_type FROM information_schema.table_constraints tc JOIN information_schema.constraint_column_usage AS ccu USING (constraint_schema, constraint_catalog, table_name, constraint_name) JOIN information_schema.columns AS c ON c.table_schema = tc.constraint_schema AND tc.table_name = c.table_name AND ccu.column_name = c.column_name WHERE constraint_type IN ('PRIMARY KEY', 'UNIQUE') AND c.table_catalog = 'keuangan_keluarga' AND c.table_schema = CURRENT_SCHEMA() AND c.table_name = 'savings'

2026/03/14 02:40:19 [32mC:/laragon/www/keuanganKeluarga/backend/internal/config/database.go:43
[0m[33m[0.000ms] [34;1m[rows:-][0m SELECT a.attname as column_name, format_type(a.atttypid, a.atttypmod) AS data_type
		FROM pg_attribute a JOIN pg_class b ON a.attrelid = b.oid AND relnamespace = (SELECT oid FROM pg_catalog.pg_namespace WHERE nspname = CURRENT_SCHEMA())
		WHERE a.attnum > 0 -- hide internal columns
		AND NOT a.attisdropped -- hide deleted columns
		AND b.relname = 'savings'

2026/03/14 02:40:19 [32mC:/laragon/www/keuanganKeluarga/backend/internal/config/database.go:43
[0m[33m[0.506ms] [34;1m[rows:0][0m SELECT description FROM pg_catalog.pg_description WHERE objsubid = (SELECT ordinal_position FROM information_schema.columns WHERE table_schema = CURRENT_SCHEMA() AND table_name = 'savings' AND column_name = 'id') AND objoid = (SELECT oid FROM pg_catalog.pg_class WHERE relname = 'savings' AND relnamespace = (SELECT oid FROM pg_catalog.pg_namespace WHERE nspname = CURRENT_SCHEMA()))

2026/03/14 02:40:19 [32mC:/laragon/www/keuanganKeluarga/backend/internal/config/database.go:43
[0m[33m[0.000ms] [34;1m[rows:0][0m SELECT description FROM pg_catalog.pg_description WHERE objsubid = (SELECT ordinal_position FROM information_schema.columns WHERE table_schema = CURRENT_SCHEMA() AND table_name = 'savings' AND column_name = 'family_id') AND objoid = (SELECT oid FROM pg_catalog.pg_class WHERE relname = 'savings' AND relnamespace = (SELECT oid FROM pg_catalog.pg_namespace WHERE nspname = CURRENT_SCHEMA()))

2026/03/14 02:40:19 [32mC:/laragon/www/keuanganKeluarga/backend/internal/config/database.go:43
[0m[33m[0.653ms] [34;1m[rows:0][0m SELECT description FROM pg_catalog.pg_description WHERE objsubid = (SELECT ordinal_position FROM information_schema.columns WHERE table_schema = CURRENT_SCHEMA() AND table_name = 'savings' AND column_name = 'name') AND objoid = (SELECT oid FROM pg_catalog.pg_class WHERE relname = 'savings' AND relnamespace = (SELECT oid FROM pg_catalog.pg_namespace WHERE nspname = CURRENT_SCHEMA()))

2026/03/14 02:40:19 [32mC:/laragon/www/keuanganKeluarga/backend/internal/config/database.go:43
[0m[33m[0.000ms] [34;1m[rows:0][0m SELECT description FROM pg_catalog.pg_description WHERE objsubid = (SELECT ordinal_position FROM information_schema.columns WHERE table_schema = CURRENT_SCHEMA() AND table_name = 'savings' AND column_name = 'budget_category_id') AND objoid = (SELECT oid FROM pg_catalog.pg_class WHERE relname = 'savings' AND relnamespace = (SELECT oid FROM pg_catalog.pg_namespace WHERE nspname = CURRENT_SCHEMA()))

2026/03/14 02:40:19 [32mC:/laragon/www/keuanganKeluarga/backend/internal/config/database.go:43
[0m[33m[0.508ms] [34;1m[rows:0][0m SELECT description FROM pg_catalog.pg_description WHERE objsubid = (SELECT ordinal_position FROM information_schema.columns WHERE table_schema = CURRENT_SCHEMA() AND table_name = 'savings' AND column_name = 'category') AND objoid = (SELECT oid FROM pg_catalog.pg_class WHERE relname = 'savings' AND relnamespace = (SELECT oid FROM pg_catalog.pg_namespace WHERE nspname = CURRENT_SCHEMA()))

2026/03/14 02:40:19 [32mC:/laragon/www/keuanganKeluarga/backend/internal/config/database.go:43
[0m[33m[0.000ms] [34;1m[rows:0][0m SELECT description FROM pg_catalog.pg_description WHERE objsubid = (SELECT ordinal_position FROM information_schema.columns WHERE table_schema = CURRENT_SCHEMA() AND table_name = 'savings' AND column_name = 'target_amount') AND objoid = (SELECT oid FROM pg_catalog.pg_class WHERE relname = 'savings' AND relnamespace = (SELECT oid FROM pg_catalog.pg_namespace WHERE nspname = CURRENT_SCHEMA()))

2026/03/14 02:40:19 [32mC:/laragon/www/keuanganKeluarga/backend/internal/config/database.go:43
[0m[33m[0.550ms] [34;1m[rows:0][0m SELECT description FROM pg_catalog.pg_description WHERE objsubid = (SELECT ordinal_position FROM information_schema.columns WHERE table_schema = CURRENT_SCHEMA() AND table_name = 'savings' AND column_name = 'current_balance') AND objoid = (SELECT oid FROM pg_catalog.pg_class WHERE relname = 'savings' AND relnamespace = (SELECT oid FROM pg_catalog.pg_namespace WHERE nspname = CURRENT_SCHEMA()))

2026/03/14 02:40:19 [32mC:/laragon/www/keuanganKeluarga/backend/internal/config/database.go:43
[0m[33m[0.000ms] [34;1m[rows:0][0m SELECT description FROM pg_catalog.pg_description WHERE objsubid = (SELECT ordinal_position FROM information_schema.columns WHERE table_schema = CURRENT_SCHEMA() AND table_name = 'savings' AND column_name = 'emoji') AND objoid = (SELECT oid FROM pg_catalog.pg_class WHERE relname = 'savings' AND relnamespace = (SELECT oid FROM pg_catalog.pg_namespace WHERE nspname = CURRENT_SCHEMA()))

2026/03/14 02:40:19 [32mC:/laragon/www/keuanganKeluarga/backend/internal/config/database.go:43
[0m[33m[0.529ms] [34;1m[rows:0][0m SELECT description FROM pg_catalog.pg_description WHERE objsubid = (SELECT ordinal_position FROM information_schema.columns WHERE table_schema = CURRENT_SCHEMA() AND table_name = 'savings' AND column_name = 'due_date') AND objoid = (SELECT oid FROM pg_catalog.pg_class WHERE relname = 'savings' AND relnamespace = (SELECT oid FROM pg_catalog.pg_namespace WHERE nspname = CURRENT_SCHEMA()))

2026/03/14 02:40:19 [32mC:/laragon/www/keuanganKeluarga/backend/internal/config/database.go:43
[0m[33m[0.000ms] [34;1m[rows:0][0m SELECT description FROM pg_catalog.pg_description WHERE objsubid = (SELECT ordinal_position FROM information_schema.columns WHERE table_schema = CURRENT_SCHEMA() AND table_name = 'savings' AND column_name = 'created_at') AND objoid = (SELECT oid FROM pg_catalog.pg_class WHERE relname = 'savings' AND relnamespace = (SELECT oid FROM pg_catalog.pg_namespace WHERE nspname = CURRENT_SCHEMA()))

2026/03/14 02:40:19 [32mC:/laragon/www/keuanganKeluarga/backend/internal/config/database.go:43
[0m[33m[1.259ms] [34;1m[rows:1][0m SELECT count(*) FROM INFORMATION_SCHEMA.table_constraints WHERE table_schema = CURRENT_SCHEMA() AND table_name = 'savings' AND constraint_name = 'fk_budget_categories_items'

2026/03/14 02:40:19 [32mC:/laragon/www/keuanganKeluarga/backend/internal/config/database.go:43
[0m[33m[0.000ms] [34;1m[rows:1][0m SELECT count(*) FROM pg_indexes WHERE tablename = 'savings' AND indexname = 'idx_savings_family_id' AND schemaname = CURRENT_SCHEMA()

2026/03/14 02:40:19 [32mC:/laragon/www/keuanganKeluarga/backend/internal/config/database.go:43
[0m[33m[0.992ms] [34;1m[rows:1][0m SELECT count(*) FROM pg_indexes WHERE tablename = 'savings' AND indexname = 'idx_savings_budget_category_id' AND schemaname = CURRENT_SCHEMA()

2026/03/14 02:40:19 [32mC:/laragon/www/keuanganKeluarga/backend/internal/config/database.go:43
[0m[33m[0.000ms] [34;1m[rows:1][0m SELECT count(*) FROM information_schema.tables WHERE table_schema = CURRENT_SCHEMA() AND table_name = 'debts' AND table_type = 'BASE TABLE'

2026/03/14 02:40:19 [32mC:/laragon/www/keuanganKeluarga/backend/internal/config/database.go:43
[0m[33m[0.000ms] [34;1m[rows:1][0m SELECT CURRENT_DATABASE()

2026/03/14 02:40:19 [32mC:/laragon/www/keuanganKeluarga/backend/internal/config/database.go:43
[0m[33m[2.811ms] [34;1m[rows:-][0m SELECT c.column_name, c.is_nullable = 'YES', c.udt_name, c.character_maximum_length, c.numeric_precision, c.numeric_precision_radix, c.numeric_scale, c.datetime_precision, 8 * typlen, c.column_default, pd.description, c.identity_increment FROM information_schema.columns AS c JOIN pg_type AS pgt ON c.udt_name = pgt.typname LEFT JOIN pg_catalog.pg_description as pd ON pd.objsubid = c.ordinal_position AND pd.objoid = (SELECT oid FROM pg_catalog.pg_class WHERE relname = c.table_name AND relnamespace = (SELECT oid FROM pg_catalog.pg_namespace WHERE nspname = c.table_schema)) where table_catalog = 'keuangan_keluarga' AND table_schema = CURRENT_SCHEMA() AND table_name = 'debts'

2026/03/14 02:40:19 [32mC:/laragon/www/keuanganKeluarga/backend/internal/config/database.go:43
[0m[33m[1.856ms] [34;1m[rows:-][0m SELECT * FROM "debts" LIMIT 5

2026/03/14 02:40:19 [32mC:/laragon/www/keuanganKeluarga/backend/internal/config/database.go:43
[0m[33m[0.709ms] [34;1m[rows:-][0m SELECT constraint_name FROM information_schema.table_constraints tc JOIN information_schema.constraint_column_usage AS ccu USING (constraint_schema, constraint_catalog, table_name, constraint_name) JOIN information_schema.columns AS c ON c.table_schema = tc.constraint_schema AND tc.table_name = c.table_name AND ccu.column_name = c.column_name WHERE constraint_type IN ('PRIMARY KEY', 'UNIQUE') AND c.table_catalog = 'keuangan_keluarga' AND c.table_schema = CURRENT_SCHEMA() AND c.table_name = 'debts' AND constraint_type = 'UNIQUE'

2026/03/14 02:40:19 [32mC:/laragon/www/keuanganKeluarga/backend/internal/config/database.go:43
[0m[33m[1.337ms] [34;1m[rows:-][0m SELECT c.column_name, constraint_name, constraint_type FROM information_schema.table_constraints tc JOIN information_schema.constraint_column_usage AS ccu USING (constraint_schema, constraint_catalog, table_name, constraint_name) JOIN information_schema.columns AS c ON c.table_schema = tc.constraint_schema AND tc.table_name = c.table_name AND ccu.column_name = c.column_name WHERE constraint_type IN ('PRIMARY KEY', 'UNIQUE') AND c.table_catalog = 'keuangan_keluarga' AND c.table_schema = CURRENT_SCHEMA() AND c.table_name = 'debts'

2026/03/14 02:40:19 [32mC:/laragon/www/keuanganKeluarga/backend/internal/config/database.go:43
[0m[33m[0.000ms] [34;1m[rows:-][0m SELECT a.attname as column_name, format_type(a.atttypid, a.atttypmod) AS data_type
		FROM pg_attribute a JOIN pg_class b ON a.attrelid = b.oid AND relnamespace = (SELECT oid FROM pg_catalog.pg_namespace WHERE nspname = CURRENT_SCHEMA())
		WHERE a.attnum > 0 -- hide internal columns
		AND NOT a.attisdropped -- hide deleted columns
		AND b.relname = 'debts'

2026/03/14 02:40:19 [32mC:/laragon/www/keuanganKeluarga/backend/internal/config/database.go:43
[0m[33m[0.997ms] [34;1m[rows:0][0m SELECT description FROM pg_catalog.pg_description WHERE objsubid = (SELECT ordinal_position FROM information_schema.columns WHERE table_schema = CURRENT_SCHEMA() AND table_name = 'debts' AND column_name = 'id') AND objoid = (SELECT oid FROM pg_catalog.pg_class WHERE relname = 'debts' AND relnamespace = (SELECT oid FROM pg_catalog.pg_namespace WHERE nspname = CURRENT_SCHEMA()))

2026/03/14 02:40:19 [32mC:/laragon/www/keuanganKeluarga/backend/internal/config/database.go:43
[0m[33m[0.000ms] [34;1m[rows:0][0m SELECT description FROM pg_catalog.pg_description WHERE objsubid = (SELECT ordinal_position FROM information_schema.columns WHERE table_schema = CURRENT_SCHEMA() AND table_name = 'debts' AND column_name = 'family_id') AND objoid = (SELECT oid FROM pg_catalog.pg_class WHERE relname = 'debts' AND relnamespace = (SELECT oid FROM pg_catalog.pg_namespace WHERE nspname = CURRENT_SCHEMA()))

2026/03/14 02:40:19 [32mC:/laragon/www/keuanganKeluarga/backend/internal/config/database.go:43
[0m[33m[0.505ms] [34;1m[rows:0][0m SELECT description FROM pg_catalog.pg_description WHERE objsubid = (SELECT ordinal_position FROM information_schema.columns WHERE table_schema = CURRENT_SCHEMA() AND table_name = 'debts' AND column_name = 'name') AND objoid = (SELECT oid FROM pg_catalog.pg_class WHERE relname = 'debts' AND relnamespace = (SELECT oid FROM pg_catalog.pg_namespace WHERE nspname = CURRENT_SCHEMA()))

2026/03/14 02:40:19 [32mC:/laragon/www/keuanganKeluarga/backend/internal/config/database.go:43
[0m[33m[0.000ms] [34;1m[rows:0][0m SELECT description FROM pg_catalog.pg_description WHERE objsubid = (SELECT ordinal_position FROM information_schema.columns WHERE table_schema = CURRENT_SCHEMA() AND table_name = 'debts' AND column_name = 'description') AND objoid = (SELECT oid FROM pg_catalog.pg_class WHERE relname = 'debts' AND relnamespace = (SELECT oid FROM pg_catalog.pg_namespace WHERE nspname = CURRENT_SCHEMA()))

2026/03/14 02:40:19 [32mC:/laragon/www/keuanganKeluarga/backend/internal/config/database.go:43
[0m[33m[0.000ms] [34;1m[rows:0][0m SELECT description FROM pg_catalog.pg_description WHERE objsubid = (SELECT ordinal_position FROM information_schema.columns WHERE table_schema = CURRENT_SCHEMA() AND table_name = 'debts' AND column_name = 'total_amount') AND objoid = (SELECT oid FROM pg_catalog.pg_class WHERE relname = 'debts' AND relnamespace = (SELECT oid FROM pg_catalog.pg_namespace WHERE nspname = CURRENT_SCHEMA()))

2026/03/14 02:40:19 [32mC:/laragon/www/keuanganKeluarga/backend/internal/config/database.go:43
[0m[33m[0.000ms] [34;1m[rows:0][0m SELECT description FROM pg_catalog.pg_description WHERE objsubid = (SELECT ordinal_position FROM information_schema.columns WHERE table_schema = CURRENT_SCHEMA() AND table_name = 'debts' AND column_name = 'paid_amount') AND objoid = (SELECT oid FROM pg_catalog.pg_class WHERE relname = 'debts' AND relnamespace = (SELECT oid FROM pg_catalog.pg_namespace WHERE nspname = CURRENT_SCHEMA()))

2026/03/14 02:40:19 [32mC:/laragon/www/keuanganKeluarga/backend/internal/config/database.go:43
[0m[33m[0.516ms] [34;1m[rows:0][0m SELECT description FROM pg_catalog.pg_description WHERE objsubid = (SELECT ordinal_position FROM information_schema.columns WHERE table_schema = CURRENT_SCHEMA() AND table_name = 'debts' AND column_name = 'remaining_amount') AND objoid = (SELECT oid FROM pg_catalog.pg_class WHERE relname = 'debts' AND relnamespace = (SELECT oid FROM pg_catalog.pg_namespace WHERE nspname = CURRENT_SCHEMA()))

2026/03/14 02:40:19 [32mC:/laragon/www/keuanganKeluarga/backend/internal/config/database.go:43
[0m[33m[0.000ms] [34;1m[rows:0][0m SELECT description FROM pg_catalog.pg_description WHERE objsubid = (SELECT ordinal_position FROM information_schema.columns WHERE table_schema = CURRENT_SCHEMA() AND table_name = 'debts' AND column_name = 'due_date') AND objoid = (SELECT oid FROM pg_catalog.pg_class WHERE relname = 'debts' AND relnamespace = (SELECT oid FROM pg_catalog.pg_namespace WHERE nspname = CURRENT_SCHEMA()))

2026/03/14 02:40:19 [32mC:/laragon/www/keuanganKeluarga/backend/internal/config/database.go:43
[0m[33m[0.509ms] [34;1m[rows:0][0m SELECT description FROM pg_catalog.pg_description WHERE objsubid = (SELECT ordinal_position FROM information_schema.columns WHERE table_schema = CURRENT_SCHEMA() AND table_name = 'debts' AND column_name = 'status') AND objoid = (SELECT oid FROM pg_catalog.pg_class WHERE relname = 'debts' AND relnamespace = (SELECT oid FROM pg_catalog.pg_namespace WHERE nspname = CURRENT_SCHEMA()))

2026/03/14 02:40:19 [32mC:/laragon/www/keuanganKeluarga/backend/internal/config/database.go:43
[0m[33m[0.000ms] [34;1m[rows:0][0m SELECT description FROM pg_catalog.pg_description WHERE objsubid = (SELECT ordinal_position FROM information_schema.columns WHERE table_schema = CURRENT_SCHEMA() AND table_name = 'debts' AND column_name = 'created_at') AND objoid = (SELECT oid FROM pg_catalog.pg_class WHERE relname = 'debts' AND relnamespace = (SELECT oid FROM pg_catalog.pg_namespace WHERE nspname = CURRENT_SCHEMA()))

2026/03/14 02:40:19 [32mC:/laragon/www/keuanganKeluarga/backend/internal/config/database.go:43
[0m[33m[0.511ms] [34;1m[rows:1][0m SELECT count(*) FROM pg_indexes WHERE tablename = 'debts' AND indexname = 'idx_debts_family_id' AND schemaname = CURRENT_SCHEMA()

2026/03/14 02:40:19 [32mC:/laragon/www/keuanganKeluarga/backend/internal/config/database.go:43
[0m[33m[0.000ms] [34;1m[rows:1][0m SELECT count(*) FROM information_schema.tables WHERE table_schema = CURRENT_SCHEMA() AND table_name = 'debt_payments' AND table_type = 'BASE TABLE'

2026/03/14 02:40:19 [32mC:/laragon/www/keuanganKeluarga/backend/internal/config/database.go:43
[0m[33m[0.000ms] [34;1m[rows:1][0m SELECT CURRENT_DATABASE()

2026/03/14 02:40:19 [32mC:/laragon/www/keuanganKeluarga/backend/internal/config/database.go:43
[0m[33m[1.561ms] [34;1m[rows:-][0m SELECT c.column_name, c.is_nullable = 'YES', c.udt_name, c.character_maximum_length, c.numeric_precision, c.numeric_precision_radix, c.numeric_scale, c.datetime_precision, 8 * typlen, c.column_default, pd.description, c.identity_increment FROM information_schema.columns AS c JOIN pg_type AS pgt ON c.udt_name = pgt.typname LEFT JOIN pg_catalog.pg_description as pd ON pd.objsubid = c.ordinal_position AND pd.objoid = (SELECT oid FROM pg_catalog.pg_class WHERE relname = c.table_name AND relnamespace = (SELECT oid FROM pg_catalog.pg_namespace WHERE nspname = c.table_schema)) where table_catalog = 'keuangan_keluarga' AND table_schema = CURRENT_SCHEMA() AND table_name = 'debt_payments'

2026/03/14 02:40:19 [32mC:/laragon/www/keuanganKeluarga/backend/internal/config/database.go:43
[0m[33m[1.919ms] [34;1m[rows:-][0m SELECT * FROM "debt_payments" LIMIT 5

2026/03/14 02:40:19 [32mC:/laragon/www/keuanganKeluarga/backend/internal/config/database.go:43
[0m[33m[0.505ms] [34;1m[rows:-][0m SELECT constraint_name FROM information_schema.table_constraints tc JOIN information_schema.constraint_column_usage AS ccu USING (constraint_schema, constraint_catalog, table_name, constraint_name) JOIN information_schema.columns AS c ON c.table_schema = tc.constraint_schema AND tc.table_name = c.table_name AND ccu.column_name = c.column_name WHERE constraint_type IN ('PRIMARY KEY', 'UNIQUE') AND c.table_catalog = 'keuangan_keluarga' AND c.table_schema = CURRENT_SCHEMA() AND c.table_name = 'debt_payments' AND constraint_type = 'UNIQUE'

2026/03/14 02:40:19 [32mC:/laragon/www/keuanganKeluarga/backend/internal/config/database.go:43
[0m[33m[1.016ms] [34;1m[rows:-][0m SELECT c.column_name, constraint_name, constraint_type FROM information_schema.table_constraints tc JOIN information_schema.constraint_column_usage AS ccu USING (constraint_schema, constraint_catalog, table_name, constraint_name) JOIN information_schema.columns AS c ON c.table_schema = tc.constraint_schema AND tc.table_name = c.table_name AND ccu.column_name = c.column_name WHERE constraint_type IN ('PRIMARY KEY', 'UNIQUE') AND c.table_catalog = 'keuangan_keluarga' AND c.table_schema = CURRENT_SCHEMA() AND c.table_name = 'debt_payments'

2026/03/14 02:40:19 [32mC:/laragon/www/keuanganKeluarga/backend/internal/config/database.go:43
[0m[33m[0.506ms] [34;1m[rows:-][0m SELECT a.attname as column_name, format_type(a.atttypid, a.atttypmod) AS data_type
		FROM pg_attribute a JOIN pg_class b ON a.attrelid = b.oid AND relnamespace = (SELECT oid FROM pg_catalog.pg_namespace WHERE nspname = CURRENT_SCHEMA())
		WHERE a.attnum > 0 -- hide internal columns
		AND NOT a.attisdropped -- hide deleted columns
		AND b.relname = 'debt_payments'

2026/03/14 02:40:19 [32mC:/laragon/www/keuanganKeluarga/backend/internal/config/database.go:43
[0m[33m[2.734ms] [34;1m[rows:0][0m SELECT description FROM pg_catalog.pg_description WHERE objsubid = (SELECT ordinal_position FROM information_schema.columns WHERE table_schema = CURRENT_SCHEMA() AND table_name = 'debt_payments' AND column_name = 'id') AND objoid = (SELECT oid FROM pg_catalog.pg_class WHERE relname = 'debt_payments' AND relnamespace = (SELECT oid FROM pg_catalog.pg_namespace WHERE nspname = CURRENT_SCHEMA()))

2026/03/14 02:40:19 [32mC:/laragon/www/keuanganKeluarga/backend/internal/config/database.go:43
[0m[33m[0.000ms] [34;1m[rows:0][0m SELECT description FROM pg_catalog.pg_description WHERE objsubid = (SELECT ordinal_position FROM information_schema.columns WHERE table_schema = CURRENT_SCHEMA() AND table_name = 'debt_payments' AND column_name = 'debt_id') AND objoid = (SELECT oid FROM pg_catalog.pg_class WHERE relname = 'debt_payments' AND relnamespace = (SELECT oid FROM pg_catalog.pg_namespace WHERE nspname = CURRENT_SCHEMA()))

2026/03/14 02:40:19 [32mC:/laragon/www/keuanganKeluarga/backend/internal/config/database.go:43
[0m[33m[0.928ms] [34;1m[rows:0][0m SELECT description FROM pg_catalog.pg_description WHERE objsubid = (SELECT ordinal_position FROM information_schema.columns WHERE table_schema = CURRENT_SCHEMA() AND table_name = 'debt_payments' AND column_name = 'wallet_id') AND objoid = (SELECT oid FROM pg_catalog.pg_class WHERE relname = 'debt_payments' AND relnamespace = (SELECT oid FROM pg_catalog.pg_namespace WHERE nspname = CURRENT_SCHEMA()))

2026/03/14 02:40:19 [32mC:/laragon/www/keuanganKeluarga/backend/internal/config/database.go:43
[0m[33m[0.000ms] [34;1m[rows:0][0m SELECT description FROM pg_catalog.pg_description WHERE objsubid = (SELECT ordinal_position FROM information_schema.columns WHERE table_schema = CURRENT_SCHEMA() AND table_name = 'debt_payments' AND column_name = 'amount') AND objoid = (SELECT oid FROM pg_catalog.pg_class WHERE relname = 'debt_payments' AND relnamespace = (SELECT oid FROM pg_catalog.pg_namespace WHERE nspname = CURRENT_SCHEMA()))

2026/03/14 02:40:19 [32mC:/laragon/www/keuanganKeluarga/backend/internal/config/database.go:43
[0m[33m[0.534ms] [34;1m[rows:0][0m SELECT description FROM pg_catalog.pg_description WHERE objsubid = (SELECT ordinal_position FROM information_schema.columns WHERE table_schema = CURRENT_SCHEMA() AND table_name = 'debt_payments' AND column_name = 'date') AND objoid = (SELECT oid FROM pg_catalog.pg_class WHERE relname = 'debt_payments' AND relnamespace = (SELECT oid FROM pg_catalog.pg_namespace WHERE nspname = CURRENT_SCHEMA()))

2026/03/14 02:40:19 [32mC:/laragon/www/keuanganKeluarga/backend/internal/config/database.go:43
[0m[33m[0.000ms] [34;1m[rows:0][0m SELECT description FROM pg_catalog.pg_description WHERE objsubid = (SELECT ordinal_position FROM information_schema.columns WHERE table_schema = CURRENT_SCHEMA() AND table_name = 'debt_payments' AND column_name = 'description') AND objoid = (SELECT oid FROM pg_catalog.pg_class WHERE relname = 'debt_payments' AND relnamespace = (SELECT oid FROM pg_catalog.pg_namespace WHERE nspname = CURRENT_SCHEMA()))

2026/03/14 02:40:19 [32mC:/laragon/www/keuanganKeluarga/backend/internal/config/database.go:43
[0m[33m[0.000ms] [34;1m[rows:0][0m SELECT description FROM pg_catalog.pg_description WHERE objsubid = (SELECT ordinal_position FROM information_schema.columns WHERE table_schema = CURRENT_SCHEMA() AND table_name = 'debt_payments' AND column_name = 'created_at') AND objoid = (SELECT oid FROM pg_catalog.pg_class WHERE relname = 'debt_payments' AND relnamespace = (SELECT oid FROM pg_catalog.pg_namespace WHERE nspname = CURRENT_SCHEMA()))

2026/03/14 02:40:19 [32mC:/laragon/www/keuanganKeluarga/backend/internal/config/database.go:43
[0m[33m[0.613ms] [34;1m[rows:1][0m SELECT count(*) FROM pg_indexes WHERE tablename = 'debt_payments' AND indexname = 'idx_debt_payments_debt_id' AND schemaname = CURRENT_SCHEMA()

2026/03/14 02:40:19 [32mC:/laragon/www/keuanganKeluarga/backend/internal/config/database.go:43
[0m[33m[0.000ms] [34;1m[rows:1][0m SELECT count(*) FROM information_schema.tables WHERE table_schema = CURRENT_SCHEMA() AND table_name = 'notifications' AND table_type = 'BASE TABLE'

2026/03/14 02:40:19 [32mC:/laragon/www/keuanganKeluarga/backend/internal/config/database.go:43
[0m[33m[0.519ms] [34;1m[rows:1][0m SELECT CURRENT_DATABASE()

2026/03/14 02:40:19 [32mC:/laragon/www/keuanganKeluarga/backend/internal/config/database.go:43
[0m[33m[1.817ms] [34;1m[rows:-][0m SELECT c.column_name, c.is_nullable = 'YES', c.udt_name, c.character_maximum_length, c.numeric_precision, c.numeric_precision_radix, c.numeric_scale, c.datetime_precision, 8 * typlen, c.column_default, pd.description, c.identity_increment FROM information_schema.columns AS c JOIN pg_type AS pgt ON c.udt_name = pgt.typname LEFT JOIN pg_catalog.pg_description as pd ON pd.objsubid = c.ordinal_position AND pd.objoid = (SELECT oid FROM pg_catalog.pg_class WHERE relname = c.table_name AND relnamespace = (SELECT oid FROM pg_catalog.pg_namespace WHERE nspname = c.table_schema)) where table_catalog = 'keuangan_keluarga' AND table_schema = CURRENT_SCHEMA() AND table_name = 'notifications'

2026/03/14 02:40:19 [32mC:/laragon/www/keuanganKeluarga/backend/internal/config/database.go:43
[0m[33m[0.506ms] [34;1m[rows:-][0m SELECT * FROM "notifications" LIMIT 5

2026/03/14 02:40:19 [32mC:/laragon/www/keuanganKeluarga/backend/internal/config/database.go:43
[0m[33m[1.514ms] [34;1m[rows:-][0m SELECT constraint_name FROM information_schema.table_constraints tc JOIN information_schema.constraint_column_usage AS ccu USING (constraint_schema, constraint_catalog, table_name, constraint_name) JOIN information_schema.columns AS c ON c.table_schema = tc.constraint_schema AND tc.table_name = c.table_name AND ccu.column_name = c.column_name WHERE constraint_type IN ('PRIMARY KEY', 'UNIQUE') AND c.table_catalog = 'keuangan_keluarga' AND c.table_schema = CURRENT_SCHEMA() AND c.table_name = 'notifications' AND constraint_type = 'UNIQUE'

2026/03/14 02:40:19 [32mC:/laragon/www/keuanganKeluarga/backend/internal/config/database.go:43
[0m[33m[1.077ms] [34;1m[rows:-][0m SELECT c.column_name, constraint_name, constraint_type FROM information_schema.table_constraints tc JOIN information_schema.constraint_column_usage AS ccu USING (constraint_schema, constraint_catalog, table_name, constraint_name) JOIN information_schema.columns AS c ON c.table_schema = tc.constraint_schema AND tc.table_name = c.table_name AND ccu.column_name = c.column_name WHERE constraint_type IN ('PRIMARY KEY', 'UNIQUE') AND c.table_catalog = 'keuangan_keluarga' AND c.table_schema = CURRENT_SCHEMA() AND c.table_name = 'notifications'

2026/03/14 02:40:19 [32mC:/laragon/www/keuanganKeluarga/backend/internal/config/database.go:43
[0m[33m[0.000ms] [34;1m[rows:-][0m SELECT a.attname as column_name, format_type(a.atttypid, a.atttypmod) AS data_type
		FROM pg_attribute a JOIN pg_class b ON a.attrelid = b.oid AND relnamespace = (SELECT oid FROM pg_catalog.pg_namespace WHERE nspname = CURRENT_SCHEMA())
		WHERE a.attnum > 0 -- hide internal columns
		AND NOT a.attisdropped -- hide deleted columns
		AND b.relname = 'notifications'

2026/03/14 02:40:19 [32mC:/laragon/www/keuanganKeluarga/backend/internal/config/database.go:43
[0m[33m[0.000ms] [34;1m[rows:0][0m SELECT description FROM pg_catalog.pg_description WHERE objsubid = (SELECT ordinal_position FROM information_schema.columns WHERE table_schema = CURRENT_SCHEMA() AND table_name = 'notifications' AND column_name = 'id') AND objoid = (SELECT oid FROM pg_catalog.pg_class WHERE relname = 'notifications' AND relnamespace = (SELECT oid FROM pg_catalog.pg_namespace WHERE nspname = CURRENT_SCHEMA()))

2026/03/14 02:40:19 [32mC:/laragon/www/keuanganKeluarga/backend/internal/config/database.go:43
[0m[33m[1.002ms] [34;1m[rows:0][0m SELECT description FROM pg_catalog.pg_description WHERE objsubid = (SELECT ordinal_position FROM information_schema.columns WHERE table_schema = CURRENT_SCHEMA() AND table_name = 'notifications' AND column_name = 'user_id') AND objoid = (SELECT oid FROM pg_catalog.pg_class WHERE relname = 'notifications' AND relnamespace = (SELECT oid FROM pg_catalog.pg_namespace WHERE nspname = CURRENT_SCHEMA()))

2026/03/14 02:40:19 [32mC:/laragon/www/keuanganKeluarga/backend/internal/config/database.go:43
[0m[33m[0.000ms] [34;1m[rows:0][0m SELECT description FROM pg_catalog.pg_description WHERE objsubid = (SELECT ordinal_position FROM information_schema.columns WHERE table_schema = CURRENT_SCHEMA() AND table_name = 'notifications' AND column_name = 'type') AND objoid = (SELECT oid FROM pg_catalog.pg_class WHERE relname = 'notifications' AND relnamespace = (SELECT oid FROM pg_catalog.pg_namespace WHERE nspname = CURRENT_SCHEMA()))

2026/03/14 02:40:19 [32mC:/laragon/www/keuanganKeluarga/backend/internal/config/database.go:43
[0m[33m[0.000ms] [34;1m[rows:0][0m SELECT description FROM pg_catalog.pg_description WHERE objsubid = (SELECT ordinal_position FROM information_schema.columns WHERE table_schema = CURRENT_SCHEMA() AND table_name = 'notifications' AND column_name = 'title') AND objoid = (SELECT oid FROM pg_catalog.pg_class WHERE relname = 'notifications' AND relnamespace = (SELECT oid FROM pg_catalog.pg_namespace WHERE nspname = CURRENT_SCHEMA()))

2026/03/14 02:40:19 [32mC:/laragon/www/keuanganKeluarga/backend/internal/config/database.go:43
[0m[33m[0.767ms] [34;1m[rows:0][0m SELECT description FROM pg_catalog.pg_description WHERE objsubid = (SELECT ordinal_position FROM information_schema.columns WHERE table_schema = CURRENT_SCHEMA() AND table_name = 'notifications' AND column_name = 'message') AND objoid = (SELECT oid FROM pg_catalog.pg_class WHERE relname = 'notifications' AND relnamespace = (SELECT oid FROM pg_catalog.pg_namespace WHERE nspname = CURRENT_SCHEMA()))

2026/03/14 02:40:19 [32mC:/laragon/www/keuanganKeluarga/backend/internal/config/database.go:43
[0m[33m[0.516ms] [34;1m[rows:0][0m SELECT description FROM pg_catalog.pg_description WHERE objsubid = (SELECT ordinal_position FROM information_schema.columns WHERE table_schema = CURRENT_SCHEMA() AND table_name = 'notifications' AND column_name = 'is_read') AND objoid = (SELECT oid FROM pg_catalog.pg_class WHERE relname = 'notifications' AND relnamespace = (SELECT oid FROM pg_catalog.pg_namespace WHERE nspname = CURRENT_SCHEMA()))

2026/03/14 02:40:19 [32mC:/laragon/www/keuanganKeluarga/backend/internal/config/database.go:43
[0m[33m[0.000ms] [34;1m[rows:0][0m SELECT description FROM pg_catalog.pg_description WHERE objsubid = (SELECT ordinal_position FROM information_schema.columns WHERE table_schema = CURRENT_SCHEMA() AND table_name = 'notifications' AND column_name = 'created_at') AND objoid = (SELECT oid FROM pg_catalog.pg_class WHERE relname = 'notifications' AND relnamespace = (SELECT oid FROM pg_catalog.pg_namespace WHERE nspname = CURRENT_SCHEMA()))

2026/03/14 02:40:19 [32mC:/laragon/www/keuanganKeluarga/backend/internal/config/database.go:43
[0m[33m[0.575ms] [34;1m[rows:1][0m SELECT count(*) FROM pg_indexes WHERE tablename = 'notifications' AND indexname = 'idx_notifications_user_id' AND schemaname = CURRENT_SCHEMA()

2026/03/14 02:40:19 [32mC:/laragon/www/keuanganKeluarga/backend/internal/config/database.go:43
[0m[33m[0.000ms] [34;1m[rows:1][0m SELECT count(*) FROM information_schema.tables WHERE table_schema = CURRENT_SCHEMA() AND table_name = 'system_settings' AND table_type = 'BASE TABLE'

2026/03/14 02:40:19 [32mC:/laragon/www/keuanganKeluarga/backend/internal/config/database.go:43
[0m[33m[0.000ms] [34;1m[rows:1][0m SELECT CURRENT_DATABASE()

2026/03/14 02:40:19 [32mC:/laragon/www/keuanganKeluarga/backend/internal/config/database.go:43
[0m[33m[1.258ms] [34;1m[rows:-][0m SELECT c.column_name, c.is_nullable = 'YES', c.udt_name, c.character_maximum_length, c.numeric_precision, c.numeric_precision_radix, c.numeric_scale, c.datetime_precision, 8 * typlen, c.column_default, pd.description, c.identity_increment FROM information_schema.columns AS c JOIN pg_type AS pgt ON c.udt_name = pgt.typname LEFT JOIN pg_catalog.pg_description as pd ON pd.objsubid = c.ordinal_position AND pd.objoid = (SELECT oid FROM pg_catalog.pg_class WHERE relname = c.table_name AND relnamespace = (SELECT oid FROM pg_catalog.pg_namespace WHERE nspname = c.table_schema)) where table_catalog = 'keuangan_keluarga' AND table_schema = CURRENT_SCHEMA() AND table_name = 'system_settings'

2026/03/14 02:40:19 [32mC:/laragon/www/keuanganKeluarga/backend/internal/config/database.go:43
[0m[33m[2.567ms] [34;1m[rows:-][0m SELECT * FROM "system_settings" LIMIT 5

2026/03/14 02:40:19 [32mC:/laragon/www/keuanganKeluarga/backend/internal/config/database.go:43
[0m[33m[1.073ms] [34;1m[rows:-][0m SELECT constraint_name FROM information_schema.table_constraints tc JOIN information_schema.constraint_column_usage AS ccu USING (constraint_schema, constraint_catalog, table_name, constraint_name) JOIN information_schema.columns AS c ON c.table_schema = tc.constraint_schema AND tc.table_name = c.table_name AND ccu.column_name = c.column_name WHERE constraint_type IN ('PRIMARY KEY', 'UNIQUE') AND c.table_catalog = 'keuangan_keluarga' AND c.table_schema = CURRENT_SCHEMA() AND c.table_name = 'system_settings' AND constraint_type = 'UNIQUE'

2026/03/14 02:40:19 [32mC:/laragon/www/keuanganKeluarga/backend/internal/config/database.go:43
[0m[33m[0.522ms] [34;1m[rows:-][0m SELECT c.column_name, constraint_name, constraint_type FROM information_schema.table_constraints tc JOIN information_schema.constraint_column_usage AS ccu USING (constraint_schema, constraint_catalog, table_name, constraint_name) JOIN information_schema.columns AS c ON c.table_schema = tc.constraint_schema AND tc.table_name = c.table_name AND ccu.column_name = c.column_name WHERE constraint_type IN ('PRIMARY KEY', 'UNIQUE') AND c.table_catalog = 'keuangan_keluarga' AND c.table_schema = CURRENT_SCHEMA() AND c.table_name = 'system_settings'

2026/03/14 02:40:19 [32mC:/laragon/www/keuanganKeluarga/backend/internal/config/database.go:43
[0m[33m[0.000ms] [34;1m[rows:-][0m SELECT a.attname as column_name, format_type(a.atttypid, a.atttypmod) AS data_type
		FROM pg_attribute a JOIN pg_class b ON a.attrelid = b.oid AND relnamespace = (SELECT oid FROM pg_catalog.pg_namespace WHERE nspname = CURRENT_SCHEMA())
		WHERE a.attnum > 0 -- hide internal columns
		AND NOT a.attisdropped -- hide deleted columns
		AND b.relname = 'system_settings'

2026/03/14 02:40:19 [32mC:/laragon/www/keuanganKeluarga/backend/internal/config/database.go:43
[0m[33m[0.506ms] [34;1m[rows:0][0m SELECT description FROM pg_catalog.pg_description WHERE objsubid = (SELECT ordinal_position FROM information_schema.columns WHERE table_schema = CURRENT_SCHEMA() AND table_name = 'system_settings' AND column_name = 'id') AND objoid = (SELECT oid FROM pg_catalog.pg_class WHERE relname = 'system_settings' AND relnamespace = (SELECT oid FROM pg_catalog.pg_namespace WHERE nspname = CURRENT_SCHEMA()))

2026/03/14 02:40:19 [32mC:/laragon/www/keuanganKeluarga/backend/internal/config/database.go:43
[0m[33m[0.000ms] [34;1m[rows:0][0m SELECT description FROM pg_catalog.pg_description WHERE objsubid = (SELECT ordinal_position FROM information_schema.columns WHERE table_schema = CURRENT_SCHEMA() AND table_name = 'system_settings' AND column_name = 'key') AND objoid = (SELECT oid FROM pg_catalog.pg_class WHERE relname = 'system_settings' AND relnamespace = (SELECT oid FROM pg_catalog.pg_namespace WHERE nspname = CURRENT_SCHEMA()))

2026/03/14 02:40:19 [32mC:/laragon/www/keuanganKeluarga/backend/internal/config/database.go:43
[0m[33m[0.000ms] [34;1m[rows:0][0m SELECT description FROM pg_catalog.pg_description WHERE objsubid = (SELECT ordinal_position FROM information_schema.columns WHERE table_schema = CURRENT_SCHEMA() AND table_name = 'system_settings' AND column_name = 'value') AND objoid = (SELECT oid FROM pg_catalog.pg_class WHERE relname = 'system_settings' AND relnamespace = (SELECT oid FROM pg_catalog.pg_namespace WHERE nspname = CURRENT_SCHEMA()))

2026/03/14 02:40:19 [32mC:/laragon/www/keuanganKeluarga/backend/internal/config/database.go:43
[0m[33m[0.000ms] [34;1m[rows:0][0m SELECT description FROM pg_catalog.pg_description WHERE objsubid = (SELECT ordinal_position FROM information_schema.columns WHERE table_schema = CURRENT_SCHEMA() AND table_name = 'system_settings' AND column_name = 'created_at') AND objoid = (SELECT oid FROM pg_catalog.pg_class WHERE relname = 'system_settings' AND relnamespace = (SELECT oid FROM pg_catalog.pg_namespace WHERE nspname = CURRENT_SCHEMA()))

2026/03/14 02:40:19 [32mC:/laragon/www/keuanganKeluarga/backend/internal/config/database.go:43
[0m[33m[0.511ms] [34;1m[rows:0][0m SELECT description FROM pg_catalog.pg_description WHERE objsubid = (SELECT ordinal_position FROM information_schema.columns WHERE table_schema = CURRENT_SCHEMA() AND table_name = 'system_settings' AND column_name = 'updated_at') AND objoid = (SELECT oid FROM pg_catalog.pg_class WHERE relname = 'system_settings' AND relnamespace = (SELECT oid FROM pg_catalog.pg_namespace WHERE nspname = CURRENT_SCHEMA()))

2026/03/14 02:40:19 [32mC:/laragon/www/keuanganKeluarga/backend/internal/config/database.go:43
[0m[33m[0.000ms] [34;1m[rows:1][0m SELECT count(*) FROM pg_indexes WHERE tablename = 'system_settings' AND indexname = 'idx_system_settings_key' AND schemaname = CURRENT_SCHEMA()

2026/03/14 02:40:19 [32mC:/laragon/www/keuanganKeluarga/backend/internal/config/database.go:43
[0m[33m[0.000ms] [34;1m[rows:1][0m SELECT count(*) FROM information_schema.tables WHERE table_schema = CURRENT_SCHEMA() AND table_name = 'sub_plans' AND table_type = 'BASE TABLE'

2026/03/14 02:40:19 [32mC:/laragon/www/keuanganKeluarga/backend/internal/config/database.go:43
[0m[33m[0.574ms] [34;1m[rows:1][0m SELECT CURRENT_DATABASE()

2026/03/14 02:40:19 [32mC:/laragon/www/keuanganKeluarga/backend/internal/config/database.go:43
[0m[33m[0.569ms] [34;1m[rows:-][0m SELECT c.column_name, c.is_nullable = 'YES', c.udt_name, c.character_maximum_length, c.numeric_precision, c.numeric_precision_radix, c.numeric_scale, c.datetime_precision, 8 * typlen, c.column_default, pd.description, c.identity_increment FROM information_schema.columns AS c JOIN pg_type AS pgt ON c.udt_name = pgt.typname LEFT JOIN pg_catalog.pg_description as pd ON pd.objsubid = c.ordinal_position AND pd.objoid = (SELECT oid FROM pg_catalog.pg_class WHERE relname = c.table_name AND relnamespace = (SELECT oid FROM pg_catalog.pg_namespace WHERE nspname = c.table_schema)) where table_catalog = 'keuangan_keluarga' AND table_schema = CURRENT_SCHEMA() AND table_name = 'sub_plans'

2026/03/14 02:40:19 [32mC:/laragon/www/keuanganKeluarga/backend/internal/config/database.go:43
[0m[33m[1.940ms] [34;1m[rows:-][0m SELECT * FROM "sub_plans" LIMIT 5

2026/03/14 02:40:19 [32mC:/laragon/www/keuanganKeluarga/backend/internal/config/database.go:43
[0m[33m[0.518ms] [34;1m[rows:-][0m SELECT constraint_name FROM information_schema.table_constraints tc JOIN information_schema.constraint_column_usage AS ccu USING (constraint_schema, constraint_catalog, table_name, constraint_name) JOIN information_schema.columns AS c ON c.table_schema = tc.constraint_schema AND tc.table_name = c.table_name AND ccu.column_name = c.column_name WHERE constraint_type IN ('PRIMARY KEY', 'UNIQUE') AND c.table_catalog = 'keuangan_keluarga' AND c.table_schema = CURRENT_SCHEMA() AND c.table_name = 'sub_plans' AND constraint_type = 'UNIQUE'

2026/03/14 02:40:19 [32mC:/laragon/www/keuanganKeluarga/backend/internal/config/database.go:43
[0m[33m[1.596ms] [34;1m[rows:-][0m SELECT c.column_name, constraint_name, constraint_type FROM information_schema.table_constraints tc JOIN information_schema.constraint_column_usage AS ccu USING (constraint_schema, constraint_catalog, table_name, constraint_name) JOIN information_schema.columns AS c ON c.table_schema = tc.constraint_schema AND tc.table_name = c.table_name AND ccu.column_name = c.column_name WHERE constraint_type IN ('PRIMARY KEY', 'UNIQUE') AND c.table_catalog = 'keuangan_keluarga' AND c.table_schema = CURRENT_SCHEMA() AND c.table_name = 'sub_plans'

2026/03/14 02:40:19 [32mC:/laragon/www/keuanganKeluarga/backend/internal/config/database.go:43
[0m[33m[0.000ms] [34;1m[rows:-][0m SELECT a.attname as column_name, format_type(a.atttypid, a.atttypmod) AS data_type
		FROM pg_attribute a JOIN pg_class b ON a.attrelid = b.oid AND relnamespace = (SELECT oid FROM pg_catalog.pg_namespace WHERE nspname = CURRENT_SCHEMA())
		WHERE a.attnum > 0 -- hide internal columns
		AND NOT a.attisdropped -- hide deleted columns
		AND b.relname = 'sub_plans'

2026/03/14 02:40:19 [32mC:/laragon/www/keuanganKeluarga/backend/internal/config/database.go:43
[0m[33m[0.505ms] [34;1m[rows:0][0m SELECT description FROM pg_catalog.pg_description WHERE objsubid = (SELECT ordinal_position FROM information_schema.columns WHERE table_schema = CURRENT_SCHEMA() AND table_name = 'sub_plans' AND column_name = 'id') AND objoid = (SELECT oid FROM pg_catalog.pg_class WHERE relname = 'sub_plans' AND relnamespace = (SELECT oid FROM pg_catalog.pg_namespace WHERE nspname = CURRENT_SCHEMA()))

2026/03/14 02:40:19 [32mC:/laragon/www/keuanganKeluarga/backend/internal/config/database.go:43
[0m[33m[0.627ms] [34;1m[rows:0][0m SELECT description FROM pg_catalog.pg_description WHERE objsubid = (SELECT ordinal_position FROM information_schema.columns WHERE table_schema = CURRENT_SCHEMA() AND table_name = 'sub_plans' AND column_name = 'name') AND objoid = (SELECT oid FROM pg_catalog.pg_class WHERE relname = 'sub_plans' AND relnamespace = (SELECT oid FROM pg_catalog.pg_namespace WHERE nspname = CURRENT_SCHEMA()))

2026/03/14 02:40:19 [32mC:/laragon/www/keuanganKeluarga/backend/internal/config/database.go:43
[0m[33m[0.000ms] [34;1m[rows:0][0m SELECT description FROM pg_catalog.pg_description WHERE objsubid = (SELECT ordinal_position FROM information_schema.columns WHERE table_schema = CURRENT_SCHEMA() AND table_name = 'sub_plans' AND column_name = 'price') AND objoid = (SELECT oid FROM pg_catalog.pg_class WHERE relname = 'sub_plans' AND relnamespace = (SELECT oid FROM pg_catalog.pg_namespace WHERE nspname = CURRENT_SCHEMA()))

2026/03/14 02:40:19 [32mC:/laragon/www/keuanganKeluarga/backend/internal/config/database.go:43
[0m[33m[0.515ms] [34;1m[rows:0][0m SELECT description FROM pg_catalog.pg_description WHERE objsubid = (SELECT ordinal_position FROM information_schema.columns WHERE table_schema = CURRENT_SCHEMA() AND table_name = 'sub_plans' AND column_name = 'max_members') AND objoid = (SELECT oid FROM pg_catalog.pg_class WHERE relname = 'sub_plans' AND relnamespace = (SELECT oid FROM pg_catalog.pg_namespace WHERE nspname = CURRENT_SCHEMA()))

2026/03/14 02:40:19 [32mC:/laragon/www/keuanganKeluarga/backend/internal/config/database.go:43
[0m[33m[0.000ms] [34;1m[rows:0][0m SELECT description FROM pg_catalog.pg_description WHERE objsubid = (SELECT ordinal_position FROM information_schema.columns WHERE table_schema = CURRENT_SCHEMA() AND table_name = 'sub_plans' AND column_name = 'duration_days') AND objoid = (SELECT oid FROM pg_catalog.pg_class WHERE relname = 'sub_plans' AND relnamespace = (SELECT oid FROM pg_catalog.pg_namespace WHERE nspname = CURRENT_SCHEMA()))

2026/03/14 02:40:19 [32mC:/laragon/www/keuanganKeluarga/backend/internal/config/database.go:43
[0m[33m[0.510ms] [34;1m[rows:0][0m SELECT description FROM pg_catalog.pg_description WHERE objsubid = (SELECT ordinal_position FROM information_schema.columns WHERE table_schema = CURRENT_SCHEMA() AND table_name = 'sub_plans' AND column_name = 'description') AND objoid = (SELECT oid FROM pg_catalog.pg_class WHERE relname = 'sub_plans' AND relnamespace = (SELECT oid FROM pg_catalog.pg_namespace WHERE nspname = CURRENT_SCHEMA()))

2026/03/14 02:40:19 [32mC:/laragon/www/keuanganKeluarga/backend/internal/config/database.go:43
[0m[33m[0.000ms] [34;1m[rows:0][0m SELECT description FROM pg_catalog.pg_description WHERE objsubid = (SELECT ordinal_position FROM information_schema.columns WHERE table_schema = CURRENT_SCHEMA() AND table_name = 'sub_plans' AND column_name = 'features') AND objoid = (SELECT oid FROM pg_catalog.pg_class WHERE relname = 'sub_plans' AND relnamespace = (SELECT oid FROM pg_catalog.pg_namespace WHERE nspname = CURRENT_SCHEMA()))

2026/03/14 02:40:19 [32mC:/laragon/www/keuanganKeluarga/backend/internal/config/database.go:43
[0m[33m[0.625ms] [34;1m[rows:1][0m SELECT count(*) FROM information_schema.tables WHERE table_schema = CURRENT_SCHEMA() AND table_name = 'payment_transactions' AND table_type = 'BASE TABLE'

2026/03/14 02:40:19 [32mC:/laragon/www/keuanganKeluarga/backend/internal/config/database.go:43
[0m[33m[0.000ms] [34;1m[rows:1][0m SELECT CURRENT_DATABASE()

2026/03/14 02:40:19 [32mC:/laragon/www/keuanganKeluarga/backend/internal/config/database.go:43
[0m[33m[2.561ms] [34;1m[rows:-][0m SELECT c.column_name, c.is_nullable = 'YES', c.udt_name, c.character_maximum_length, c.numeric_precision, c.numeric_precision_radix, c.numeric_scale, c.datetime_precision, 8 * typlen, c.column_default, pd.description, c.identity_increment FROM information_schema.columns AS c JOIN pg_type AS pgt ON c.udt_name = pgt.typname LEFT JOIN pg_catalog.pg_description as pd ON pd.objsubid = c.ordinal_position AND pd.objoid = (SELECT oid FROM pg_catalog.pg_class WHERE relname = c.table_name AND relnamespace = (SELECT oid FROM pg_catalog.pg_namespace WHERE nspname = c.table_schema)) where table_catalog = 'keuangan_keluarga' AND table_schema = CURRENT_SCHEMA() AND table_name = 'payment_transactions'

2026/03/14 02:40:19 [32mC:/laragon/www/keuanganKeluarga/backend/internal/config/database.go:43
[0m[33m[3.129ms] [34;1m[rows:-][0m SELECT * FROM "payment_transactions" LIMIT 5

2026/03/14 02:40:19 [32mC:/laragon/www/keuanganKeluarga/backend/internal/config/database.go:43
[0m[33m[0.505ms] [34;1m[rows:-][0m SELECT constraint_name FROM information_schema.table_constraints tc JOIN information_schema.constraint_column_usage AS ccu USING (constraint_schema, constraint_catalog, table_name, constraint_name) JOIN information_schema.columns AS c ON c.table_schema = tc.constraint_schema AND tc.table_name = c.table_name AND ccu.column_name = c.column_name WHERE constraint_type IN ('PRIMARY KEY', 'UNIQUE') AND c.table_catalog = 'keuangan_keluarga' AND c.table_schema = CURRENT_SCHEMA() AND c.table_name = 'payment_transactions' AND constraint_type = 'UNIQUE'

2026/03/14 02:40:19 [32mC:/laragon/www/keuanganKeluarga/backend/internal/config/database.go:43
[0m[33m[0.505ms] [34;1m[rows:-][0m SELECT c.column_name, constraint_name, constraint_type FROM information_schema.table_constraints tc JOIN information_schema.constraint_column_usage AS ccu USING (constraint_schema, constraint_catalog, table_name, constraint_name) JOIN information_schema.columns AS c ON c.table_schema = tc.constraint_schema AND tc.table_name = c.table_name AND ccu.column_name = c.column_name WHERE constraint_type IN ('PRIMARY KEY', 'UNIQUE') AND c.table_catalog = 'keuangan_keluarga' AND c.table_schema = CURRENT_SCHEMA() AND c.table_name = 'payment_transactions'

2026/03/14 02:40:19 [32mC:/laragon/www/keuanganKeluarga/backend/internal/config/database.go:43
[0m[33m[0.000ms] [34;1m[rows:-][0m SELECT a.attname as column_name, format_type(a.atttypid, a.atttypmod) AS data_type
		FROM pg_attribute a JOIN pg_class b ON a.attrelid = b.oid AND relnamespace = (SELECT oid FROM pg_catalog.pg_namespace WHERE nspname = CURRENT_SCHEMA())
		WHERE a.attnum > 0 -- hide internal columns
		AND NOT a.attisdropped -- hide deleted columns
		AND b.relname = 'payment_transactions'

2026/03/14 02:40:19 [32mC:/laragon/www/keuanganKeluarga/backend/internal/config/database.go:43
[0m[33m[0.000ms] [34;1m[rows:0][0m SELECT description FROM pg_catalog.pg_description WHERE objsubid = (SELECT ordinal_position FROM information_schema.columns WHERE table_schema = CURRENT_SCHEMA() AND table_name = 'payment_transactions' AND column_name = 'id') AND objoid = (SELECT oid FROM pg_catalog.pg_class WHERE relname = 'payment_transactions' AND relnamespace = (SELECT oid FROM pg_catalog.pg_namespace WHERE nspname = CURRENT_SCHEMA()))

2026/03/14 02:40:19 [32mC:/laragon/www/keuanganKeluarga/backend/internal/config/database.go:43
[0m[33m[1.853ms] [34;1m[rows:0][0m SELECT description FROM pg_catalog.pg_description WHERE objsubid = (SELECT ordinal_position FROM information_schema.columns WHERE table_schema = CURRENT_SCHEMA() AND table_name = 'payment_transactions' AND column_name = 'reference') AND objoid = (SELECT oid FROM pg_catalog.pg_class WHERE relname = 'payment_transactions' AND relnamespace = (SELECT oid FROM pg_catalog.pg_namespace WHERE nspname = CURRENT_SCHEMA()))

2026/03/14 02:40:19 [32mC:/laragon/www/keuanganKeluarga/backend/internal/config/database.go:43
[0m[33m[0.000ms] [34;1m[rows:0][0m SELECT description FROM pg_catalog.pg_description WHERE objsubid = (SELECT ordinal_position FROM information_schema.columns WHERE table_schema = CURRENT_SCHEMA() AND table_name = 'payment_transactions' AND column_name = 'merchant_ref') AND objoid = (SELECT oid FROM pg_catalog.pg_class WHERE relname = 'payment_transactions' AND relnamespace = (SELECT oid FROM pg_catalog.pg_namespace WHERE nspname = CURRENT_SCHEMA()))

2026/03/14 02:40:19 [32mC:/laragon/www/keuanganKeluarga/backend/internal/config/database.go:43
[0m[33m[0.627ms] [34;1m[rows:0][0m SELECT description FROM pg_catalog.pg_description WHERE objsubid = (SELECT ordinal_position FROM information_schema.columns WHERE table_schema = CURRENT_SCHEMA() AND table_name = 'payment_transactions' AND column_name = 'family_id') AND objoid = (SELECT oid FROM pg_catalog.pg_class WHERE relname = 'payment_transactions' AND relnamespace = (SELECT oid FROM pg_catalog.pg_namespace WHERE nspname = CURRENT_SCHEMA()))

2026/03/14 02:40:19 [32mC:/laragon/www/keuanganKeluarga/backend/internal/config/database.go:43
[0m[33m[0.516ms] [34;1m[rows:0][0m SELECT description FROM pg_catalog.pg_description WHERE objsubid = (SELECT ordinal_position FROM information_schema.columns WHERE table_schema = CURRENT_SCHEMA() AND table_name = 'payment_transactions' AND column_name = 'plan_id') AND objoid = (SELECT oid FROM pg_catalog.pg_class WHERE relname = 'payment_transactions' AND relnamespace = (SELECT oid FROM pg_catalog.pg_namespace WHERE nspname = CURRENT_SCHEMA()))

2026/03/14 02:40:19 [32mC:/laragon/www/keuanganKeluarga/backend/internal/config/database.go:43
[0m[33m[0.554ms] [34;1m[rows:0][0m SELECT description FROM pg_catalog.pg_description WHERE objsubid = (SELECT ordinal_position FROM information_schema.columns WHERE table_schema = CURRENT_SCHEMA() AND table_name = 'payment_transactions' AND column_name = 'plan_name') AND objoid = (SELECT oid FROM pg_catalog.pg_class WHERE relname = 'payment_transactions' AND relnamespace = (SELECT oid FROM pg_catalog.pg_namespace WHERE nspname = CURRENT_SCHEMA()))

2026/03/14 02:40:19 [32mC:/laragon/www/keuanganKeluarga/backend/internal/config/database.go:43
[0m[33m[0.000ms] [34;1m[rows:0][0m SELECT description FROM pg_catalog.pg_description WHERE objsubid = (SELECT ordinal_position FROM information_schema.columns WHERE table_schema = CURRENT_SCHEMA() AND table_name = 'payment_transactions' AND column_name = 'amount') AND objoid = (SELECT oid FROM pg_catalog.pg_class WHERE relname = 'payment_transactions' AND relnamespace = (SELECT oid FROM pg_catalog.pg_namespace WHERE nspname = CURRENT_SCHEMA()))

2026/03/14 02:40:19 [32mC:/laragon/www/keuanganKeluarga/backend/internal/config/database.go:43
[0m[33m[0.548ms] [34;1m[rows:0][0m SELECT description FROM pg_catalog.pg_description WHERE objsubid = (SELECT ordinal_position FROM information_schema.columns WHERE table_schema = CURRENT_SCHEMA() AND table_name = 'payment_transactions' AND column_name = 'fee') AND objoid = (SELECT oid FROM pg_catalog.pg_class WHERE relname = 'payment_transactions' AND relnamespace = (SELECT oid FROM pg_catalog.pg_namespace WHERE nspname = CURRENT_SCHEMA()))

2026/03/14 02:40:19 [32mC:/laragon/www/keuanganKeluarga/backend/internal/config/database.go:43
[0m[33m[0.000ms] [34;1m[rows:0][0m SELECT description FROM pg_catalog.pg_description WHERE objsubid = (SELECT ordinal_position FROM information_schema.columns WHERE table_schema = CURRENT_SCHEMA() AND table_name = 'payment_transactions' AND column_name = 'total_amount') AND objoid = (SELECT oid FROM pg_catalog.pg_class WHERE relname = 'payment_transactions' AND relnamespace = (SELECT oid FROM pg_catalog.pg_namespace WHERE nspname = CURRENT_SCHEMA()))

2026/03/14 02:40:19 [32mC:/laragon/www/keuanganKeluarga/backend/internal/config/database.go:43
[0m[33m[0.587ms] [34;1m[rows:0][0m SELECT description FROM pg_catalog.pg_description WHERE objsubid = (SELECT ordinal_position FROM information_schema.columns WHERE table_schema = CURRENT_SCHEMA() AND table_name = 'payment_transactions' AND column_name = 'status') AND objoid = (SELECT oid FROM pg_catalog.pg_class WHERE relname = 'payment_transactions' AND relnamespace = (SELECT oid FROM pg_catalog.pg_namespace WHERE nspname = CURRENT_SCHEMA()))

2026/03/14 02:40:19 [32mC:/laragon/www/keuanganKeluarga/backend/internal/config/database.go:43
[0m[33m[0.000ms] [34;1m[rows:0][0m SELECT description FROM pg_catalog.pg_description WHERE objsubid = (SELECT ordinal_position FROM information_schema.columns WHERE table_schema = CURRENT_SCHEMA() AND table_name = 'payment_transactions' AND column_name = 'payment_method') AND objoid = (SELECT oid FROM pg_catalog.pg_class WHERE relname = 'payment_transactions' AND relnamespace = (SELECT oid FROM pg_catalog.pg_namespace WHERE nspname = CURRENT_SCHEMA()))

2026/03/14 02:40:19 [32mC:/laragon/www/keuanganKeluarga/backend/internal/config/database.go:43
[0m[33m[0.555ms] [34;1m[rows:0][0m SELECT description FROM pg_catalog.pg_description WHERE objsubid = (SELECT ordinal_position FROM information_schema.columns WHERE table_schema = CURRENT_SCHEMA() AND table_name = 'payment_transactions' AND column_name = 'payment_name') AND objoid = (SELECT oid FROM pg_catalog.pg_class WHERE relname = 'payment_transactions' AND relnamespace = (SELECT oid FROM pg_catalog.pg_namespace WHERE nspname = CURRENT_SCHEMA()))

2026/03/14 02:40:19 [32mC:/laragon/www/keuanganKeluarga/backend/internal/config/database.go:43
[0m[33m[0.000ms] [34;1m[rows:0][0m SELECT description FROM pg_catalog.pg_description WHERE objsubid = (SELECT ordinal_position FROM information_schema.columns WHERE table_schema = CURRENT_SCHEMA() AND table_name = 'payment_transactions' AND column_name = 'pay_code') AND objoid = (SELECT oid FROM pg_catalog.pg_class WHERE relname = 'payment_transactions' AND relnamespace = (SELECT oid FROM pg_catalog.pg_namespace WHERE nspname = CURRENT_SCHEMA()))

2026/03/14 02:40:19 [32mC:/laragon/www/keuanganKeluarga/backend/internal/config/database.go:43
[0m[33m[0.532ms] [34;1m[rows:0][0m SELECT description FROM pg_catalog.pg_description WHERE objsubid = (SELECT ordinal_position FROM information_schema.columns WHERE table_schema = CURRENT_SCHEMA() AND table_name = 'payment_transactions' AND column_name = 'qr_code_url') AND objoid = (SELECT oid FROM pg_catalog.pg_class WHERE relname = 'payment_transactions' AND relnamespace = (SELECT oid FROM pg_catalog.pg_namespace WHERE nspname = CURRENT_SCHEMA()))

2026/03/14 02:40:19 [32mC:/laragon/www/keuanganKeluarga/backend/internal/config/database.go:43
[0m[33m[0.000ms] [34;1m[rows:0][0m SELECT description FROM pg_catalog.pg_description WHERE objsubid = (SELECT ordinal_position FROM information_schema.columns WHERE table_schema = CURRENT_SCHEMA() AND table_name = 'payment_transactions' AND column_name = 'checkout_url') AND objoid = (SELECT oid FROM pg_catalog.pg_class WHERE relname = 'payment_transactions' AND relnamespace = (SELECT oid FROM pg_catalog.pg_namespace WHERE nspname = CURRENT_SCHEMA()))

2026/03/14 02:40:19 [32mC:/laragon/www/keuanganKeluarga/backend/internal/config/database.go:43
[0m[33m[0.510ms] [34;1m[rows:0][0m SELECT description FROM pg_catalog.pg_description WHERE objsubid = (SELECT ordinal_position FROM information_schema.columns WHERE table_schema = CURRENT_SCHEMA() AND table_name = 'payment_transactions' AND column_name = 'instructions') AND objoid = (SELECT oid FROM pg_catalog.pg_class WHERE relname = 'payment_transactions' AND relnamespace = (SELECT oid FROM pg_catalog.pg_namespace WHERE nspname = CURRENT_SCHEMA()))

2026/03/14 02:40:19 [32mC:/laragon/www/keuanganKeluarga/backend/internal/config/database.go:43
[0m[33m[0.000ms] [34;1m[rows:0][0m SELECT description FROM pg_catalog.pg_description WHERE objsubid = (SELECT ordinal_position FROM information_schema.columns WHERE table_schema = CURRENT_SCHEMA() AND table_name = 'payment_transactions' AND column_name = 'expired_at') AND objoid = (SELECT oid FROM pg_catalog.pg_class WHERE relname = 'payment_transactions' AND relnamespace = (SELECT oid FROM pg_catalog.pg_namespace WHERE nspname = CURRENT_SCHEMA()))

2026/03/14 02:40:19 [32mC:/laragon/www/keuanganKeluarga/backend/internal/config/database.go:43
[0m[33m[0.799ms] [34;1m[rows:0][0m SELECT description FROM pg_catalog.pg_description WHERE objsubid = (SELECT ordinal_position FROM information_schema.columns WHERE table_schema = CURRENT_SCHEMA() AND table_name = 'payment_transactions' AND column_name = 'paid_at') AND objoid = (SELECT oid FROM pg_catalog.pg_class WHERE relname = 'payment_transactions' AND relnamespace = (SELECT oid FROM pg_catalog.pg_namespace WHERE nspname = CURRENT_SCHEMA()))

2026/03/14 02:40:19 [32mC:/laragon/www/keuanganKeluarga/backend/internal/config/database.go:43
[0m[33m[0.000ms] [34;1m[rows:0][0m SELECT description FROM pg_catalog.pg_description WHERE objsubid = (SELECT ordinal_position FROM information_schema.columns WHERE table_schema = CURRENT_SCHEMA() AND table_name = 'payment_transactions' AND column_name = 'created_at') AND objoid = (SELECT oid FROM pg_catalog.pg_class WHERE relname = 'payment_transactions' AND relnamespace = (SELECT oid FROM pg_catalog.pg_namespace WHERE nspname = CURRENT_SCHEMA()))

2026/03/14 02:40:19 [32mC:/laragon/www/keuanganKeluarga/backend/internal/config/database.go:43
[0m[33m[0.622ms] [34;1m[rows:0][0m SELECT description FROM pg_catalog.pg_description WHERE objsubid = (SELECT ordinal_position FROM information_schema.columns WHERE table_schema = CURRENT_SCHEMA() AND table_name = 'payment_transactions' AND column_name = 'updated_at') AND objoid = (SELECT oid FROM pg_catalog.pg_class WHERE relname = 'payment_transactions' AND relnamespace = (SELECT oid FROM pg_catalog.pg_namespace WHERE nspname = CURRENT_SCHEMA()))

2026/03/14 02:40:19 [32mC:/laragon/www/keuanganKeluarga/backend/internal/config/database.go:43
[0m[33m[0.582ms] [34;1m[rows:1][0m SELECT count(*) FROM INFORMATION_SCHEMA.table_constraints WHERE table_schema = CURRENT_SCHEMA() AND table_name = 'payment_transactions' AND constraint_name = 'fk_payment_transactions_family'

2026/03/14 02:40:19 [32mC:/laragon/www/keuanganKeluarga/backend/internal/config/database.go:43
[0m[33m[0.672ms] [34;1m[rows:1][0m SELECT count(*) FROM pg_indexes WHERE tablename = 'payment_transactions' AND indexname = 'idx_payment_transactions_reference' AND schemaname = CURRENT_SCHEMA()

2026/03/14 02:40:19 [32mC:/laragon/www/keuanganKeluarga/backend/internal/config/database.go:43
[0m[33m[0.000ms] [34;1m[rows:1][0m SELECT count(*) FROM pg_indexes WHERE tablename = 'payment_transactions' AND indexname = 'idx_payment_transactions_merchant_ref' AND schemaname = CURRENT_SCHEMA()

2026/03/14 02:40:19 [32mC:/laragon/www/keuanganKeluarga/backend/internal/config/database.go:43
[0m[33m[0.506ms] [34;1m[rows:1][0m SELECT count(*) FROM information_schema.tables WHERE table_schema = CURRENT_SCHEMA() AND table_name = 'family_challenges' AND table_type = 'BASE TABLE'

2026/03/14 02:40:19 [32mC:/laragon/www/keuanganKeluarga/backend/internal/config/database.go:43
[0m[33m[0.000ms] [34;1m[rows:1][0m SELECT CURRENT_DATABASE()

2026/03/14 02:40:19 [32mC:/laragon/www/keuanganKeluarga/backend/internal/config/database.go:43
[0m[33m[1.681ms] [34;1m[rows:-][0m SELECT c.column_name, c.is_nullable = 'YES', c.udt_name, c.character_maximum_length, c.numeric_precision, c.numeric_precision_radix, c.numeric_scale, c.datetime_precision, 8 * typlen, c.column_default, pd.description, c.identity_increment FROM information_schema.columns AS c JOIN pg_type AS pgt ON c.udt_name = pgt.typname LEFT JOIN pg_catalog.pg_description as pd ON pd.objsubid = c.ordinal_position AND pd.objoid = (SELECT oid FROM pg_catalog.pg_class WHERE relname = c.table_name AND relnamespace = (SELECT oid FROM pg_catalog.pg_namespace WHERE nspname = c.table_schema)) where table_catalog = 'keuangan_keluarga' AND table_schema = CURRENT_SCHEMA() AND table_name = 'family_challenges'

2026/03/14 02:40:19 [32mC:/laragon/www/keuanganKeluarga/backend/internal/config/database.go:43
[0m[33m[1.766ms] [34;1m[rows:-][0m SELECT * FROM "family_challenges" LIMIT 5

2026/03/14 02:40:19 [32mC:/laragon/www/keuanganKeluarga/backend/internal/config/database.go:43
[0m[33m[0.506ms] [34;1m[rows:-][0m SELECT constraint_name FROM information_schema.table_constraints tc JOIN information_schema.constraint_column_usage AS ccu USING (constraint_schema, constraint_catalog, table_name, constraint_name) JOIN information_schema.columns AS c ON c.table_schema = tc.constraint_schema AND tc.table_name = c.table_name AND ccu.column_name = c.column_name WHERE constraint_type IN ('PRIMARY KEY', 'UNIQUE') AND c.table_catalog = 'keuangan_keluarga' AND c.table_schema = CURRENT_SCHEMA() AND c.table_name = 'family_challenges' AND constraint_type = 'UNIQUE'

2026/03/14 02:40:19 [32mC:/laragon/www/keuanganKeluarga/backend/internal/config/database.go:43
[0m[33m[0.505ms] [34;1m[rows:-][0m SELECT c.column_name, constraint_name, constraint_type FROM information_schema.table_constraints tc JOIN information_schema.constraint_column_usage AS ccu USING (constraint_schema, constraint_catalog, table_name, constraint_name) JOIN information_schema.columns AS c ON c.table_schema = tc.constraint_schema AND tc.table_name = c.table_name AND ccu.column_name = c.column_name WHERE constraint_type IN ('PRIMARY KEY', 'UNIQUE') AND c.table_catalog = 'keuangan_keluarga' AND c.table_schema = CURRENT_SCHEMA() AND c.table_name = 'family_challenges'

2026/03/14 02:40:19 [32mC:/laragon/www/keuanganKeluarga/backend/internal/config/database.go:43
[0m[33m[0.000ms] [34;1m[rows:-][0m SELECT a.attname as column_name, format_type(a.atttypid, a.atttypmod) AS data_type
		FROM pg_attribute a JOIN pg_class b ON a.attrelid = b.oid AND relnamespace = (SELECT oid FROM pg_catalog.pg_namespace WHERE nspname = CURRENT_SCHEMA())
		WHERE a.attnum > 0 -- hide internal columns
		AND NOT a.attisdropped -- hide deleted columns
		AND b.relname = 'family_challenges'

2026/03/14 02:40:19 [32mC:/laragon/www/keuanganKeluarga/backend/internal/config/database.go:43
[0m[33m[0.000ms] [34;1m[rows:0][0m SELECT description FROM pg_catalog.pg_description WHERE objsubid = (SELECT ordinal_position FROM information_schema.columns WHERE table_schema = CURRENT_SCHEMA() AND table_name = 'family_challenges' AND column_name = 'id') AND objoid = (SELECT oid FROM pg_catalog.pg_class WHERE relname = 'family_challenges' AND relnamespace = (SELECT oid FROM pg_catalog.pg_namespace WHERE nspname = CURRENT_SCHEMA()))

2026/03/14 02:40:19 [32mC:/laragon/www/keuanganKeluarga/backend/internal/config/database.go:43
[0m[33m[0.515ms] [34;1m[rows:0][0m SELECT description FROM pg_catalog.pg_description WHERE objsubid = (SELECT ordinal_position FROM information_schema.columns WHERE table_schema = CURRENT_SCHEMA() AND table_name = 'family_challenges' AND column_name = 'family_id') AND objoid = (SELECT oid FROM pg_catalog.pg_class WHERE relname = 'family_challenges' AND relnamespace = (SELECT oid FROM pg_catalog.pg_namespace WHERE nspname = CURRENT_SCHEMA()))

2026/03/14 02:40:19 [32mC:/laragon/www/keuanganKeluarga/backend/internal/config/database.go:43
[0m[33m[0.000ms] [34;1m[rows:0][0m SELECT description FROM pg_catalog.pg_description WHERE objsubid = (SELECT ordinal_position FROM information_schema.columns WHERE table_schema = CURRENT_SCHEMA() AND table_name = 'family_challenges' AND column_name = 'type') AND objoid = (SELECT oid FROM pg_catalog.pg_class WHERE relname = 'family_challenges' AND relnamespace = (SELECT oid FROM pg_catalog.pg_namespace WHERE nspname = CURRENT_SCHEMA()))

2026/03/14 02:40:19 [32mC:/laragon/www/keuanganKeluarga/backend/internal/config/database.go:43
[0m[33m[0.605ms] [34;1m[rows:0][0m SELECT description FROM pg_catalog.pg_description WHERE objsubid = (SELECT ordinal_position FROM information_schema.columns WHERE table_schema = CURRENT_SCHEMA() AND table_name = 'family_challenges' AND column_name = 'title') AND objoid = (SELECT oid FROM pg_catalog.pg_class WHERE relname = 'family_challenges' AND relnamespace = (SELECT oid FROM pg_catalog.pg_namespace WHERE nspname = CURRENT_SCHEMA()))

2026/03/14 02:40:19 [32mC:/laragon/www/keuanganKeluarga/backend/internal/config/database.go:43
[0m[33m[0.000ms] [34;1m[rows:0][0m SELECT description FROM pg_catalog.pg_description WHERE objsubid = (SELECT ordinal_position FROM information_schema.columns WHERE table_schema = CURRENT_SCHEMA() AND table_name = 'family_challenges' AND column_name = 'description') AND objoid = (SELECT oid FROM pg_catalog.pg_class WHERE relname = 'family_challenges' AND relnamespace = (SELECT oid FROM pg_catalog.pg_namespace WHERE nspname = CURRENT_SCHEMA()))

2026/03/14 02:40:19 [32mC:/laragon/www/keuanganKeluarga/backend/internal/config/database.go:43
[0m[33m[0.716ms] [34;1m[rows:0][0m SELECT description FROM pg_catalog.pg_description WHERE objsubid = (SELECT ordinal_position FROM information_schema.columns WHERE table_schema = CURRENT_SCHEMA() AND table_name = 'family_challenges' AND column_name = 'status') AND objoid = (SELECT oid FROM pg_catalog.pg_class WHERE relname = 'family_challenges' AND relnamespace = (SELECT oid FROM pg_catalog.pg_namespace WHERE nspname = CURRENT_SCHEMA()))

2026/03/14 02:40:19 [32mC:/laragon/www/keuanganKeluarga/backend/internal/config/database.go:43
[0m[33m[0.000ms] [34;1m[rows:0][0m SELECT description FROM pg_catalog.pg_description WHERE objsubid = (SELECT ordinal_position FROM information_schema.columns WHERE table_schema = CURRENT_SCHEMA() AND table_name = 'family_challenges' AND column_name = 'points') AND objoid = (SELECT oid FROM pg_catalog.pg_class WHERE relname = 'family_challenges' AND relnamespace = (SELECT oid FROM pg_catalog.pg_namespace WHERE nspname = CURRENT_SCHEMA()))

2026/03/14 02:40:19 [32mC:/laragon/www/keuanganKeluarga/backend/internal/config/database.go:43
[0m[33m[0.571ms] [34;1m[rows:0][0m SELECT description FROM pg_catalog.pg_description WHERE objsubid = (SELECT ordinal_position FROM information_schema.columns WHERE table_schema = CURRENT_SCHEMA() AND table_name = 'family_challenges' AND column_name = 'metadata') AND objoid = (SELECT oid FROM pg_catalog.pg_class WHERE relname = 'family_challenges' AND relnamespace = (SELECT oid FROM pg_catalog.pg_namespace WHERE nspname = CURRENT_SCHEMA()))

2026/03/14 02:40:19 [32mC:/laragon/www/keuanganKeluarga/backend/internal/config/database.go:43
[0m[33m[0.000ms] [34;1m[rows:0][0m SELECT description FROM pg_catalog.pg_description WHERE objsubid = (SELECT ordinal_position FROM information_schema.columns WHERE table_schema = CURRENT_SCHEMA() AND table_name = 'family_challenges' AND column_name = 'start_date') AND objoid = (SELECT oid FROM pg_catalog.pg_class WHERE relname = 'family_challenges' AND relnamespace = (SELECT oid FROM pg_catalog.pg_namespace WHERE nspname = CURRENT_SCHEMA()))

2026/03/14 02:40:19 [32mC:/laragon/www/keuanganKeluarga/backend/internal/config/database.go:43
[0m[33m[0.510ms] [34;1m[rows:0][0m SELECT description FROM pg_catalog.pg_description WHERE objsubid = (SELECT ordinal_position FROM information_schema.columns WHERE table_schema = CURRENT_SCHEMA() AND table_name = 'family_challenges' AND column_name = 'end_date') AND objoid = (SELECT oid FROM pg_catalog.pg_class WHERE relname = 'family_challenges' AND relnamespace = (SELECT oid FROM pg_catalog.pg_namespace WHERE nspname = CURRENT_SCHEMA()))

2026/03/14 02:40:19 [32mC:/laragon/www/keuanganKeluarga/backend/internal/config/database.go:43
[0m[33m[0.000ms] [34;1m[rows:0][0m SELECT description FROM pg_catalog.pg_description WHERE objsubid = (SELECT ordinal_position FROM information_schema.columns WHERE table_schema = CURRENT_SCHEMA() AND table_name = 'family_challenges' AND column_name = 'created_at') AND objoid = (SELECT oid FROM pg_catalog.pg_class WHERE relname = 'family_challenges' AND relnamespace = (SELECT oid FROM pg_catalog.pg_namespace WHERE nspname = CURRENT_SCHEMA()))

2026/03/14 02:40:19 [32mC:/laragon/www/keuanganKeluarga/backend/internal/config/database.go:43
[0m[33m[0.585ms] [34;1m[rows:0][0m SELECT description FROM pg_catalog.pg_description WHERE objsubid = (SELECT ordinal_position FROM information_schema.columns WHERE table_schema = CURRENT_SCHEMA() AND table_name = 'family_challenges' AND column_name = 'updated_at') AND objoid = (SELECT oid FROM pg_catalog.pg_class WHERE relname = 'family_challenges' AND relnamespace = (SELECT oid FROM pg_catalog.pg_namespace WHERE nspname = CURRENT_SCHEMA()))

2026/03/14 02:40:19 [32mC:/laragon/www/keuanganKeluarga/backend/internal/config/database.go:43
[0m[33m[0.509ms] [34;1m[rows:1][0m SELECT count(*) FROM INFORMATION_SCHEMA.table_constraints WHERE table_schema = CURRENT_SCHEMA() AND table_name = 'family_challenges' AND constraint_name = 'fk_family_challenges_family'

2026/03/14 02:40:19 [32mC:/laragon/www/keuanganKeluarga/backend/internal/config/database.go:43
[0m[33m[0.000ms] [34;1m[rows:1][0m SELECT count(*) FROM pg_indexes WHERE tablename = 'family_challenges' AND indexname = 'idx_family_challenges_family_id' AND schemaname = CURRENT_SCHEMA()

2026/03/14 02:40:19 [32mC:/laragon/www/keuanganKeluarga/backend/internal/config/database.go:43
[0m[33m[0.000ms] [34;1m[rows:1][0m SELECT count(*) FROM information_schema.tables WHERE table_schema = CURRENT_SCHEMA() AND table_name = 'blog_categories' AND table_type = 'BASE TABLE'

2026/03/14 02:40:19 [32mC:/laragon/www/keuanganKeluarga/backend/internal/config/database.go:43
[0m[33m[0.000ms] [34;1m[rows:1][0m SELECT CURRENT_DATABASE()

2026/03/14 02:40:19 [32mC:/laragon/www/keuanganKeluarga/backend/internal/config/database.go:43
[0m[33m[0.517ms] [34;1m[rows:-][0m SELECT c.column_name, c.is_nullable = 'YES', c.udt_name, c.character_maximum_length, c.numeric_precision, c.numeric_precision_radix, c.numeric_scale, c.datetime_precision, 8 * typlen, c.column_default, pd.description, c.identity_increment FROM information_schema.columns AS c JOIN pg_type AS pgt ON c.udt_name = pgt.typname LEFT JOIN pg_catalog.pg_description as pd ON pd.objsubid = c.ordinal_position AND pd.objoid = (SELECT oid FROM pg_catalog.pg_class WHERE relname = c.table_name AND relnamespace = (SELECT oid FROM pg_catalog.pg_namespace WHERE nspname = c.table_schema)) where table_catalog = 'keuangan_keluarga' AND table_schema = CURRENT_SCHEMA() AND table_name = 'blog_categories'

2026/03/14 02:40:19 [32mC:/laragon/www/keuanganKeluarga/backend/internal/config/database.go:43
[0m[33m[2.677ms] [34;1m[rows:-][0m SELECT * FROM "blog_categories" LIMIT 5

2026/03/14 02:40:19 [32mC:/laragon/www/keuanganKeluarga/backend/internal/config/database.go:43
[0m[33m[1.500ms] [34;1m[rows:-][0m SELECT constraint_name FROM information_schema.table_constraints tc JOIN information_schema.constraint_column_usage AS ccu USING (constraint_schema, constraint_catalog, table_name, constraint_name) JOIN information_schema.columns AS c ON c.table_schema = tc.constraint_schema AND tc.table_name = c.table_name AND ccu.column_name = c.column_name WHERE constraint_type IN ('PRIMARY KEY', 'UNIQUE') AND c.table_catalog = 'keuangan_keluarga' AND c.table_schema = CURRENT_SCHEMA() AND c.table_name = 'blog_categories' AND constraint_type = 'UNIQUE'

2026/03/14 02:40:19 [32mC:/laragon/www/keuanganKeluarga/backend/internal/config/database.go:43
[0m[33m[1.958ms] [34;1m[rows:-][0m SELECT c.column_name, constraint_name, constraint_type FROM information_schema.table_constraints tc JOIN information_schema.constraint_column_usage AS ccu USING (constraint_schema, constraint_catalog, table_name, constraint_name) JOIN information_schema.columns AS c ON c.table_schema = tc.constraint_schema AND tc.table_name = c.table_name AND ccu.column_name = c.column_name WHERE constraint_type IN ('PRIMARY KEY', 'UNIQUE') AND c.table_catalog = 'keuangan_keluarga' AND c.table_schema = CURRENT_SCHEMA() AND c.table_name = 'blog_categories'

2026/03/14 02:40:19 [32mC:/laragon/www/keuanganKeluarga/backend/internal/config/database.go:43
[0m[33m[0.000ms] [34;1m[rows:-][0m SELECT a.attname as column_name, format_type(a.atttypid, a.atttypmod) AS data_type
		FROM pg_attribute a JOIN pg_class b ON a.attrelid = b.oid AND relnamespace = (SELECT oid FROM pg_catalog.pg_namespace WHERE nspname = CURRENT_SCHEMA())
		WHERE a.attnum > 0 -- hide internal columns
		AND NOT a.attisdropped -- hide deleted columns
		AND b.relname = 'blog_categories'

2026/03/14 02:40:19 [32mC:/laragon/www/keuanganKeluarga/backend/internal/config/database.go:43
[0m[33m[0.506ms] [34;1m[rows:0][0m SELECT description FROM pg_catalog.pg_description WHERE objsubid = (SELECT ordinal_position FROM information_schema.columns WHERE table_schema = CURRENT_SCHEMA() AND table_name = 'blog_categories' AND column_name = 'id') AND objoid = (SELECT oid FROM pg_catalog.pg_class WHERE relname = 'blog_categories' AND relnamespace = (SELECT oid FROM pg_catalog.pg_namespace WHERE nspname = CURRENT_SCHEMA()))

2026/03/14 02:40:19 [32mC:/laragon/www/keuanganKeluarga/backend/internal/config/database.go:43
[0m[33m[0.000ms] [34;1m[rows:0][0m SELECT description FROM pg_catalog.pg_description WHERE objsubid = (SELECT ordinal_position FROM information_schema.columns WHERE table_schema = CURRENT_SCHEMA() AND table_name = 'blog_categories' AND column_name = 'name') AND objoid = (SELECT oid FROM pg_catalog.pg_class WHERE relname = 'blog_categories' AND relnamespace = (SELECT oid FROM pg_catalog.pg_namespace WHERE nspname = CURRENT_SCHEMA()))

2026/03/14 02:40:19 [32mC:/laragon/www/keuanganKeluarga/backend/internal/config/database.go:43
[0m[33m[0.554ms] [34;1m[rows:0][0m SELECT description FROM pg_catalog.pg_description WHERE objsubid = (SELECT ordinal_position FROM information_schema.columns WHERE table_schema = CURRENT_SCHEMA() AND table_name = 'blog_categories' AND column_name = 'slug') AND objoid = (SELECT oid FROM pg_catalog.pg_class WHERE relname = 'blog_categories' AND relnamespace = (SELECT oid FROM pg_catalog.pg_namespace WHERE nspname = CURRENT_SCHEMA()))

2026/03/14 02:40:19 [32mC:/laragon/www/keuanganKeluarga/backend/internal/config/database.go:43
[0m[33m[0.000ms] [34;1m[rows:0][0m SELECT description FROM pg_catalog.pg_description WHERE objsubid = (SELECT ordinal_position FROM information_schema.columns WHERE table_schema = CURRENT_SCHEMA() AND table_name = 'blog_categories' AND column_name = 'description') AND objoid = (SELECT oid FROM pg_catalog.pg_class WHERE relname = 'blog_categories' AND relnamespace = (SELECT oid FROM pg_catalog.pg_namespace WHERE nspname = CURRENT_SCHEMA()))

2026/03/14 02:40:19 [32mC:/laragon/www/keuanganKeluarga/backend/internal/config/database.go:43
[0m[33m[0.000ms] [34;1m[rows:1][0m SELECT count(*) FROM information_schema.tables WHERE table_schema = CURRENT_SCHEMA() AND table_name = 'blog_posts' AND table_type = 'BASE TABLE'

2026/03/14 02:40:19 [32mC:/laragon/www/keuanganKeluarga/backend/internal/config/database.go:43
[0m[33m[0.000ms] [34;1m[rows:1][0m SELECT CURRENT_DATABASE()

2026/03/14 02:40:19 [32mC:/laragon/www/keuanganKeluarga/backend/internal/config/database.go:43
[0m[33m[2.023ms] [34;1m[rows:-][0m SELECT c.column_name, c.is_nullable = 'YES', c.udt_name, c.character_maximum_length, c.numeric_precision, c.numeric_precision_radix, c.numeric_scale, c.datetime_precision, 8 * typlen, c.column_default, pd.description, c.identity_increment FROM information_schema.columns AS c JOIN pg_type AS pgt ON c.udt_name = pgt.typname LEFT JOIN pg_catalog.pg_description as pd ON pd.objsubid = c.ordinal_position AND pd.objoid = (SELECT oid FROM pg_catalog.pg_class WHERE relname = c.table_name AND relnamespace = (SELECT oid FROM pg_catalog.pg_namespace WHERE nspname = c.table_schema)) where table_catalog = 'keuangan_keluarga' AND table_schema = CURRENT_SCHEMA() AND table_name = 'blog_posts'

2026/03/14 02:40:19 [32mC:/laragon/www/keuanganKeluarga/backend/internal/config/database.go:43
[0m[33m[1.660ms] [34;1m[rows:-][0m SELECT * FROM "blog_posts" LIMIT 5

2026/03/14 02:40:19 [32mC:/laragon/www/keuanganKeluarga/backend/internal/config/database.go:43
[0m[33m[0.505ms] [34;1m[rows:-][0m SELECT constraint_name FROM information_schema.table_constraints tc JOIN information_schema.constraint_column_usage AS ccu USING (constraint_schema, constraint_catalog, table_name, constraint_name) JOIN information_schema.columns AS c ON c.table_schema = tc.constraint_schema AND tc.table_name = c.table_name AND ccu.column_name = c.column_name WHERE constraint_type IN ('PRIMARY KEY', 'UNIQUE') AND c.table_catalog = 'keuangan_keluarga' AND c.table_schema = CURRENT_SCHEMA() AND c.table_name = 'blog_posts' AND constraint_type = 'UNIQUE'

2026/03/14 02:40:19 [32mC:/laragon/www/keuanganKeluarga/backend/internal/config/database.go:43
[0m[33m[1.015ms] [34;1m[rows:-][0m SELECT c.column_name, constraint_name, constraint_type FROM information_schema.table_constraints tc JOIN information_schema.constraint_column_usage AS ccu USING (constraint_schema, constraint_catalog, table_name, constraint_name) JOIN information_schema.columns AS c ON c.table_schema = tc.constraint_schema AND tc.table_name = c.table_name AND ccu.column_name = c.column_name WHERE constraint_type IN ('PRIMARY KEY', 'UNIQUE') AND c.table_catalog = 'keuangan_keluarga' AND c.table_schema = CURRENT_SCHEMA() AND c.table_name = 'blog_posts'

2026/03/14 02:40:19 [32mC:/laragon/www/keuanganKeluarga/backend/internal/config/database.go:43
[0m[33m[0.000ms] [34;1m[rows:-][0m SELECT a.attname as column_name, format_type(a.atttypid, a.atttypmod) AS data_type
		FROM pg_attribute a JOIN pg_class b ON a.attrelid = b.oid AND relnamespace = (SELECT oid FROM pg_catalog.pg_namespace WHERE nspname = CURRENT_SCHEMA())
		WHERE a.attnum > 0 -- hide internal columns
		AND NOT a.attisdropped -- hide deleted columns
		AND b.relname = 'blog_posts'

2026/03/14 02:40:19 [32mC:/laragon/www/keuanganKeluarga/backend/internal/config/database.go:43
[0m[33m[0.527ms] [34;1m[rows:0][0m SELECT description FROM pg_catalog.pg_description WHERE objsubid = (SELECT ordinal_position FROM information_schema.columns WHERE table_schema = CURRENT_SCHEMA() AND table_name = 'blog_posts' AND column_name = 'id') AND objoid = (SELECT oid FROM pg_catalog.pg_class WHERE relname = 'blog_posts' AND relnamespace = (SELECT oid FROM pg_catalog.pg_namespace WHERE nspname = CURRENT_SCHEMA()))

2026/03/14 02:40:19 [32mC:/laragon/www/keuanganKeluarga/backend/internal/config/database.go:43
[0m[33m[0.000ms] [34;1m[rows:0][0m SELECT description FROM pg_catalog.pg_description WHERE objsubid = (SELECT ordinal_position FROM information_schema.columns WHERE table_schema = CURRENT_SCHEMA() AND table_name = 'blog_posts' AND column_name = 'title') AND objoid = (SELECT oid FROM pg_catalog.pg_class WHERE relname = 'blog_posts' AND relnamespace = (SELECT oid FROM pg_catalog.pg_namespace WHERE nspname = CURRENT_SCHEMA()))

2026/03/14 02:40:19 [32mC:/laragon/www/keuanganKeluarga/backend/internal/config/database.go:43
[0m[33m[0.610ms] [34;1m[rows:0][0m SELECT description FROM pg_catalog.pg_description WHERE objsubid = (SELECT ordinal_position FROM information_schema.columns WHERE table_schema = CURRENT_SCHEMA() AND table_name = 'blog_posts' AND column_name = 'slug') AND objoid = (SELECT oid FROM pg_catalog.pg_class WHERE relname = 'blog_posts' AND relnamespace = (SELECT oid FROM pg_catalog.pg_namespace WHERE nspname = CURRENT_SCHEMA()))

2026/03/14 02:40:19 [32mC:/laragon/www/keuanganKeluarga/backend/internal/config/database.go:43
[0m[33m[0.000ms] [34;1m[rows:0][0m SELECT description FROM pg_catalog.pg_description WHERE objsubid = (SELECT ordinal_position FROM information_schema.columns WHERE table_schema = CURRENT_SCHEMA() AND table_name = 'blog_posts' AND column_name = 'content') AND objoid = (SELECT oid FROM pg_catalog.pg_class WHERE relname = 'blog_posts' AND relnamespace = (SELECT oid FROM pg_catalog.pg_namespace WHERE nspname = CURRENT_SCHEMA()))

2026/03/14 02:40:19 [32mC:/laragon/www/keuanganKeluarga/backend/internal/config/database.go:43
[0m[33m[0.515ms] [34;1m[rows:0][0m SELECT description FROM pg_catalog.pg_description WHERE objsubid = (SELECT ordinal_position FROM information_schema.columns WHERE table_schema = CURRENT_SCHEMA() AND table_name = 'blog_posts' AND column_name = 'author_id') AND objoid = (SELECT oid FROM pg_catalog.pg_class WHERE relname = 'blog_posts' AND relnamespace = (SELECT oid FROM pg_catalog.pg_namespace WHERE nspname = CURRENT_SCHEMA()))

2026/03/14 02:40:19 [32mC:/laragon/www/keuanganKeluarga/backend/internal/config/database.go:43
[0m[33m[0.516ms] [34;1m[rows:0][0m SELECT description FROM pg_catalog.pg_description WHERE objsubid = (SELECT ordinal_position FROM information_schema.columns WHERE table_schema = CURRENT_SCHEMA() AND table_name = 'blog_posts' AND column_name = 'category_id') AND objoid = (SELECT oid FROM pg_catalog.pg_class WHERE relname = 'blog_posts' AND relnamespace = (SELECT oid FROM pg_catalog.pg_namespace WHERE nspname = CURRENT_SCHEMA()))

2026/03/14 02:40:19 [32mC:/laragon/www/keuanganKeluarga/backend/internal/config/database.go:43
[0m[33m[0.000ms] [34;1m[rows:0][0m SELECT description FROM pg_catalog.pg_description WHERE objsubid = (SELECT ordinal_position FROM information_schema.columns WHERE table_schema = CURRENT_SCHEMA() AND table_name = 'blog_posts' AND column_name = 'status') AND objoid = (SELECT oid FROM pg_catalog.pg_class WHERE relname = 'blog_posts' AND relnamespace = (SELECT oid FROM pg_catalog.pg_namespace WHERE nspname = CURRENT_SCHEMA()))

2026/03/14 02:40:19 [32mC:/laragon/www/keuanganKeluarga/backend/internal/config/database.go:43
[0m[33m[0.517ms] [34;1m[rows:0][0m SELECT description FROM pg_catalog.pg_description WHERE objsubid = (SELECT ordinal_position FROM information_schema.columns WHERE table_schema = CURRENT_SCHEMA() AND table_name = 'blog_posts' AND column_name = 'featured_image') AND objoid = (SELECT oid FROM pg_catalog.pg_class WHERE relname = 'blog_posts' AND relnamespace = (SELECT oid FROM pg_catalog.pg_namespace WHERE nspname = CURRENT_SCHEMA()))

2026/03/14 02:40:19 [32mC:/laragon/www/keuanganKeluarga/backend/internal/config/database.go:43
[0m[33m[0.000ms] [34;1m[rows:0][0m SELECT description FROM pg_catalog.pg_description WHERE objsubid = (SELECT ordinal_position FROM information_schema.columns WHERE table_schema = CURRENT_SCHEMA() AND table_name = 'blog_posts' AND column_name = 'meta_description') AND objoid = (SELECT oid FROM pg_catalog.pg_class WHERE relname = 'blog_posts' AND relnamespace = (SELECT oid FROM pg_catalog.pg_namespace WHERE nspname = CURRENT_SCHEMA()))

2026/03/14 02:40:19 [32mC:/laragon/www/keuanganKeluarga/backend/internal/config/database.go:43
[0m[33m[0.675ms] [34;1m[rows:0][0m SELECT description FROM pg_catalog.pg_description WHERE objsubid = (SELECT ordinal_position FROM information_schema.columns WHERE table_schema = CURRENT_SCHEMA() AND table_name = 'blog_posts' AND column_name = 'keywords') AND objoid = (SELECT oid FROM pg_catalog.pg_class WHERE relname = 'blog_posts' AND relnamespace = (SELECT oid FROM pg_catalog.pg_namespace WHERE nspname = CURRENT_SCHEMA()))

2026/03/14 02:40:19 [32mC:/laragon/www/keuanganKeluarga/backend/internal/config/database.go:43
[0m[33m[0.000ms] [34;1m[rows:0][0m SELECT description FROM pg_catalog.pg_description WHERE objsubid = (SELECT ordinal_position FROM information_schema.columns WHERE table_schema = CURRENT_SCHEMA() AND table_name = 'blog_posts' AND column_name = 'views_count') AND objoid = (SELECT oid FROM pg_catalog.pg_class WHERE relname = 'blog_posts' AND relnamespace = (SELECT oid FROM pg_catalog.pg_namespace WHERE nspname = CURRENT_SCHEMA()))

2026/03/14 02:40:19 [32mC:/laragon/www/keuanganKeluarga/backend/internal/config/database.go:43
[0m[33m[0.542ms] [34;1m[rows:0][0m SELECT description FROM pg_catalog.pg_description WHERE objsubid = (SELECT ordinal_position FROM information_schema.columns WHERE table_schema = CURRENT_SCHEMA() AND table_name = 'blog_posts' AND column_name = 'seo_score') AND objoid = (SELECT oid FROM pg_catalog.pg_class WHERE relname = 'blog_posts' AND relnamespace = (SELECT oid FROM pg_catalog.pg_namespace WHERE nspname = CURRENT_SCHEMA()))

2026/03/14 02:40:19 [32mC:/laragon/www/keuanganKeluarga/backend/internal/config/database.go:43
[0m[33m[0.000ms] [34;1m[rows:0][0m SELECT description FROM pg_catalog.pg_description WHERE objsubid = (SELECT ordinal_position FROM information_schema.columns WHERE table_schema = CURRENT_SCHEMA() AND table_name = 'blog_posts' AND column_name = 'created_at') AND objoid = (SELECT oid FROM pg_catalog.pg_class WHERE relname = 'blog_posts' AND relnamespace = (SELECT oid FROM pg_catalog.pg_namespace WHERE nspname = CURRENT_SCHEMA()))

2026/03/14 02:40:19 [32mC:/laragon/www/keuanganKeluarga/backend/internal/config/database.go:43
[0m[33m[0.531ms] [34;1m[rows:0][0m SELECT description FROM pg_catalog.pg_description WHERE objsubid = (SELECT ordinal_position FROM information_schema.columns WHERE table_schema = CURRENT_SCHEMA() AND table_name = 'blog_posts' AND column_name = 'updated_at') AND objoid = (SELECT oid FROM pg_catalog.pg_class WHERE relname = 'blog_posts' AND relnamespace = (SELECT oid FROM pg_catalog.pg_namespace WHERE nspname = CURRENT_SCHEMA()))

2026/03/14 02:40:19 [32mC:/laragon/www/keuanganKeluarga/backend/internal/config/database.go:43
[0m[33m[0.644ms] [34;1m[rows:1][0m SELECT count(*) FROM INFORMATION_SCHEMA.table_constraints WHERE table_schema = CURRENT_SCHEMA() AND table_name = 'blog_posts' AND constraint_name = 'fk_blog_posts_author'

2026/03/14 02:40:19 [32mC:/laragon/www/keuanganKeluarga/backend/internal/config/database.go:43
[0m[33m[1.587ms] [34;1m[rows:1][0m SELECT count(*) FROM INFORMATION_SCHEMA.table_constraints WHERE table_schema = CURRENT_SCHEMA() AND table_name = 'blog_posts' AND constraint_name = 'fk_blog_posts_category'

2026/03/14 02:40:19 [32mC:/laragon/www/keuanganKeluarga/backend/internal/config/database.go:43
[0m[33m[0.524ms] [34;1m[rows:1][0m SELECT count(*) FROM pg_indexes WHERE tablename = 'blog_posts' AND indexname = 'idx_blog_posts_slug' AND schemaname = CURRENT_SCHEMA()

2026/03/14 02:40:19 [32mC:/laragon/www/keuanganKeluarga/backend/internal/config/database.go:43
[0m[33m[0.000ms] [34;1m[rows:1][0m SELECT count(*) FROM information_schema.tables WHERE table_schema = CURRENT_SCHEMA() AND table_name = 'sitemap_configs' AND table_type = 'BASE TABLE'

2026/03/14 02:40:19 [32mC:/laragon/www/keuanganKeluarga/backend/internal/config/database.go:43
[0m[33m[0.595ms] [34;1m[rows:1][0m SELECT CURRENT_DATABASE()

2026/03/14 02:40:19 [32mC:/laragon/www/keuanganKeluarga/backend/internal/config/database.go:43
[0m[33m[1.325ms] [34;1m[rows:-][0m SELECT c.column_name, c.is_nullable = 'YES', c.udt_name, c.character_maximum_length, c.numeric_precision, c.numeric_precision_radix, c.numeric_scale, c.datetime_precision, 8 * typlen, c.column_default, pd.description, c.identity_increment FROM information_schema.columns AS c JOIN pg_type AS pgt ON c.udt_name = pgt.typname LEFT JOIN pg_catalog.pg_description as pd ON pd.objsubid = c.ordinal_position AND pd.objoid = (SELECT oid FROM pg_catalog.pg_class WHERE relname = c.table_name AND relnamespace = (SELECT oid FROM pg_catalog.pg_namespace WHERE nspname = c.table_schema)) where table_catalog = 'keuangan_keluarga' AND table_schema = CURRENT_SCHEMA() AND table_name = 'sitemap_configs'

2026/03/14 02:40:19 [32mC:/laragon/www/keuanganKeluarga/backend/internal/config/database.go:43
[0m[33m[0.507ms] [34;1m[rows:-][0m SELECT * FROM "sitemap_configs" LIMIT 5

2026/03/14 02:40:19 [32mC:/laragon/www/keuanganKeluarga/backend/internal/config/database.go:43
[0m[33m[0.816ms] [34;1m[rows:-][0m SELECT constraint_name FROM information_schema.table_constraints tc JOIN information_schema.constraint_column_usage AS ccu USING (constraint_schema, constraint_catalog, table_name, constraint_name) JOIN information_schema.columns AS c ON c.table_schema = tc.constraint_schema AND tc.table_name = c.table_name AND ccu.column_name = c.column_name WHERE constraint_type IN ('PRIMARY KEY', 'UNIQUE') AND c.table_catalog = 'keuangan_keluarga' AND c.table_schema = CURRENT_SCHEMA() AND c.table_name = 'sitemap_configs' AND constraint_type = 'UNIQUE'

2026/03/14 02:40:19 [32mC:/laragon/www/keuanganKeluarga/backend/internal/config/database.go:43
[0m[33m[0.843ms] [34;1m[rows:-][0m SELECT c.column_name, constraint_name, constraint_type FROM information_schema.table_constraints tc JOIN information_schema.constraint_column_usage AS ccu USING (constraint_schema, constraint_catalog, table_name, constraint_name) JOIN information_schema.columns AS c ON c.table_schema = tc.constraint_schema AND tc.table_name = c.table_name AND ccu.column_name = c.column_name WHERE constraint_type IN ('PRIMARY KEY', 'UNIQUE') AND c.table_catalog = 'keuangan_keluarga' AND c.table_schema = CURRENT_SCHEMA() AND c.table_name = 'sitemap_configs'

2026/03/14 02:40:19 [32mC:/laragon/www/keuanganKeluarga/backend/internal/config/database.go:43
[0m[33m[0.000ms] [34;1m[rows:-][0m SELECT a.attname as column_name, format_type(a.atttypid, a.atttypmod) AS data_type
		FROM pg_attribute a JOIN pg_class b ON a.attrelid = b.oid AND relnamespace = (SELECT oid FROM pg_catalog.pg_namespace WHERE nspname = CURRENT_SCHEMA())
		WHERE a.attnum > 0 -- hide internal columns
		AND NOT a.attisdropped -- hide deleted columns
		AND b.relname = 'sitemap_configs'

2026/03/14 02:40:19 [32mC:/laragon/www/keuanganKeluarga/backend/internal/config/database.go:43
[0m[33m[0.505ms] [34;1m[rows:0][0m SELECT description FROM pg_catalog.pg_description WHERE objsubid = (SELECT ordinal_position FROM information_schema.columns WHERE table_schema = CURRENT_SCHEMA() AND table_name = 'sitemap_configs' AND column_name = 'id') AND objoid = (SELECT oid FROM pg_catalog.pg_class WHERE relname = 'sitemap_configs' AND relnamespace = (SELECT oid FROM pg_catalog.pg_namespace WHERE nspname = CURRENT_SCHEMA()))

2026/03/14 02:40:19 [32mC:/laragon/www/keuanganKeluarga/backend/internal/config/database.go:43
[0m[33m[0.000ms] [34;1m[rows:0][0m SELECT description FROM pg_catalog.pg_description WHERE objsubid = (SELECT ordinal_position FROM information_schema.columns WHERE table_schema = CURRENT_SCHEMA() AND table_name = 'sitemap_configs' AND column_name = 'path') AND objoid = (SELECT oid FROM pg_catalog.pg_class WHERE relname = 'sitemap_configs' AND relnamespace = (SELECT oid FROM pg_catalog.pg_namespace WHERE nspname = CURRENT_SCHEMA()))

2026/03/14 02:40:19 [32mC:/laragon/www/keuanganKeluarga/backend/internal/config/database.go:43
[0m[33m[0.000ms] [34;1m[rows:0][0m SELECT description FROM pg_catalog.pg_description WHERE objsubid = (SELECT ordinal_position FROM information_schema.columns WHERE table_schema = CURRENT_SCHEMA() AND table_name = 'sitemap_configs' AND column_name = 'is_private') AND objoid = (SELECT oid FROM pg_catalog.pg_class WHERE relname = 'sitemap_configs' AND relnamespace = (SELECT oid FROM pg_catalog.pg_namespace WHERE nspname = CURRENT_SCHEMA()))

2026/03/14 02:40:19 [32mC:/laragon/www/keuanganKeluarga/backend/internal/config/database.go:43
[0m[33m[0.000ms] [34;1m[rows:0][0m SELECT description FROM pg_catalog.pg_description WHERE objsubid = (SELECT ordinal_position FROM information_schema.columns WHERE table_schema = CURRENT_SCHEMA() AND table_name = 'sitemap_configs' AND column_name = 'allow_bots') AND objoid = (SELECT oid FROM pg_catalog.pg_class WHERE relname = 'sitemap_configs' AND relnamespace = (SELECT oid FROM pg_catalog.pg_namespace WHERE nspname = CURRENT_SCHEMA()))

2026/03/14 02:40:19 [32mC:/laragon/www/keuanganKeluarga/backend/internal/config/database.go:43
[0m[33m[0.000ms] [34;1m[rows:0][0m SELECT description FROM pg_catalog.pg_description WHERE objsubid = (SELECT ordinal_position FROM information_schema.columns WHERE table_schema = CURRENT_SCHEMA() AND table_name = 'sitemap_configs' AND column_name = 'priority') AND objoid = (SELECT oid FROM pg_catalog.pg_class WHERE relname = 'sitemap_configs' AND relnamespace = (SELECT oid FROM pg_catalog.pg_namespace WHERE nspname = CURRENT_SCHEMA()))

2026/03/14 02:40:19 [32mC:/laragon/www/keuanganKeluarga/backend/internal/config/database.go:43
[0m[33m[0.510ms] [34;1m[rows:0][0m SELECT description FROM pg_catalog.pg_description WHERE objsubid = (SELECT ordinal_position FROM information_schema.columns WHERE table_schema = CURRENT_SCHEMA() AND table_name = 'sitemap_configs' AND column_name = 'change_freq') AND objoid = (SELECT oid FROM pg_catalog.pg_class WHERE relname = 'sitemap_configs' AND relnamespace = (SELECT oid FROM pg_catalog.pg_namespace WHERE nspname = CURRENT_SCHEMA()))

2026/03/14 02:40:19 [32mC:/laragon/www/keuanganKeluarga/backend/internal/config/database.go:43
[0m[33m[0.000ms] [34;1m[rows:0][0m SELECT description FROM pg_catalog.pg_description WHERE objsubid = (SELECT ordinal_position FROM information_schema.columns WHERE table_schema = CURRENT_SCHEMA() AND table_name = 'sitemap_configs' AND column_name = 'created_at') AND objoid = (SELECT oid FROM pg_catalog.pg_class WHERE relname = 'sitemap_configs' AND relnamespace = (SELECT oid FROM pg_catalog.pg_namespace WHERE nspname = CURRENT_SCHEMA()))

2026/03/14 02:40:19 [32mC:/laragon/www/keuanganKeluarga/backend/internal/config/database.go:43
[0m[33m[0.000ms] [34;1m[rows:0][0m SELECT description FROM pg_catalog.pg_description WHERE objsubid = (SELECT ordinal_position FROM information_schema.columns WHERE table_schema = CURRENT_SCHEMA() AND table_name = 'sitemap_configs' AND column_name = 'updated_at') AND objoid = (SELECT oid FROM pg_catalog.pg_class WHERE relname = 'sitemap_configs' AND relnamespace = (SELECT oid FROM pg_catalog.pg_namespace WHERE nspname = CURRENT_SCHEMA()))

2026/03/14 02:40:19 [32mC:/laragon/www/keuanganKeluarga/backend/internal/config/database.go:43
[0m[33m[0.000ms] [34;1m[rows:0][0m SELECT description FROM pg_catalog.pg_description WHERE objsubid = (SELECT ordinal_position FROM information_schema.columns WHERE table_schema = CURRENT_SCHEMA() AND table_name = 'sitemap_configs' AND column_name = 'deleted_at') AND objoid = (SELECT oid FROM pg_catalog.pg_class WHERE relname = 'sitemap_configs' AND relnamespace = (SELECT oid FROM pg_catalog.pg_namespace WHERE nspname = CURRENT_SCHEMA()))

2026/03/14 02:40:19 [32mC:/laragon/www/keuanganKeluarga/backend/internal/config/database.go:43
[0m[33m[0.388ms] [34;1m[rows:1][0m SELECT count(*) FROM pg_indexes WHERE tablename = 'sitemap_configs' AND indexname = 'idx_sitemap_configs_path' AND schemaname = CURRENT_SCHEMA()

2026/03/14 02:40:19 [32mC:/laragon/www/keuanganKeluarga/backend/internal/config/database.go:43
[0m[33m[0.000ms] [34;1m[rows:1][0m SELECT count(*) FROM pg_indexes WHERE tablename = 'sitemap_configs' AND indexname = 'idx_sitemap_configs_deleted_at' AND schemaname = CURRENT_SCHEMA()

2026/03/14 02:40:19 [32mC:/laragon/www/keuanganKeluarga/backend/internal/config/database.go:237
[0m[33m[0.506ms] [34;1m[rows:1][0m SELECT count(*) > 0 FROM "system_settings" WHERE key = 'trial_duration_days'

2026/03/14 02:40:19 [32mC:/laragon/www/keuanganKeluarga/backend/internal/config/database.go:237
[0m[33m[0.588ms] [34;1m[rows:1][0m SELECT count(*) > 0 FROM "system_settings" WHERE key = 'trial_max_members'

2026/03/14 02:40:19 [32mC:/laragon/www/keuanganKeluarga/backend/internal/config/database.go:276
[0m[33m[0.573ms] [34;1m[rows:1][0m SELECT * FROM "sub_plans" WHERE "sub_plans"."name" = 'Standard' ORDER BY "sub_plans"."id" LIMIT 1

2026/03/14 02:40:19 [32mC:/laragon/www/keuanganKeluarga/backend/internal/config/database.go:276
[0m[33m[0.000ms] [34;1m[rows:1][0m SELECT * FROM "sub_plans" WHERE "sub_plans"."name" = 'Family' ORDER BY "sub_plans"."id" LIMIT 1

2026/03/14 02:40:19 [32mC:/laragon/www/keuanganKeluarga/backend/internal/config/database.go:276
[0m[33m[0.000ms] [34;1m[rows:1][0m SELECT * FROM "sub_plans" WHERE "sub_plans"."name" = 'Premium' ORDER BY "sub_plans"."id" LIMIT 1
2026/03/14 02:40:19 
Seeding default blog 
categories...

2026/03/14 02:40:19 [32mC:/laragon/www/keuanganKeluarga/backend/internal/config/database.go:290
[0m[33m[0.517ms] [34;1m[rows:1][0m SELECT * FROM "blog_categories" WHERE slug = 'tips-keuangan' ORDER BY "blog_categories"."id" LIMIT 1

2026/03/14 02:40:19 [32mC:/laragon/www/keuanganKeluarga/backend/internal/config/database.go:290
[0m[33m[0.000ms] [34;1m[rows:1][0m SELECT * FROM "blog_categories" WHERE slug = 'investasi' ORDER BY "blog_categories"."id" LIMIT 1

2026/03/14 02:40:19 [32mC:/laragon/www/keuanganKeluarga/backend/internal/config/database.go:290
[0m[33m[0.580ms] [34;1m[rows:1][0m SELECT * FROM "blog_categories" WHERE slug = 'gaya-hidup' ORDER BY "blog_categories"."id" LIMIT 1

2026/03/14 02:40:19 [32mC:/laragon/www/keuanganKeluarga/backend/internal/config/database.go:290
[0m[33m[0.000ms] [34;1m[rows:1][0m SELECT * FROM "blog_categories" WHERE slug = 'berita' ORDER BY "blog_categories"."id" LIMIT 1
2026/03/14 02:40:19 
Checking for families 
with missing budget 
categories...

2026/03/14 02:40:19 [32mC:/laragon/www/keuanganKeluarga/backend/internal/config/database.go:299
[0m[33m[0.000ms] [34;1m[rows:2][0m SELECT * FROM "families"

2026/03/14 02:40:19 [32mC:/laragon/www/keuanganKeluarga/backend/internal/config/database.go:306
[0m[33m[0.517ms] [34;1m[rows:1][0m SELECT count(*) FROM "budget_categories" WHERE family_id = '72e7d38b-f461-40fa-bc48-17fcc572068e'

2026/03/14 02:40:19 [32mC:/laragon/www/keuanganKeluarga/backend/internal/config/database.go:306
[0m[33m[0.000ms] [34;1m[rows:1][0m SELECT count(*) FROM "budget_categories" WHERE family_id = '75f71342-76a3-45da-b465-cc40f6074647'
2026/03/14 02:40:19 
Setting up 
transactions 
partitioning (SAS 
Method)...

2026/03/14 02:40:19 [32mC:/laragon/www/keuanganKeluarga/backend/internal/config/database.go:119
[0m[33m[0.574ms] [34;1m[rows:1][0m SELECT EXISTS (SELECT 1 FROM pg_tables WHERE tablename = 'transactions')

2026/03/14 02:40:19 [32mC:/laragon/www/keuanganKeluarga/backend/internal/config/database.go:129
[0m[33m[2.650ms] [34;1m[rows:1][0m 
			SELECT EXISTS (
				SELECT 1 FROM pg_partitioned_table 
				WHERE partrelid = to_regclass('transactions')
			)
		

2026/03/14 02:40:19 [32mC:/laragon/www/keuanganKeluarga/backend/internal/config/database.go:144
[0m[33m[2.373ms] [34;1m[rows:1][0m SELECT data_type FROM information_schema.columns WHERE table_name = 'transactions' AND column_name = 'date'

2026/03/14 02:40:19 [32mC:/laragon/www/keuanganKeluarga/backend/internal/config/database.go:157
[0m[33m[0.000ms] [34;1m[rows:0][0m 
		CREATE TABLE IF NOT EXISTS transactions (
			id UUID NOT NULL,
			family_id UUID NOT NULL,
			user_id UUID NOT NULL,
			wallet_id UUID NOT NULL,
			to_wallet_id UUID,
			type VARCHAR(255) NOT NULL,
			amount DECIMAL(12,2) NOT NULL,
			fee DECIMAL(12,2) NOT NULL DEFAULT 0,
			category VARCHAR(255),
			date TIMESTAMP WITH TIME ZONE NOT NULL,
			description TEXT,
			saving_id UUID,
			created_at TIMESTAMP WITH TIME ZONE DEFAULT CURRENT_TIMESTAMP,
			PRIMARY KEY (id, family_id, date)
		) PARTITION BY RANGE (date);
	

2026/03/14 02:40:19 [32mC:/laragon/www/keuanganKeluarga/backend/internal/config/database.go:177
[0m[33m[0.766ms] [34;1m[rows:0][0m ALTER TABLE transactions ADD COLUMN IF NOT EXISTS wallet_id UUID;

2026/03/14 02:40:19 [32mC:/laragon/www/keuanganKeluarga/backend/internal/config/database.go:178
[0m[33m[0.000ms] [34;1m[rows:0][0m ALTER TABLE transactions ADD COLUMN IF NOT EXISTS to_wallet_id UUID;

2026/03/14 02:40:19 [32mC:/laragon/www/keuanganKeluarga/backend/internal/config/database.go:179
[0m[33m[0.505ms] [34;1m[rows:0][0m ALTER TABLE transactions ADD COLUMN IF NOT EXISTS fee DECIMAL(12,2) DEFAULT 0;

2026/03/14 02:40:19 [32mC:/laragon/www/keuanganKeluarga/backend/internal/config/database.go:180
[0m[33m[0.000ms] [34;1m[rows:0][0m ALTER TABLE transactions ADD COLUMN IF NOT EXISTS category VARCHAR(255);

2026/03/14 02:40:19 [32mC:/laragon/www/keuanganKeluarga/backend/internal/config/database.go:181
[0m[33m[0.610ms] [34;1m[rows:0][0m ALTER TABLE transactions ADD COLUMN IF NOT EXISTS saving_id UUID;

2026/03/14 02:40:19 [32mC:/laragon/www/keuanganKeluarga/backend/internal/config/database.go:184
[0m[33m[0.000ms] [34;1m[rows:0][0m CREATE INDEX IF NOT EXISTS idx_transactions_family_date ON transactions (family_id, date DESC);

2026/03/14 02:40:19 [32mC:/laragon/www/keuanganKeluarga/backend/internal/config/database.go:185
[0m[33m[0.000ms] [34;1m[rows:0][0m CREATE INDEX IF NOT EXISTS idx_transactions_user_id ON transactions (user_id);

2026/03/14 02:40:19 [32mC:/laragon/www/keuanganKeluarga/backend/internal/config/database.go:186
[0m[33m[0.000ms] [34;1m[rows:0][0m CREATE INDEX IF NOT EXISTS idx_transactions_wallet_id ON transactions (wallet_id);

2026/03/14 02:40:19 [32mC:/laragon/www/keuanganKeluarga/backend/internal/config/database.go:187
[0m[33m[0.000ms] [34;1m[rows:0][0m CREATE INDEX IF NOT EXISTS idx_transactions_saving_id ON transactions (saving_id);

2026/03/14 02:40:19 [32mC:/laragon/www/keuanganKeluarga/backend/internal/config/database.go:213
[0m[33m[0.000ms] [34;1m[rows:0][0m 
			CREATE TABLE IF NOT EXISTS transactions_2026_01 
			PARTITION OF transactions 
			FOR VALUES FROM ('2026-01-01') TO ('2026-02-01');
		

2026/03/14 02:40:19 [32mC:/laragon/www/keuanganKeluarga/backend/internal/config/database.go:213
[0m[33m[0.000ms] [34;1m[rows:0][0m 
			CREATE TABLE IF NOT EXISTS transactions_2026_02 
			PARTITION OF transactions 
			FOR VALUES FROM ('2026-02-01') TO ('2026-03-01');
		

2026/03/14 02:40:19 [32mC:/laragon/www/keuanganKeluarga/backend/internal/config/database.go:213
[0m[33m[0.731ms] [34;1m[rows:0][0m 
			CREATE TABLE IF NOT EXISTS transactions_2026_03 
			PARTITION OF transactions 
			FOR VALUES FROM ('2026-03-01') TO ('2026-04-01');
		

2026/03/14 02:40:19 [32mC:/laragon/www/keuanganKeluarga/backend/internal/config/database.go:213
[0m[33m[0.000ms] [34;1m[rows:0][0m 
			CREATE TABLE IF NOT EXISTS transactions_2026_04 
			PARTITION OF transactions 
			FOR VALUES FROM ('2026-04-01') TO ('2026-05-01');
		

2026/03/14 02:40:19 [32mC:/laragon/www/keuanganKeluarga/backend/internal/config/database.go:213
[0m[33m[0.000ms] [34;1m[rows:0][0m 
			CREATE TABLE IF NOT EXISTS transactions_2026_05 
			PARTITION OF transactions 
			FOR VALUES FROM ('2026-05-01') TO ('2026-06-01');
		

2026/03/14 02:40:19 [32mC:/laragon/www/keuanganKeluarga/backend/internal/config/database.go:213
[0m[33m[0.000ms] [34;1m[rows:0][0m 
			CREATE TABLE IF NOT EXISTS transactions_2026_06 
			PARTITION OF transactions 
			FOR VALUES FROM ('2026-06-01') TO ('2026-07-01');
		

2026/03/14 02:40:19 [32mC:/laragon/www/keuanganKeluarga/backend/internal/config/database.go:213
[0m[33m[0.000ms] [34;1m[rows:0][0m 
			CREATE TABLE IF NOT EXISTS transactions_2026_07 
			PARTITION OF transactions 
			FOR VALUES FROM ('2026-07-01') TO ('2026-08-01');
		

2026/03/14 02:40:19 [32mC:/laragon/www/keuanganKeluarga/backend/internal/config/database.go:213
[0m[33m[0.000ms] [34;1m[rows:0][0m 
			CREATE TABLE IF NOT EXISTS transactions_2026_08 
			PARTITION OF transactions 
			FOR VALUES FROM ('2026-08-01') TO ('2026-09-01');
		

2026/03/14 02:40:19 [32mC:/laragon/www/keuanganKeluarga/backend/internal/config/database.go:213
[0m[33m[0.000ms] [34;1m[rows:0][0m 
			CREATE TABLE IF NOT EXISTS transactions_2026_09 
			PARTITION OF transactions 
			FOR VALUES FROM ('2026-09-01') TO ('2026-10-01');
		

2026/03/14 02:40:19 [32mC:/laragon/www/keuanganKeluarga/backend/internal/config/database.go:213
[0m[33m[0.000ms] [34;1m[rows:0][0m 
			CREATE TABLE IF NOT EXISTS transactions_2026_10 
			PARTITION OF transactions 
			FOR VALUES FROM ('2026-10-01') TO ('2026-11-01');
		

2026/03/14 02:40:19 [32mC:/laragon/www/keuanganKeluarga/backend/internal/config/database.go:213
[0m[33m[0.000ms] [34;1m[rows:0][0m 
			CREATE TABLE IF NOT EXISTS transactions_2026_11 
			PARTITION OF transactions 
			FOR VALUES FROM ('2026-11-01') TO ('2026-12-01');
		

2026/03/14 02:40:19 [32mC:/laragon/www/keuanganKeluarga/backend/internal/config/database.go:213
[0m[33m[0.000ms] [34;1m[rows:0][0m 
			CREATE TABLE IF NOT EXISTS transactions_2026_12 
			PARTITION OF transactions 
2026/03/14 02:40:19 
Database partitioning 
(SAS Method) verified
			FOR VALUES FROM ('2026-12-01') TO ('2027-01-01');
		
2026/03/14 02:40:19 
Applying financial 
integrity 
constraints...

2026/03/14 02:40:19 [32mC:/laragon/www/keuanganKeluarga/backend/internal/config/database.go:92
[0m[33m[1.009ms] [34;1m[rows:0][0m ALTER TABLE wallets DROP CONSTRAINT IF EXISTS wallets_balance_non_negative;

2026/03/14 02:40:19 [32mC:/laragon/www/keuanganKeluarga/backend/internal/config/database.go:93
[0m[33m[1.011ms] [34;1m[rows:0][0m DO $$ BEGIN IF NOT EXISTS (SELECT 1 FROM pg_constraint WHERE conname = 'wallets_name_not_empty') THEN ALTER TABLE wallets ADD CONSTRAINT wallets_name_not_empty CHECK (name <> ''); END IF; END $$;

2026/03/14 02:40:19 [32mC:/laragon/www/keuanganKeluarga/backend/internal/config/database.go:96
[0m[33m[0.952ms] [34;1m[rows:0][0m ALTER TABLE savings ADD COLUMN IF NOT EXISTS category VARCHAR(255) DEFAULT 'savings';

2026/03/14 02:40:19 [32mC:/laragon/www/keuanganKeluarga/backend/internal/config/database.go:97
[0m[33m[0.506ms] [34;1m[rows:0][0m ALTER TABLE savings ADD COLUMN IF NOT EXISTS emoji VARCHAR(50);

2026/03/14 02:40:19 [32mC:/laragon/www/keuanganKeluarga/backend/internal/config/database.go:98
[0m[33m[0.000ms] [34;1m[rows:0][0m ALTER TABLE savings ADD COLUMN IF NOT EXISTS due_date INTEGER DEFAULT 0;

2026/03/14 02:40:19 [32mC:/laragon/www/keuanganKeluarga/backend/internal/config/database.go:99
[0m[33m[0.511ms] [34;1m[rows:0][0m DO $$ BEGIN IF NOT EXISTS (SELECT 1 FROM pg_constraint WHERE conname = 'savings_target_positive') THEN ALTER TABLE savings ADD CONSTRAINT savings_target_positive CHECK (target_amount > 0); END IF; END $$;

2026/03/14 02:40:19 [32mC:/laragon/www/keuanganKeluarga/backend/internal/config/database.go:101
[0m[33m[0.000ms] [34;1m[rows:0][0m ALTER TABLE savings DROP CONSTRAINT IF EXISTS savings_balance_non_negative;

2026/03/14 02:40:19 [32mC:/laragon/www/keuanganKeluarga/backend/internal/config/database.go:104
[0m[33m[0.610ms] [34;1m[rows:0][0m DO $$ BEGIN IF NOT EXISTS (SELECT 1 FROM pg_constraint WHERE conname = 'debts_total_positive') THEN ALTER TABLE debts ADD CONSTRAINT debts_total_positive CHECK (total_amount > 0); END IF; END $$;

2026/03/14 02:40:19 [32mC:/laragon/www/keuanganKeluarga/backend/internal/config/database.go:105
[0m[33m[0.510ms] [34;1m[rows:0][0m DO $$ BEGIN IF NOT EXISTS (SELECT 1 FROM pg_constraint WHERE conname = 'debts_remaining_non_negative') THEN ALTER TABLE debts ADD CONSTRAINT debts_remaining_non_negative CHECK (remaining_amount >= 0); END IF; END $$;

2026/03/14 02:40:19 [32mC:/laragon/www/keuanganKeluarga/backend/internal/config/database.go:108
[0m[33m[0.000ms] [34;1m[rows:0][0m DO $$ BEGIN IF NOT EXISTS (SELECT 1 FROM pg_constraint WHERE conname = 'debt_payments_amount_positive') THEN ALTER TABLE debt_payments ADD CONSTRAINT debt_payments_amount_positive CHECK (amount > 0); END IF; END $$;

2026/03/14 02:40:19 [32mC:/laragon/www/keuanganKeluarga/backend/internal/config/database.go:111
[0m[33m[0.516ms] [34;1m[rows:0][0m DO $$ BEGIN IF NOT EXISTS (SELECT 1 FROM pg_constraint WHERE conname = 'transactions_amount_positive') THEN ALTER TABLE transactions ADD CONSTRAINT transactions_amount_positive CHECK (amount > 0); END IF; END $$;
2026/03/14 02:40:19 
Financial integrity 
constraints (CHECK) 
applied
2026/03/14 02:40:19 
Database 
initialization and 
migrations completed

2026/03/14 02:40:19 [32mC:/laragon/www/keuanganKeluarga/backend/test_balance_logic.go:33
[0m[33m[3.333ms] [34;1m[rows:1][0m INSERT INTO "wallets" ("id","family_id","name","wallet_type","account_number","balance","created_at") VALUES ('8b5bfba0-82ce-46f8-adf4-575a9f9784af','1987f931-88d9-424d-b9dd-bcf1d0f665e3','Test Wallet','','',1000,'2026-03-14 02:40:19.835')
--- Test 1: Reverting Income causing negative balance ---

2026/03/14 02:40:19 [32mC:/laragon/www/keuanganKeluarga/backend/internal/services/finance_service.go:258
[0m[33m[1.532ms] [34;1m[rows:1][0m SELECT * FROM "wallets" WHERE id = '8b5bfba0-82ce-46f8-adf4-575a9f9784af' ORDER BY "wallets"."id" LIMIT 1

2026/03/14 02:40:19 [32mC:/laragon/www/keuanganKeluarga/backend/internal/services/finance_service.go:262
[0m[33m[2.899ms] [34;1m[rows:1][0m UPDATE "wallets" SET "family_id"='1987f931-88d9-424d-b9dd-bcf1d0f665e3',"name"='Test Wallet',"wallet_type"='',"account_number"='',"balance"=2000,"created_at"='2026-03-14 02:40:19.835' WHERE "id" = '8b5bfba0-82ce-46f8-adf4-575a9f9784af'

2026/03/14 02:40:19 [32mC:/laragon/www/keuanganKeluarga/backend/internal/services/finance_service.go:347
[0m[33m[1.296ms] [34;1m[rows:1][0m INSERT INTO "transactions" ("id","family_id","user_id","wallet_id","to_wallet_id","saving_id","type","amount","fee","category","date","description","created_at") VALUES ('361c3047-d742-4417-97eb-97bf850b48d9','1987f931-88d9-424d-b9dd-bcf1d0f665e3','8bf4d94b-bb3f-427a-92a2-cf1f7088243f','8b5bfba0-82ce-46f8-adf4-575a9f9784af',NULL,NULL,'income',1000,0,'','2026-03-14 02:40:19.844','Initial Income','2026-03-14 02:40:19.844')

2026/03/14 02:40:19 [32mC:/laragon/www/keuanganKeluarga/backend/test_balance_logic.go:54
[0m[33m[0.513ms] [34;1m[rows:1][0m SELECT * FROM "wallets" WHERE "wallets"."id" = '8b5bfba0-82ce-46f8-adf4-575a9f9784af' AND "wallets"."id" = '8b5bfba0-82ce-46f8-adf4-575a9f9784af' ORDER BY "wallets"."id" LIMIT 1
Wallet balance: 2000.000000

2026/03/14 02:40:19 [32mC:/laragon/www/keuanganKeluarga/backend/internal/services/finance_service.go:266
[0m[33m[0.000ms] [34;1m[rows:1][0m SELECT * FROM "wallets" WHERE id = '8b5bfba0-82ce-46f8-adf4-575a9f9784af' ORDER BY "wallets"."id" LIMIT 1

2026/03/14 02:40:19 [32mC:/laragon/www/keuanganKeluarga/backend/internal/services/finance_service.go:273
[0m[33m[0.000ms] [34;1m[rows:1][0m UPDATE "wallets" SET "family_id"='1987f931-88d9-424d-b9dd-bcf1d0f665e3',"name"='Test Wallet',"wallet_type"='',"account_number"='',"balance"=500,"created_at"='2026-03-14 02:40:19.835' WHERE "id" = '8b5bfba0-82ce-46f8-adf4-575a9f9784af'

2026/03/14 02:40:19 [32mC:/laragon/www/keuanganKeluarga/backend/internal/services/finance_service.go:347
[0m[33m[0.000ms] [34;1m[rows:1][0m INSERT INTO "transactions" ("id","family_id","user_id","wallet_id","to_wallet_id","saving_id","type","amount","fee","category","date","description","created_at") VALUES ('275b66a8-e270-49c0-b591-ee54f5ee8340','1987f931-88d9-424d-b9dd-bcf1d0f665e3','8bf4d94b-bb3f-427a-92a2-cf1f7088243f','8b5bfba0-82ce-46f8-adf4-575a9f9784af',NULL,NULL,'expense',1500,0,'','2026-03-14 02:40:19.848','Withdrawal','2026-03-14 02:40:19.848')

2026/03/14 02:40:19 [32mC:/laragon/www/keuanganKeluarga/backend/test_balance_logic.go:70
[0m[33m[0.000ms] [34;1m[rows:1][0m SELECT * FROM "wallets" WHERE "wallets"."id" = '8b5bfba0-82ce-46f8-adf4-575a9f9784af' AND "wallets"."id" = '8b5bfba0-82ce-46f8-adf4-575a9f9784af' ORDER BY "wallets"."id" LIMIT 1
Wallet balance after withdrawal: 500.000000

2026/03/14 02:40:19 [32mC:/laragon/www/keuanganKeluarga/backend/internal/repositories/finance_repository.go:185
[0m[33m[92.491ms] [34;1m[rows:1][0m SELECT * FROM "transactions" WHERE id = '361c3047-d742-4417-97eb-97bf850b48d9' ORDER BY "transactions"."id" LIMIT 1

2026/03/14 02:40:19 [32mC:/laragon/www/keuanganKeluarga/backend/internal/services/finance_service.go:177
[0m[33m[0.000ms] [34;1m[rows:1][0m SELECT * FROM "wallets" WHERE id = '8b5bfba0-82ce-46f8-adf4-575a9f9784af' ORDER BY "wallets"."id" LIMIT 1
Expected error caught: gagal menghapus: saldo Test Wallet tidak cukup untuk ditarik kembali
--- Test 2: Expense linked to Saving Goal ---

2026/03/14 02:40:19 [32mC:/laragon/www/keuanganKeluarga/backend/test_balance_logic.go:89
[0m[33m[2.338ms] [34;1m[rows:1][0m INSERT INTO "savings" ("id","family_id","name","budget_category_id","category","target_amount","current_balance","emoji","due_date","created_at") VALUES ('cd3ef0da-6890-4f15-bf8a-d64ae0b7ea05','1987f931-88d9-424d-b9dd-bcf1d0f665e3','Emergency Fund',NULL,'savings',5000,1000,'',0,'2026-03-14 02:40:19.946')

2026/03/14 02:40:19 [32mC:/laragon/www/keuanganKeluarga/backend/internal/services/finance_service.go:266
[0m[33m[0.000ms] [34;1m[rows:1][0m SELECT * FROM "wallets" WHERE id = '8b5bfba0-82ce-46f8-adf4-575a9f9784af' ORDER BY "wallets"."id" LIMIT 1
Expected error caught for budget overspend: insufficient balance in Test Wallet
--- Tests Completed ---

2026/03/14 02:40:19 [32mC:/laragon/www/keuanganKeluarga/backend/test_balance_logic.go:112
[0m[33m[0.520ms] [34;1m[rows:1][0m DELETE FROM "savings" WHERE "savings"."id" = 'cd3ef0da-6890-4f15-bf8a-d64ae0b7ea05'

2026/03/14 02:40:19 [32mC:/laragon/www/keuanganKeluarga/backend/test_balance_logic.go:112
[0m[33m[1.247ms] [34;1m[rows:1][0m DELETE FROM "transactions" WHERE ("transactions"."id","transactions"."family_id","transactions"."date") IN (('275b66a8-e270-49c0-b591-ee54f5ee8340','1987f931-88d9-424d-b9dd-bcf1d0f665e3','2026-03-14 02:40:19.848'))

2026/03/14 02:40:19 [32mC:/laragon/www/keuanganKeluarga/backend/test_balance_logic.go:112
[0m[33m[0.705ms] [34;1m[rows:1][0m DELETE FROM "transactions" WHERE ("transactions"."id","transactions"."family_id","transactions"."date") IN (('361c3047-d742-4417-97eb-97bf850b48d9','1987f931-88d9-424d-b9dd-bcf1d0f665e3','2026-03-14 02:40:19.844'))

2026/03/14 02:40:19 [32mC:/laragon/www/keuanganKeluarga/backend/test_balance_logic.go:112
[0m[33m[0.510ms] [34;1m[rows:1][0m DELETE FROM "wallets" WHERE "wallets"."id" = '8b5bfba0-82ce-46f8-adf4-575a9f9784af'
